data/beer.csv
store,week,brand,upc,qty,price,sales_indicator,city,price_tier,zone,zip,address,latitude,longtitude,start_of_week,is_holiday_week,imported
86,91,Miller,3410000554,15,3.69,FALSE,Chicago,medium,2,60618,3350 Western Ave,41.9423532,-87.6899901,1991-06-06,FALSE,domestic
86,92,Miller,3410000554,117,2.99,FALSE,Chicago,medium,2,60618,3350 Western Ave,41.9423532,-87.6899901,1991-06-13,FALSE,domestic
86,93,Miller,3410000554,118,2.99,FALSE,Chicago,medium,2,60618,3350 Western Ave,41.9423532,-87.6899901,1991-06-20,FALSE,domestic
86,94,Miller,3410000554,28,3.69,FALSE,Chicago,medium,2,60618,3350 Western Ave,41.9423532,-87.6899901,1991-06-27,FALSE,domestic
86,95,Miller,3410000554,33,3.69,FALSE,Chicago,medium,2,60618,3350 Western Ave,41.9423532,-87.6899901,1991-07-04,TRUE,domestic
86,96,Miller,3410000554,32,3.69,FALSE,Chicago,medium,2,60618,3350 Western Ave,41.9423532,-87.6899901,1991-07-11,FALSE,domestic
86,97,Miller,3410000554,26,3.69,FALSE,Chicago,medium,2,60618,3350 Western Ave,41.9423532,-87.6899901,1991-07-18,FALSE,domestic
86,98,Miller,3410000554,31,3.69,FALSE,Chicago,medium,2,60618,3350 Western Ave,41.9423532,-87.6899901,1991-07-25,FALSE,domestic
86,99,Miller,3410000554,95,2.99,FALSE,Chicago,medium,2,60618,3350 Western Ave,41.9423532,-87.6899901,1991-08-01,FALSE,domestic
86,100,Miller,3410000554,104,2.99,FALSE,Chicago,medium,2,60618,3350 Western Ave,41.9423532,-87.6899901,1991-08-08,FALSE,domestic
86,101,Miller,3410000554,28,3.59,FALSE,Chicago,medium,2,60618,3350 Western Ave,41.9423532,-87.6899901,1991-08-15,FALSE,domestic
86,102,Miller,3410000554,22,3.59,FALSE,Chicago,medium,2,60618,3350 Western Ave,41.9423532,-87.6899901,1991-08-22,FALSE,domestic
86,103,Miller,3410000554,17,3.59,FALSE,Chicago,medium,2,60618,3350 Western Ave,41.9423532,-87.6899901,1991-08-29,TRUE,domestic
86,104,Miller,3410000554,21,3.59,FALSE,Chicago,medium,2,60618,3350 Western Ave,41.9423532,-87.6899901,1991-09-05,FALSE,domestic
86,105,Miller,3410000554,116,2.99,FALSE,Chicago,medium,2,60618,3350 Western Ave,41.9423532,-87.6899901,1991-09-12,FALSE,domestic
86,106,Miller,3410000554,122,2.99,FALSE,Chicago,medium,2,60618,3350 Western Ave,41.9423532,-87.6899901,1991-09-19,FALSE,domestic
86,107,Miller,3410000554,60,3.59,FALSE,Chicago,medium,2,60618,3350 Western Ave,41.9423532,-87.6899901,1991-09-26,FALSE,domestic
86,108,Miller,3410000554,56,3.49,FALSE,Chicago,medium,2,60618,3350 Western Ave,41.9423532,-87.6899901,1991-10-03,FALSE,domestic
86,109,Miller,3410000554,35,3.49,FALSE,Chicago,medium,2,60618,3350 Western Ave,41.9423532,-87.6899901,1991-10-10,TRUE,domestic
86,110,Miller,3410000554,54,3.49,FALSE,Chicago,medium,2,60618,3350 Western Ave,41.9423532,-87.6899901,1991-10-17,FALSE,domestic
86,111,Miller,3410000554,17,3.49,FALSE,Chicago,medium,2,60618,3350 Western Ave,41.9423532,-87.6899901,1991-10-24,FALSE,domestic
86,112,Miller,3410000554,16,3.49,FALSE,Chicago,medium,2,60618,3350 Western Ave,41.9423532,-87.6899901,1991-10-31,TRUE,domestic
86,113,Miller,3410000554,20,3.49,FALSE,Chicago,medium,2,60618,3350 Western Ave,41.9423532,-87.6899901,1991-11-07,TRUE,domestic
86,114,Miller,3410000554,19,3.49,FALSE,Chicago,medium,2,60618,3350 Western Ave,41.9423532,-87.6899901,1991-11-14,FALSE,domestic
86,115,Miller,3410000554,20,3.49,FALSE,Chicago,medium,2,60618,3350 Western Ave,41.9423532,-87.6899901,1991-11-21,FALSE,domestic
86,116,Miller,3410000554,9,3.49,FALSE,Chicago,medium,2,60618,3350 Western Ave,41.9423532,-87.6899901,1991-11-28,TRUE,domestic
86,117,Miller,3410000554,21,3.49,FALSE,Chicago,medium,2,60618,3350 Western Ave,41.9423532,-87.6899901,1991-12-05,FALSE,domestic
86,118,Miller,3410000554,67,2.99,FALSE,Chicago,medium,2,60618,3350 Western Ave,41.9423532,-87.6899901,1991-12-12,FALSE,domestic
86,119,Miller,3410000554,46,2.99,FALSE,Chicago,medium,2,60618,3350 Western Ave,41.9423532,-87.6899901,1991-12-19,TRUE,domestic
86,120,Miller,3410000554,17,3.49,FALSE,Chicago,medium,2,60618,3350 Western Ave,41.9423532,-87.6899901,1991-12-26,TRUE,domestic
86,121,Miller,3410000554,19,3.49,FALSE,Chicago,medium,2,60618,3350 Western Ave,41.9423532,-87.6899901,1992-01-02,FALSE,domestic
86,122,Miller,3410000554,19,3.49,FALSE,Chicago,medium,2,60618,3350 Western Ave,41.9423532,-87.6899901,1992-01-09,FALSE,domestic
86,123,Miller,3410000554,19,3.79,FALSE,Chicago,medium,2,60618,3350 Western Ave,41.9423532,-87.6899901,1992-01-16,TRUE,domestic
86,124,Miller,3410000554,18,3.79,FALSE,Chicago,medium,2,60618,3350 Western Ave,41.9423532,-87.6899901,1992-01-23,FALSE,domestic
86,125,Miller,3410000554,9,3.79,FALSE,Chicago,medium,2,60618,3350 Western Ave,41.9423532,-87.6899901,1992-01-30,FALSE,domestic
86,126,Miller,3410000554,26,3.19,FALSE,Chicago,medium,2,60618,3350 Western Ave,41.9423532,-87.6899901,1992-02-06,TRUE,domestic
86,127,Miller,3410000554,94,3.19,FALSE,Chicago,medium,2,60618,3350 Western Ave,41.9423532,-87.6899901,1992-02-13,TRUE,domestic
86,128,Miller,3410000554,33,3.69,FALSE,Chicago,medium,2,60618,3350 Western Ave,41.9423532,-87.6899901,1992-02-20,TRUE,domestic
86,129,Miller,3410000554,21,3.69,FALSE,Chicago,medium,2,60618,3350 Western Ave,41.9423532,-87.6899901,1992-02-27,TRUE,domestic
86,130,Miller,3410000554,22,3.69,FALSE,Chicago,medium,2,60618,3350 Western Ave,41.9423532,-87.6899901,1992-03-05,FALSE,domestic
86,131,Miller,3410000554,14,3.69,FALSE,Chicago,medium,2,60618,3350 Western Ave,41.9423532,-87.6899901,1992-03-12,FALSE,domestic
86,132,Miller,3410000554,10,3.69,FALSE,Chicago,medium,2,60618,3350 Western Ave,41.9423532,-87.6899901,1992-03-19,FALSE,domestic
86,133,Miller,3410000554,19,3.69,FALSE,Chicago,medium,2,60618,3350 Western Ave,41.9423532,-87.6899901,1992-03-26,FALSE,domestic
86,134,Miller,3410000554,90,3.19,FALSE,Chicago,medium,2,60618,3350 Western Ave,41.9423532,-87.6899901,1992-04-02,FALSE,domestic
86,135,Miller,3410000554,111,3.19,FALSE,Chicago,medium,2,60618,3350 Western Ave,41.9423532,-87.6899901,1992-04-09,FALSE,domestic
86,136,Miller,3410000554,20,3.69,FALSE,Chicago,medium,2,60618,3350 Western Ave,41.9423532,-87.6899901,1992-04-16,TRUE,domestic
86,137,Miller,3410000554,18,3.69,FALSE,Chicago,medium,2,60618,3350 Western Ave,41.9423532,-87.6899901,1992-04-23,FALSE,domestic
86,138,Miller,3410000554,21,3.69,FALSE,Chicago,medium,2,60618,3350 Western Ave,41.9423532,-87.6899901,1992-04-30,FALSE,domestic
86,139,Miller,3410000554,25,3.69,FALSE,Chicago,medium,2,60618,3350 Western Ave,41.9423532,-87.6899901,1992-05-07,FALSE,domestic
86,140,Miller,3410000554,25,3.69,FALSE,Chicago,medium,2,60618,3350 Western Ave,41.9423532,-87.6899901,1992-05-14,FALSE,domestic
86,141,Miller,3410000554,20,3.69,FALSE,Chicago,medium,2,60618,3350 Western Ave,41.9423532,-87.6899901,1992-05-21,TRUE,domestic
86,142,Miller,3410000554,31,3.69,FALSE,Chicago,medium,2,60618,3350 Western Ave,41.9423532,-87.6899901,1992-05-28,TRUE,domestic
86,143,Miller,3410000554,22,3.69,FALSE,Chicago,medium,2,60618,3350 Western Ave,41.9423532,-87.6899901,1992-06-04,FALSE,domestic
86,144,Miller,3410000554,30,3.69,FALSE,Chicago,medium,2,60618,3350 Western Ave,41.9423532,-87.6899901,1992-06-11,FALSE,domestic
86,145,Miller,3410000554,38,3.69,FALSE,Chicago,medium,2,60618,3350 Western Ave,41.9423532,-87.6899901,1992-06-18,FALSE,domestic
86,146,Miller,3410000554,18,3.69,FALSE,Chicago,medium,2,60618,3350 Western Ave,41.9423532,-87.6899901,1992-06-25,FALSE,domestic
86,147,Miller,3410000554,20,3.69,FALSE,Chicago,medium,2,60618,3350 Western Ave,41.9423532,-87.6899901,1992-07-02,TRUE,domestic
86,148,Miller,3410000554,26,3.69,FALSE,Chicago,medium,2,60618,3350 Western Ave,41.9423532,-87.6899901,1992-07-09,FALSE,domestic
86,149,Miller,3410000554,24,3.69,FALSE,Chicago,medium,2,60618,3350 Western Ave,41.9423532,-87.6899901,1992-07-16,FALSE,domestic
86,150,Miller,3410000554,79,3.19,FALSE,Chicago,medium,2,60618,3350 Western Ave,41.9423532,-87.6899901,1992-07-23,FALSE,domestic
86,152,Miller,3410000554,79,3.79,FALSE,Chicago,medium,2,60618,3350 Western Ave,41.9423532,-87.6899901,1992-08-06,FALSE,domestic
86,153,Miller,3410000554,74,3.79,FALSE,Chicago,medium,2,60618,3350 Western Ave,41.9423532,-87.6899901,1992-08-13,FALSE,domestic
86,154,Miller,3410000554,67,3.79,FALSE,Chicago,medium,2,60618,3350 Western Ave,41.9423532,-87.6899901,1992-08-20,FALSE,domestic
86,155,Miller,3410000554,36,3.79,FALSE,Chicago,medium,2,60618,3350 Western Ave,41.9423532,-87.6899901,1992-08-27,FALSE,domestic
86,156,Miller,3410000554,21,3.79,FALSE,Chicago,medium,2,60618,3350 Western Ave,41.9423532,-87.6899901,1992-09-03,TRUE,domestic
86,157,Miller,3410000554,115,2.99,FALSE,Chicago,medium,2,60618,3350 Western Ave,41.9423532,-87.6899901,1992-09-10,FALSE,domestic
86,158,Miller,3410000554,120,2.99,FALSE,Chicago,medium,2,60618,3350 Western Ave,41.9423532,-87.6899901,1992-09-17,FALSE,domestic
86,159,Miller,3410000554,50,3.79,FALSE,Chicago,medium,2,60618,3350 Western Ave,41.9423532,-87.6899901,1992-09-24,FALSE,domestic
86,160,Miller,3410000554,55,3.79,FALSE,Chicago,medium,2,60618,3350 Western Ave,41.9423532,-87.6899901,1992-10-01,FALSE,domestic
86,161,Miller,3410000554,14,3.79,FALSE,Chicago,medium,2,60618,3350 Western Ave,41.9423532,-87.6899901,1992-10-08,TRUE,domestic
86,162,Miller,3410000554,35,3.79,FALSE,Chicago,medium,2,60618,3350 Western Ave,41.9423532,-87.6899901,1992-10-15,FALSE,domestic
86,163,Miller,3410000554,41,3.79,FALSE,Chicago,medium,2,60618,3350 Western Ave,41.9423532,-87.6899901,1992-10-22,FALSE,domestic
86,164,Miller,3410000554,9,3.79,FALSE,Chicago,medium,2,60618,3350 Western Ave,41.9423532,-87.6899901,1992-10-29,TRUE,domestic
86,165,Miller,3410000554,12,3.79,FALSE,Chicago,medium,2,60618,3350 Western Ave,41.9423532,-87.6899901,1992-11-05,TRUE,domestic
86,166,Miller,3410000554,7,3.79,FALSE,Chicago,medium,2,60618,3350 Western Ave,41.9423532,-87.6899901,1992-11-12,FALSE,domestic
86,167,Miller,3410000554,18,3.79,FALSE,Chicago,medium,2,60618,3350 Western Ave,41.9423532,-87.6899901,1992-11-19,FALSE,domestic
86,168,Miller,3410000554,19,3.79,FALSE,Chicago,medium,2,60618,3350 Western Ave,41.9423532,-87.6899901,1992-11-26,TRUE,domestic
86,169,Miller,3410000554,114,3.19,FALSE,Chicago,medium,2,60618,3350 Western Ave,41.9423532,-87.6899901,1992-12-03,FALSE,domestic
86,170,Miller,3410000554,102,3.19,FALSE,Chicago,medium,2,60618,3350 Western Ave,41.9423532,-87.6899901,1992-12-10,FALSE,domestic
86,171,Miller,3410000554,23,3.79,FALSE,Chicago,medium,2,60618,3350 Western Ave,41.9423532,-87.6899901,1992-12-17,FALSE,domestic
86,172,Miller,3410000554,13,3.79,FALSE,Chicago,medium,2,60618,3350 Western Ave,41.9423532,-87.6899901,1992-12-24,TRUE,domestic
86,173,Miller,3410000554,13,3.79,FALSE,Chicago,medium,2,60618,3350 Western Ave,41.9423532,-87.6899901,1992-12-31,TRUE,domestic
86,174,Miller,3410000554,15,3.79,FALSE,Chicago,medium,2,60618,3350 Western Ave,41.9423532,-87.6899901,1993-01-07,FALSE,domestic
86,175,Miller,3410000554,18,3.79,FALSE,Chicago,medium,2,60618,3350 Western Ave,41.9423532,-87.6899901,1993-01-14,TRUE,domestic
86,176,Miller,3410000554,16,3.79,FALSE,Chicago,medium,2,60618,3350 Western Ave,41.9423532,-87.6899901,1993-01-21,FALSE,domestic
86,177,Miller,3410000554,13,3.79,FALSE,Chicago,medium,2,60618,3350 Western Ave,41.9423532,-87.6899901,1993-01-28,FALSE,domestic
86,178,Miller,3410000554,103,3.19,FALSE,Chicago,medium,2,60618,3350 Western Ave,41.9423532,-87.6899901,1993-02-04,FALSE,domestic
86,179,Miller,3410000554,69,3.79,FALSE,Chicago,medium,2,60618,3350 Western Ave,41.9423532,-87.6899901,1993-02-11,TRUE,domestic
86,180,Miller,3410000554,33,3.79,FALSE,Chicago,medium,2,60618,3350 Western Ave,41.9423532,-87.6899901,1993-02-18,TRUE,domestic
86,181,Miller,3410000554,105,3.19,TRUE,Chicago,medium,2,60618,3350 Western Ave,41.9423532,-87.6899901,1993-02-25,TRUE,domestic
86,182,Miller,3410000554,25,3.79,FALSE,Chicago,medium,2,60618,3350 Western Ave,41.9423532,-87.6899901,1993-03-04,FALSE,domestic
86,183,Miller,3410000554,19,3.79,FALSE,Chicago,medium,2,60618,3350 Western Ave,41.9423532,-87.6899901,1993-03-11,FALSE,domestic
86,184,Miller,3410000554,26,3.79,FALSE,Chicago,medium,2,60618,3350 Western Ave,41.9423532,-87.6899901,1993-03-18,FALSE,domestic
86,185,Miller,3410000554,86,3.49,FALSE,Chicago,medium,2,60618,3350 Western Ave,41.9423532,-87.6899901,1993-03-25,FALSE,domestic
86,186,Miller,3410000554,92,3.49,FALSE,Chicago,medium,2,60618,3350 Western Ave,41.9423532,-87.6899901,1993-04-01,FALSE,domestic
86,187,Miller,3410000554,64,3.79,FALSE,Chicago,medium,2,60618,3350 Western Ave,41.9423532,-87.6899901,1993-04-08,TRUE,domestic
86,188,Miller,3410000554,43,3.79,FALSE,Chicago,medium,2,60618,3350 Western Ave,41.9423532,-87.6899901,1993-04-15,FALSE,domestic
86,189,Miller,3410000554,40,3.79,FALSE,Chicago,medium,2,60618,3350 Western Ave,41.9423532,-87.6899901,1993-04-22,FALSE,domestic
86,190,Miller,3410000554,44,3.79,FALSE,Chicago,medium,2,60618,3350 Western Ave,41.9423532,-87.6899901,1993-04-29,FALSE,domestic
86,191,Miller,3410000554,23,3.79,FALSE,Chicago,medium,2,60618,3350 Western Ave,41.9423532,-87.6899901,1993-05-06,FALSE,domestic
86,192,Miller,3410000554,17,3.79,FALSE,Chicago,medium,2,60618,3350 Western Ave,41.9423532,-87.6899901,1993-05-13,FALSE,domestic
86,193,Miller,3410000554,14,3.79,FALSE,Chicago,medium,2,60618,3350 Western Ave,41.9423532,-87.6899901,1993-05-20,FALSE,domestic
86,194,Miller,3410000554,25,3.79,FALSE,Chicago,medium,2,60618,3350 Western Ave,41.9423532,-87.6899901,1993-05-27,TRUE,domestic
86,195,Miller,3410000554,210,3.19,FALSE,Chicago,medium,2,60618,3350 Western Ave,41.9423532,-87.6899901,1993-06-03,FALSE,domestic
86,196,Miller,3410000554,117,3.19,FALSE,Chicago,medium,2,60618,3350 Western Ave,41.9423532,-87.6899901,1993-06-10,FALSE,domestic
86,197,Miller,3410000554,54,3.79,FALSE,Chicago,medium,2,60618,3350 Western Ave,41.9423532,-87.6899901,1993-06-17,FALSE,domestic
86,198,Miller,3410000554,10,3.89,FALSE,Chicago,medium,2,60618,3350 Western Ave,41.9423532,-87.6899901,1993-06-24,FALSE,domestic
86,199,Miller,3410000554,42,3.59,FALSE,Chicago,medium,2,60618,3350 Western Ave,41.9423532,-87.6899901,1993-07-01,TRUE,domestic
86,200,Miller,3410000554,98,3.09,FALSE,Chicago,medium,2,60618,3350 Western Ave,41.9423532,-87.6899901,1993-07-08,FALSE,domestic
86,201,Miller,3410000554,106,3.09,FALSE,Chicago,medium,2,60618,3350 Western Ave,41.9423532,-87.6899901,1993-07-15,FALSE,domestic
86,202,Miller,3410000554,45,3.99,FALSE,Chicago,medium,2,60618,3350 Western Ave,41.9423532,-87.6899901,1993-07-22,FALSE,domestic
86,203,Miller,3410000554,7,3.99,FALSE,Chicago,medium,2,60618,3350 Western Ave,41.9423532,-87.6899901,1993-07-29,FALSE,domestic
86,204,Miller,3410000554,14,3.99,FALSE,Chicago,medium,2,60618,3350 Western Ave,41.9423532,-87.6899901,1993-08-05,FALSE,domestic
86,205,Miller,3410000554,43,3.99,FALSE,Chicago,medium,2,60618,3350 Western Ave,41.9423532,-87.6899901,1993-08-12,FALSE,domestic
86,206,Miller,3410000554,6,3.99,FALSE,Chicago,medium,2,60618,3350 Western Ave,41.9423532,-87.6899901,1993-08-19,FALSE,domestic
86,207,Miller,3410000554,7,3.99,FALSE,Chicago,medium,2,60618,3350 Western Ave,41.9423532,-87.6899901,1993-08-26,FALSE,domestic
86,208,Miller,3410000554,11,3.99,FALSE,Chicago,medium,2,60618,3350 Western Ave,41.9423532,-87.6899901,1993-09-02,TRUE,domestic
86,209,Miller,3410000554,4,3.99,FALSE,Chicago,medium,2,60618,3350 Western Ave,41.9423532,-87.6899901,1993-09-09,FALSE,domestic
86,210,Miller,3410000554,6,3.99,FALSE,Chicago,medium,2,60618,3350 Western Ave,41.9423532,-87.6899901,1993-09-16,FALSE,domestic
86,211,Miller,3410000554,22,3.99,FALSE,Chicago,medium,2,60618,3350 Western Ave,41.9423532,-87.6899901,1993-09-23,FALSE,domestic
86,212,Miller,3410000554,13,3.99,FALSE,Chicago,medium,2,60618,3350 Western Ave,41.9423532,-87.6899901,1993-09-30,FALSE,domestic
86,213,Miller,3410000554,5,3.99,FALSE,Chicago,medium,2,60618,3350 Western Ave,41.9423532,-87.6899901,1993-10-07,TRUE,domestic
86,214,Miller,3410000554,1,3.99,FALSE,Chicago,medium,2,60618,3350 Western Ave,41.9423532,-87.6899901,1993-10-14,FALSE,domestic
86,215,Miller,3410000554,9,3.99,FALSE,Chicago,medium,2,60618,3350 Western Ave,41.9423532,-87.6899901,1993-10-21,FALSE,domestic
86,216,Miller,3410000554,1,3.99,FALSE,Chicago,medium,2,60618,3350 Western Ave,41.9423532,-87.6899901,1993-10-28,TRUE,domestic
86,217,Miller,3410000554,41,3.19,FALSE,Chicago,medium,2,60618,3350 Western Ave,41.9423532,-87.6899901,1993-11-04,FALSE,domestic
86,218,Miller,3410000554,43,3.19,FALSE,Chicago,medium,2,60618,3350 Western Ave,41.9423532,-87.6899901,1993-11-11,TRUE,domestic
86,220,Miller,3410000554,5,3.54,FALSE,Chicago,medium,2,60618,3350 Western Ave,41.9423532,-87.6899901,1993-11-25,TRUE,domestic
86,221,Miller,3410000554,3,3.99,FALSE,Chicago,medium,2,60618,3350 Western Ave,41.9423532,-87.6899901,1993-12-02,FALSE,domestic
86,222,Miller,3410000554,5,3.99,FALSE,Chicago,medium,2,60618,3350 Western Ave,41.9423532,-87.6899901,1993-12-09,FALSE,domestic
86,223,Miller,3410000554,2,3.89,FALSE,Chicago,medium,2,60618,3350 Western Ave,41.9423532,-87.6899901,1993-12-16,FALSE,domestic
86,224,Miller,3410000554,5,3.79,FALSE,Chicago,medium,2,60618,3350 Western Ave,41.9423532,-87.6899901,1993-12-23,TRUE,domestic
86,225,Miller,3410000554,6,3.79,FALSE,Chicago,medium,2,60618,3350 Western Ave,41.9423532,-87.6899901,1993-12-30,TRUE,domestic
86,226,Miller,3410000554,3,3.79,FALSE,Chicago,medium,2,60618,3350 Western Ave,41.9423532,-87.6899901,1994-01-06,FALSE,domestic
86,227,Miller,3410000554,4,3.79,FALSE,Chicago,medium,2,60618,3350 Western Ave,41.9423532,-87.6899901,1994-01-13,TRUE,domestic
86,228,Miller,3410000554,10,3.79,FALSE,Chicago,medium,2,60618,3350 Western Ave,41.9423532,-87.6899901,1994-01-20,TRUE,domestic
86,229,Miller,3410000554,2,3.79,FALSE,Chicago,medium,2,60618,3350 Western Ave,41.9423532,-87.6899901,1994-01-27,FALSE,domestic
86,230,Miller,3410000554,1,3.89,FALSE,Chicago,medium,2,60618,3350 Western Ave,41.9423532,-87.6899901,1994-02-03,FALSE,domestic
86,231,Miller,3410000554,9,3.89,FALSE,Chicago,medium,2,60618,3350 Western Ave,41.9423532,-87.6899901,1994-02-10,TRUE,domestic
