data/beer.csv
store,week,brand,upc,qty,price,sales_indicator,city,price_tier,zone,zip,address,latitude,longtitude,start_of_week,is_holiday_week,imported
86,232,Miller,3410000554,1,3.89,FALSE,Chicago,medium,2,60618,3350 Western Ave,41.9423532,-87.6899901,1994-02-17,TRUE,domestic
86,233,Miller,3410000554,9,3.89,FALSE,Chicago,medium,2,60618,3350 Western Ave,41.9423532,-87.6899901,1994-02-24,FALSE,domestic
86,234,Miller,3410000554,20,3.19,FALSE,Chicago,medium,2,60618,3350 Western Ave,41.9423532,-87.6899901,1994-03-03,TRUE,domestic
86,235,Miller,3410000554,6,3.89,FALSE,Chicago,medium,2,60618,3350 Western Ave,41.9423532,-87.6899901,1994-03-10,FALSE,domestic
86,236,Miller,3410000554,4,3.89,FALSE,Chicago,medium,2,60618,3350 Western Ave,41.9423532,-87.6899901,1994-03-17,FALSE,domestic
86,237,Miller,3410000554,79,3.19,FALSE,Chicago,medium,2,60618,3350 Western Ave,41.9423532,-87.6899901,1994-03-24,FALSE,domestic
86,238,Miller,3410000554,75,3.19,FALSE,Chicago,medium,2,60618,3350 Western Ave,41.9423532,-87.6899901,1994-03-31,TRUE,domestic
86,239,Miller,3410000554,23,3.89,FALSE,Chicago,medium,2,60618,3350 Western Ave,41.9423532,-87.6899901,1994-04-07,FALSE,domestic
86,240,Miller,3410000554,16,3.89,FALSE,Chicago,medium,2,60618,3350 Western Ave,41.9423532,-87.6899901,1994-04-14,FALSE,domestic
86,241,Miller,3410000554,5,3.19,FALSE,Chicago,medium,2,60618,3350 Western Ave,41.9423532,-87.6899901,1994-04-21,FALSE,domestic
86,242,Miller,3410000554,1,3.89,FALSE,Chicago,medium,2,60618,3350 Western Ave,41.9423532,-87.6899901,1994-04-28,FALSE,domestic
86,243,Miller,3410000554,1,3.89,FALSE,Chicago,medium,2,60618,3350 Western Ave,41.9423532,-87.6899901,1994-05-05,FALSE,domestic
86,244,Miller,3410000554,5,3.89,FALSE,Chicago,medium,2,60618,3350 Western Ave,41.9423532,-87.6899901,1994-05-12,FALSE,domestic
86,245,Miller,3410000554,2,3.89,FALSE,Chicago,medium,2,60618,3350 Western Ave,41.9423532,-87.6899901,1994-05-19,FALSE,domestic
86,246,Miller,3410000554,3,3.89,FALSE,Chicago,medium,2,60618,3350 Western Ave,41.9423532,-87.6899901,1994-05-26,TRUE,domestic
86,247,Miller,3410000554,2,3.89,FALSE,Chicago,medium,2,60618,3350 Western Ave,41.9423532,-87.6899901,1994-06-02,FALSE,domestic
86,248,Miller,3410000554,3,3.89,FALSE,Chicago,medium,2,60618,3350 Western Ave,41.9423532,-87.6899901,1994-06-09,FALSE,domestic
86,249,Miller,3410000554,5,3.89,FALSE,Chicago,medium,2,60618,3350 Western Ave,41.9423532,-87.6899901,1994-06-16,FALSE,domestic
86,250,Miller,3410000554,1,3.89,FALSE,Chicago,medium,2,60618,3350 Western Ave,41.9423532,-87.6899901,1994-06-23,FALSE,domestic
86,251,Miller,3410000554,6,3.89,FALSE,Chicago,medium,2,60618,3350 Western Ave,41.9423532,-87.6899901,1994-06-30,TRUE,domestic
86,252,Miller,3410000554,6,3.89,FALSE,Chicago,medium,2,60618,3350 Western Ave,41.9423532,-87.6899901,1994-07-07,FALSE,domestic
86,253,Miller,3410000554,2,3.89,FALSE,Chicago,medium,2,60618,3350 Western Ave,41.9423532,-87.6899901,1994-07-14,FALSE,domestic
86,254,Miller,3410000554,5,3.89,FALSE,Chicago,medium,2,60618,3350 Western Ave,41.9423532,-87.6899901,1994-07-21,FALSE,domestic
86,255,Miller,3410000554,1,3.89,FALSE,Chicago,medium,2,60618,3350 Western Ave,41.9423532,-87.6899901,1994-07-28,FALSE,domestic
86,256,Miller,3410000554,5,3.89,FALSE,Chicago,medium,2,60618,3350 Western Ave,41.9423532,-87.6899901,1994-08-04,FALSE,domestic
86,257,Miller,3410000554,13,3.89,FALSE,Chicago,medium,2,60618,3350 Western Ave,41.9423532,-87.6899901,1994-08-11,FALSE,domestic
86,258,Miller,3410000554,5,3.89,FALSE,Chicago,medium,2,60618,3350 Western Ave,41.9423532,-87.6899901,1994-08-18,FALSE,domestic
86,259,Miller,3410000554,5,3.89,FALSE,Chicago,medium,2,60618,3350 Western Ave,41.9423532,-87.6899901,1994-08-25,FALSE,domestic
86,260,Miller,3410000554,9,3.89,FALSE,Chicago,medium,2,60618,3350 Western Ave,41.9423532,-87.6899901,1994-09-01,TRUE,domestic
86,261,Miller,3410000554,6,3.89,FALSE,Chicago,medium,2,60618,3350 Western Ave,41.9423532,-87.6899901,1994-09-08,FALSE,domestic
86,266,Miller,3410000554,3,3.89,FALSE,Chicago,medium,2,60618,3350 Western Ave,41.9423532,-87.6899901,1994-10-13,FALSE,domestic
86,267,Miller,3410000554,8,3.89,FALSE,Chicago,medium,2,60618,3350 Western Ave,41.9423532,-87.6899901,1994-10-20,FALSE,domestic
86,268,Miller,3410000554,10,3.89,FALSE,Chicago,medium,2,60618,3350 Western Ave,41.9423532,-87.6899901,1994-10-27,TRUE,domestic
86,269,Miller,3410000554,6,3.89,FALSE,Chicago,medium,2,60618,3350 Western Ave,41.9423532,-87.6899901,1994-11-03,TRUE,domestic
86,270,Miller,3410000554,5,3.89,FALSE,Chicago,medium,2,60618,3350 Western Ave,41.9423532,-87.6899901,1994-11-10,TRUE,domestic
86,271,Miller,3410000554,10,3.89,FALSE,Chicago,medium,2,60618,3350 Western Ave,41.9423532,-87.6899901,1994-11-17,FALSE,domestic
86,272,Miller,3410000554,1,3.89,FALSE,Chicago,medium,2,60618,3350 Western Ave,41.9423532,-87.6899901,1994-11-24,TRUE,domestic
86,273,Miller,3410000554,8,3.89,FALSE,Chicago,medium,2,60618,3350 Western Ave,41.9423532,-87.6899901,1994-12-01,FALSE,domestic
86,274,Miller,3410000554,8,3.89,FALSE,Chicago,medium,2,60618,3350 Western Ave,41.9423532,-87.6899901,1994-12-08,FALSE,domestic
86,275,Miller,3410000554,5,3.89,FALSE,Chicago,medium,2,60618,3350 Western Ave,41.9423532,-87.6899901,1994-12-15,FALSE,domestic
86,276,Miller,3410000554,10,3.89,FALSE,Chicago,medium,2,60618,3350 Western Ave,41.9423532,-87.6899901,1994-12-22,TRUE,domestic
86,277,Miller,3410000554,6,3.89,FALSE,Chicago,medium,2,60618,3350 Western Ave,41.9423532,-87.6899901,1994-12-29,TRUE,domestic
86,278,Miller,3410000554,2,3.89,FALSE,Chicago,medium,2,60618,3350 Western Ave,41.9423532,-87.6899901,1995-01-05,FALSE,domestic
86,279,Miller,3410000554,4,3.94,FALSE,Chicago,medium,2,60618,3350 Western Ave,41.9423532,-87.6899901,1995-01-12,TRUE,domestic
86,280,Miller,3410000554,10,3.89,FALSE,Chicago,medium,2,60618,3350 Western Ave,41.9423532,-87.6899901,1995-01-19,TRUE,domestic
86,281,Miller,3410000554,9,3.89,FALSE,Chicago,medium,2,60618,3350 Western Ave,41.9423532,-87.6899901,1995-01-26,FALSE,domestic
86,282,Miller,3410000554,2,3.89,FALSE,Chicago,medium,2,60618,3350 Western Ave,41.9423532,-87.6899901,1995-02-02,FALSE,domestic
86,283,Miller,3410000554,4,3.94,FALSE,Chicago,medium,2,60618,3350 Western Ave,41.9423532,-87.6899901,1995-02-09,TRUE,domestic
86,286,Miller,3410000554,7,3.99,FALSE,Chicago,medium,2,60618,3350 Western Ave,41.9423532,-87.6899901,1995-03-02,TRUE,domestic
86,287,Miller,3410000554,10,3.99,FALSE,Chicago,medium,2,60618,3350 Western Ave,41.9423532,-87.6899901,1995-03-09,FALSE,domestic
86,288,Miller,3410000554,5,3.99,FALSE,Chicago,medium,2,60618,3350 Western Ave,41.9423532,-87.6899901,1995-03-16,FALSE,domestic
86,289,Miller,3410000554,13,3.99,FALSE,Chicago,medium,2,60618,3350 Western Ave,41.9423532,-87.6899901,1995-03-23,FALSE,domestic
86,290,Miller,3410000554,3,3.99,FALSE,Chicago,medium,2,60618,3350 Western Ave,41.9423532,-87.6899901,1995-03-30,FALSE,domestic
86,291,Miller,3410000554,7,3.99,FALSE,Chicago,medium,2,60618,3350 Western Ave,41.9423532,-87.6899901,1995-04-06,FALSE,domestic
86,292,Miller,3410000554,12,3.99,FALSE,Chicago,medium,2,60618,3350 Western Ave,41.9423532,-87.6899901,1995-04-13,TRUE,domestic
86,293,Miller,3410000554,6,3.99,FALSE,Chicago,medium,2,60618,3350 Western Ave,41.9423532,-87.6899901,1995-04-20,FALSE,domestic
86,294,Miller,3410000554,6,3.99,FALSE,Chicago,medium,2,60618,3350 Western Ave,41.9423532,-87.6899901,1995-04-27,FALSE,domestic
86,295,Miller,3410000554,13,3.99,FALSE,Chicago,medium,2,60618,3350 Western Ave,41.9423532,-87.6899901,1995-05-04,FALSE,domestic
86,296,Miller,3410000554,10,3.99,FALSE,Chicago,medium,2,60618,3350 Western Ave,41.9423532,-87.6899901,1995-05-11,FALSE,domestic
86,297,Miller,3410000554,5,3.99,FALSE,Chicago,medium,2,60618,3350 Western Ave,41.9423532,-87.6899901,1995-05-18,FALSE,domestic
86,298,Miller,3410000554,7,3.99,FALSE,Chicago,medium,2,60618,3350 Western Ave,41.9423532,-87.6899901,1995-05-25,TRUE,domestic
86,299,Miller,3410000554,12,3.99,FALSE,Chicago,medium,2,60618,3350 Western Ave,41.9423532,-87.6899901,1995-06-01,FALSE,domestic
86,300,Miller,3410000554,9,3.99,FALSE,Chicago,medium,2,60618,3350 Western Ave,41.9423532,-87.6899901,1995-06-08,FALSE,domestic
98,91,Budweiser,1820000016,26,3.49,FALSE,Chicago,medium,12,60638,5829 S Archer Ave,41.7954446,-87.75932650000001,1991-06-06,FALSE,domestic
98,92,Budweiser,1820000016,30,3.49,FALSE,Chicago,medium,12,60638,5829 S Archer Ave,41.7954446,-87.75932650000001,1991-06-13,FALSE,domestic
98,93,Budweiser,1820000016,20,3.49,FALSE,Chicago,medium,12,60638,5829 S Archer Ave,41.7954446,-87.75932650000001,1991-06-20,FALSE,domestic
98,94,Budweiser,1820000016,19,3.59,FALSE,Chicago,medium,12,60638,5829 S Archer Ave,41.7954446,-87.75932650000001,1991-06-27,FALSE,domestic
98,95,Budweiser,1820000016,14,3.59,FALSE,Chicago,medium,12,60638,5829 S Archer Ave,41.7954446,-87.75932650000001,1991-07-04,TRUE,domestic
98,96,Budweiser,1820000016,27,3.59,FALSE,Chicago,medium,12,60638,5829 S Archer Ave,41.7954446,-87.75932650000001,1991-07-11,FALSE,domestic
98,97,Budweiser,1820000016,27,3.59,FALSE,Chicago,medium,12,60638,5829 S Archer Ave,41.7954446,-87.75932650000001,1991-07-18,FALSE,domestic
98,98,Budweiser,1820000016,21,3.59,FALSE,Chicago,medium,12,60638,5829 S Archer Ave,41.7954446,-87.75932650000001,1991-07-25,FALSE,domestic
98,99,Budweiser,1820000016,16,3.59,FALSE,Chicago,medium,12,60638,5829 S Archer Ave,41.7954446,-87.75932650000001,1991-08-01,FALSE,domestic
98,100,Budweiser,1820000016,24,3.59,FALSE,Chicago,medium,12,60638,5829 S Archer Ave,41.7954446,-87.75932650000001,1991-08-08,FALSE,domestic
98,101,Budweiser,1820000016,17,3.59,FALSE,Chicago,medium,12,60638,5829 S Archer Ave,41.7954446,-87.75932650000001,1991-08-15,FALSE,domestic
98,102,Budweiser,1820000016,26,3.59,FALSE,Chicago,medium,12,60638,5829 S Archer Ave,41.7954446,-87.75932650000001,1991-08-22,FALSE,domestic
98,103,Budweiser,1820000016,10,3.59,FALSE,Chicago,medium,12,60638,5829 S Archer Ave,41.7954446,-87.75932650000001,1991-08-29,TRUE,domestic
98,104,Budweiser,1820000016,15,3.59,FALSE,Chicago,medium,12,60638,5829 S Archer Ave,41.7954446,-87.75932650000001,1991-09-05,FALSE,domestic
98,105,Budweiser,1820000016,12,3.59,FALSE,Chicago,medium,12,60638,5829 S Archer Ave,41.7954446,-87.75932650000001,1991-09-12,FALSE,domestic
98,106,Budweiser,1820000016,17,3.59,FALSE,Chicago,medium,12,60638,5829 S Archer Ave,41.7954446,-87.75932650000001,1991-09-19,FALSE,domestic
98,107,Budweiser,1820000016,12,3.54,FALSE,Chicago,medium,12,60638,5829 S Archer Ave,41.7954446,-87.75932650000001,1991-09-26,FALSE,domestic
98,108,Budweiser,1820000016,14,3.49,FALSE,Chicago,medium,12,60638,5829 S Archer Ave,41.7954446,-87.75932650000001,1991-10-03,FALSE,domestic
98,109,Budweiser,1820000016,18,3.49,FALSE,Chicago,medium,12,60638,5829 S Archer Ave,41.7954446,-87.75932650000001,1991-10-10,TRUE,domestic
98,110,Budweiser,1820000016,27,3.49,FALSE,Chicago,medium,12,60638,5829 S Archer Ave,41.7954446,-87.75932650000001,1991-10-17,FALSE,domestic
98,111,Budweiser,1820000016,24,3.49,FALSE,Chicago,medium,12,60638,5829 S Archer Ave,41.7954446,-87.75932650000001,1991-10-24,FALSE,domestic
98,112,Budweiser,1820000016,8,3.49,FALSE,Chicago,medium,12,60638,5829 S Archer Ave,41.7954446,-87.75932650000001,1991-10-31,TRUE,domestic
98,113,Budweiser,1820000016,14,3.49,FALSE,Chicago,medium,12,60638,5829 S Archer Ave,41.7954446,-87.75932650000001,1991-11-07,TRUE,domestic
98,114,Budweiser,1820000016,13,3.49,FALSE,Chicago,medium,12,60638,5829 S Archer Ave,41.7954446,-87.75932650000001,1991-11-14,FALSE,domestic
98,115,Budweiser,1820000016,15,3.49,FALSE,Chicago,medium,12,60638,5829 S Archer Ave,41.7954446,-87.75932650000001,1991-11-21,FALSE,domestic
98,116,Budweiser,1820000016,25,3.49,FALSE,Chicago,medium,12,60638,5829 S Archer Ave,41.7954446,-87.75932650000001,1991-11-28,TRUE,domestic
98,117,Budweiser,1820000016,29,3.49,FALSE,Chicago,medium,12,60638,5829 S Archer Ave,41.7954446,-87.75932650000001,1991-12-05,FALSE,domestic
98,118,Budweiser,1820000016,16,3.49,FALSE,Chicago,medium,12,60638,5829 S Archer Ave,41.7954446,-87.75932650000001,1991-12-12,FALSE,domestic
98,119,Budweiser,1820000016,16,3.49,FALSE,Chicago,medium,12,60638,5829 S Archer Ave,41.7954446,-87.75932650000001,1991-12-19,TRUE,domestic
98,120,Budweiser,1820000016,17,3.49,FALSE,Chicago,medium,12,60638,5829 S Archer Ave,41.7954446,-87.75932650000001,1991-12-26,TRUE,domestic
98,121,Budweiser,1820000016,11,3.49,FALSE,Chicago,medium,12,60638,5829 S Archer Ave,41.7954446,-87.75932650000001,1992-01-02,FALSE,domestic
98,122,Budweiser,1820000016,23,3.56,FALSE,Chicago,medium,12,60638,5829 S Archer Ave,41.7954446,-87.75932650000001,1992-01-09,FALSE,domestic
98,123,Budweiser,1820000016,12,3.79,FALSE,Chicago,medium,12,60638,5829 S Archer Ave,41.7954446,-87.75932650000001,1992-01-16,TRUE,domestic
98,124,Budweiser,1820000016,13,3.79,FALSE,Chicago,medium,12,60638,5829 S Archer Ave,41.7954446,-87.75932650000001,1992-01-23,FALSE,domestic
98,125,Budweiser,1820000016,13,3.79,FALSE,Chicago,medium,12,60638,5829 S Archer Ave,41.7954446,-87.75932650000001,1992-01-30,FALSE,domestic
98,126,Budweiser,1820000016,20,3.79,FALSE,Chicago,medium,12,60638,5829 S Archer Ave,41.7954446,-87.75932650000001,1992-02-06,TRUE,domestic
98,127,Budweiser,1820000016,27,3.74,FALSE,Chicago,medium,12,60638,5829 S Archer Ave,41.7954446,-87.75932650000001,1992-02-13,TRUE,domestic
98,128,Budweiser,1820000016,24,3.69,FALSE,Chicago,medium,12,60638,5829 S Archer Ave,41.7954446,-87.75932650000001,1992-02-20,TRUE,domestic
98,129,Budweiser,1820000016,21,3.69,FALSE,Chicago,medium,12,60638,5829 S Archer Ave,41.7954446,-87.75932650000001,1992-02-27,TRUE,domestic
98,130,Budweiser,1820000016,24,3.69,FALSE,Chicago,medium,12,60638,5829 S Archer Ave,41.7954446,-87.75932650000001,1992-03-05,FALSE,domestic
98,131,Budweiser,1820000016,14,3.69,FALSE,Chicago,medium,12,60638,5829 S Archer Ave,41.7954446,-87.75932650000001,1992-03-12,FALSE,domestic
98,132,Budweiser,1820000016,17,3.69,FALSE,Chicago,medium,12,60638,5829 S Archer Ave,41.7954446,-87.75932650000001,1992-03-19,FALSE,domestic
98,133,Budweiser,1820000016,18,3.69,FALSE,Chicago,medium,12,60638,5829 S Archer Ave,41.7954446,-87.75932650000001,1992-03-26,FALSE,domestic
98,134,Budweiser,1820000016,14,3.69,FALSE,Chicago,medium,12,60638,5829 S Archer Ave,41.7954446,-87.75932650000001,1992-04-02,FALSE,domestic
98,135,Budweiser,1820000016,17,3.69,FALSE,Chicago,medium,12,60638,5829 S Archer Ave,41.7954446,-87.75932650000001,1992-04-09,FALSE,domestic
98,136,Budweiser,1820000016,18,3.69,FALSE,Chicago,medium,12,60638,5829 S Archer Ave,41.7954446,-87.75932650000001,1992-04-16,TRUE,domestic
98,137,Budweiser,1820000016,27,3.69,FALSE,Chicago,medium,12,60638,5829 S Archer Ave,41.7954446,-87.75932650000001,1992-04-23,FALSE,domestic
98,138,Budweiser,1820000016,29,3.69,FALSE,Chicago,medium,12,60638,5829 S Archer Ave,41.7954446,-87.75932650000001,1992-04-30,FALSE,domestic
98,139,Budweiser,1820000016,15,3.69,FALSE,Chicago,medium,12,60638,5829 S Archer Ave,41.7954446,-87.75932650000001,1992-05-07,FALSE,domestic
98,140,Budweiser,1820000016,16,3.69,FALSE,Chicago,medium,12,60638,5829 S Archer Ave,41.7954446,-87.75932650000001,1992-05-14,FALSE,domestic
98,141,Budweiser,1820000016,24,3.69,FALSE,Chicago,medium,12,60638,5829 S Archer Ave,41.7954446,-87.75932650000001,1992-05-21,TRUE,domestic
98,142,Budweiser,1820000016,20,3.69,FALSE,Chicago,medium,12,60638,5829 S Archer Ave,41.7954446,-87.75932650000001,1992-05-28,TRUE,domestic
98,143,Budweiser,1820000016,16,3.69,FALSE,Chicago,medium,12,60638,5829 S Archer Ave,41.7954446,-87.75932650000001,1992-06-04,FALSE,domestic
98,144,Budweiser,1820000016,18,3.69,FALSE,Chicago,medium,12,60638,5829 S Archer Ave,41.7954446,-87.75932650000001,1992-06-11,FALSE,domestic
98,145,Budweiser,1820000016,32,3.69,FALSE,Chicago,medium,12,60638,5829 S Archer Ave,41.7954446,-87.75932650000001,1992-06-18,FALSE,domestic
98,146,Budweiser,1820000016,25,3.69,FALSE,Chicago,medium,12,60638,5829 S Archer Ave,41.7954446,-87.75932650000001,1992-06-25,FALSE,domestic
98,147,Budweiser,1820000016,15,3.69,FALSE,Chicago,medium,12,60638,5829 S Archer Ave,41.7954446,-87.75932650000001,1992-07-02,TRUE,domestic
98,148,Budweiser,1820000016,22,3.69,FALSE,Chicago,medium,12,60638,5829 S Archer Ave,41.7954446,-87.75932650000001,1992-07-09,FALSE,domestic
98,149,Budweiser,1820000016,15,3.69,FALSE,Chicago,medium,12,60638,5829 S Archer Ave,41.7954446,-87.75932650000001,1992-07-16,FALSE,domestic
98,150,Budweiser,1820000016,12,3.79,FALSE,Chicago,medium,12,60638,5829 S Archer Ave,41.7954446,-87.75932650000001,1992-07-23,FALSE,domestic
98,151,Budweiser,1820000016,22,3.79,FALSE,Chicago,medium,12,60638,5829 S Archer Ave,41.7954446,-87.75932650000001,1992-07-30,FALSE,domestic
98,152,Budweiser,1820000016,12,3.79,FALSE,Chicago,medium,12,60638,5829 S Archer Ave,41.7954446,-87.75932650000001,1992-08-06,FALSE,domestic
98,153,Budweiser,1820000016,15,3.79,FALSE,Chicago,medium,12,60638,5829 S Archer Ave,41.7954446,-87.75932650000001,1992-08-13,FALSE,domestic
98,154,Budweiser,1820000016,19,3.79,FALSE,Chicago,medium,12,60638,5829 S Archer Ave,41.7954446,-87.75932650000001,1992-08-20,FALSE,domestic
98,155,Budweiser,1820000016,11,3.79,FALSE,Chicago,medium,12,60638,5829 S Archer Ave,41.7954446,-87.75932650000001,1992-08-27,FALSE,domestic
98,156,Budweiser,1820000016,8,3.79,FALSE,Chicago,medium,12,60638,5829 S Archer Ave,41.7954446,-87.75932650000001,1992-09-03,TRUE,domestic
98,157,Budweiser,1820000016,10,3.85,FALSE,Chicago,medium,12,60638,5829 S Archer Ave,41.7954446,-87.75932650000001,1992-09-10,FALSE,domestic
98,158,Budweiser,1820000016,14,3.99,FALSE,Chicago,medium,12,60638,5829 S Archer Ave,41.7954446,-87.75932650000001,1992-09-17,FALSE,domestic
98,159,Budweiser,1820000016,14,3.99,FALSE,Chicago,medium,12,60638,5829 S Archer Ave,41.7954446,-87.75932650000001,1992-09-24,FALSE,domestic
98,160,Budweiser,1820000016,16,3.99,FALSE,Chicago,medium,12,60638,5829 S Archer Ave,41.7954446,-87.75932650000001,1992-10-01,FALSE,domestic
