data/beer.csv
store,week,brand,upc,qty,price,sales_indicator,city,price_tier,zone,zip,address,latitude,longtitude,start_of_week,is_holiday_week,imported
98,161,Budweiser,1820000016,12,3.99,FALSE,Chicago,medium,12,60638,5829 S Archer Ave,41.7954446,-87.75932650000001,1992-10-08,TRUE,domestic
98,162,Budweiser,1820000016,15,3.99,FALSE,Chicago,medium,12,60638,5829 S Archer Ave,41.7954446,-87.75932650000001,1992-10-15,FALSE,domestic
98,163,Budweiser,1820000016,12,3.99,FALSE,Chicago,medium,12,60638,5829 S Archer Ave,41.7954446,-87.75932650000001,1992-10-22,FALSE,domestic
98,164,Budweiser,1820000016,6,3.99,FALSE,Chicago,medium,12,60638,5829 S Archer Ave,41.7954446,-87.75932650000001,1992-10-29,TRUE,domestic
98,165,Budweiser,1820000016,13,3.99,FALSE,Chicago,medium,12,60638,5829 S Archer Ave,41.7954446,-87.75932650000001,1992-11-05,TRUE,domestic
98,166,Budweiser,1820000016,15,3.99,FALSE,Chicago,medium,12,60638,5829 S Archer Ave,41.7954446,-87.75932650000001,1992-11-12,FALSE,domestic
98,167,Budweiser,1820000016,13,3.99,FALSE,Chicago,medium,12,60638,5829 S Archer Ave,41.7954446,-87.75932650000001,1992-11-19,FALSE,domestic
98,168,Budweiser,1820000016,13,3.99,FALSE,Chicago,medium,12,60638,5829 S Archer Ave,41.7954446,-87.75932650000001,1992-11-26,TRUE,domestic
98,169,Budweiser,1820000016,13,3.99,FALSE,Chicago,medium,12,60638,5829 S Archer Ave,41.7954446,-87.75932650000001,1992-12-03,FALSE,domestic
98,170,Budweiser,1820000016,16,3.99,FALSE,Chicago,medium,12,60638,5829 S Archer Ave,41.7954446,-87.75932650000001,1992-12-10,FALSE,domestic
98,171,Budweiser,1820000016,13,3.99,FALSE,Chicago,medium,12,60638,5829 S Archer Ave,41.7954446,-87.75932650000001,1992-12-17,FALSE,domestic
98,172,Budweiser,1820000016,3,3.99,FALSE,Chicago,medium,12,60638,5829 S Archer Ave,41.7954446,-87.75932650000001,1992-12-24,TRUE,domestic
98,173,Budweiser,1820000016,3,3.99,FALSE,Chicago,medium,12,60638,5829 S Archer Ave,41.7954446,-87.75932650000001,1992-12-31,TRUE,domestic
98,174,Budweiser,1820000016,10,3.99,FALSE,Chicago,medium,12,60638,5829 S Archer Ave,41.7954446,-87.75932650000001,1993-01-07,FALSE,domestic
98,175,Budweiser,1820000016,11,3.99,FALSE,Chicago,medium,12,60638,5829 S Archer Ave,41.7954446,-87.75932650000001,1993-01-14,TRUE,domestic
98,176,Budweiser,1820000016,15,3.99,FALSE,Chicago,medium,12,60638,5829 S Archer Ave,41.7954446,-87.75932650000001,1993-01-21,FALSE,domestic
98,177,Budweiser,1820000016,20,3.99,FALSE,Chicago,medium,12,60638,5829 S Archer Ave,41.7954446,-87.75932650000001,1993-01-28,FALSE,domestic
98,178,Budweiser,1820000016,11,3.99,FALSE,Chicago,medium,12,60638,5829 S Archer Ave,41.7954446,-87.75932650000001,1993-02-04,FALSE,domestic
98,179,Budweiser,1820000016,9,3.99,FALSE,Chicago,medium,12,60638,5829 S Archer Ave,41.7954446,-87.75932650000001,1993-02-11,TRUE,domestic
98,180,Budweiser,1820000016,7,3.99,FALSE,Chicago,medium,12,60638,5829 S Archer Ave,41.7954446,-87.75932650000001,1993-02-18,TRUE,domestic
98,181,Budweiser,1820000016,14,3.99,FALSE,Chicago,medium,12,60638,5829 S Archer Ave,41.7954446,-87.75932650000001,1993-02-25,TRUE,domestic
98,182,Budweiser,1820000016,14,3.99,FALSE,Chicago,medium,12,60638,5829 S Archer Ave,41.7954446,-87.75932650000001,1993-03-04,FALSE,domestic
98,183,Budweiser,1820000016,7,3.99,FALSE,Chicago,medium,12,60638,5829 S Archer Ave,41.7954446,-87.75932650000001,1993-03-11,FALSE,domestic
98,184,Budweiser,1820000016,3,3.99,FALSE,Chicago,medium,12,60638,5829 S Archer Ave,41.7954446,-87.75932650000001,1993-03-18,FALSE,domestic
98,185,Budweiser,1820000016,12,3.99,FALSE,Chicago,medium,12,60638,5829 S Archer Ave,41.7954446,-87.75932650000001,1993-03-25,FALSE,domestic
98,186,Budweiser,1820000016,13,3.99,FALSE,Chicago,medium,12,60638,5829 S Archer Ave,41.7954446,-87.75932650000001,1993-04-01,FALSE,domestic
98,187,Budweiser,1820000016,11,3.99,FALSE,Chicago,medium,12,60638,5829 S Archer Ave,41.7954446,-87.75932650000001,1993-04-08,TRUE,domestic
98,188,Budweiser,1820000016,7,3.99,FALSE,Chicago,medium,12,60638,5829 S Archer Ave,41.7954446,-87.75932650000001,1993-04-15,FALSE,domestic
98,189,Budweiser,1820000016,14,3.99,FALSE,Chicago,medium,12,60638,5829 S Archer Ave,41.7954446,-87.75932650000001,1993-04-22,FALSE,domestic
98,190,Budweiser,1820000016,17,3.99,FALSE,Chicago,medium,12,60638,5829 S Archer Ave,41.7954446,-87.75932650000001,1993-04-29,FALSE,domestic
98,191,Budweiser,1820000016,18,3.99,FALSE,Chicago,medium,12,60638,5829 S Archer Ave,41.7954446,-87.75932650000001,1993-05-06,FALSE,domestic
98,192,Budweiser,1820000016,9,3.99,FALSE,Chicago,medium,12,60638,5829 S Archer Ave,41.7954446,-87.75932650000001,1993-05-13,FALSE,domestic
98,193,Budweiser,1820000016,8,3.99,FALSE,Chicago,medium,12,60638,5829 S Archer Ave,41.7954446,-87.75932650000001,1993-05-20,FALSE,domestic
98,194,Budweiser,1820000016,2,3.99,FALSE,Chicago,medium,12,60638,5829 S Archer Ave,41.7954446,-87.75932650000001,1993-05-27,TRUE,domestic
98,195,Budweiser,1820000016,7,3.99,FALSE,Chicago,medium,12,60638,5829 S Archer Ave,41.7954446,-87.75932650000001,1993-06-03,FALSE,domestic
98,196,Budweiser,1820000016,21,3.99,FALSE,Chicago,medium,12,60638,5829 S Archer Ave,41.7954446,-87.75932650000001,1993-06-10,FALSE,domestic
98,197,Budweiser,1820000016,13,3.99,FALSE,Chicago,medium,12,60638,5829 S Archer Ave,41.7954446,-87.75932650000001,1993-06-17,FALSE,domestic
98,198,Budweiser,1820000016,13,3.99,FALSE,Chicago,medium,12,60638,5829 S Archer Ave,41.7954446,-87.75932650000001,1993-06-24,FALSE,domestic
98,199,Budweiser,1820000016,15,3.99,FALSE,Chicago,medium,12,60638,5829 S Archer Ave,41.7954446,-87.75932650000001,1993-07-01,TRUE,domestic
98,200,Budweiser,1820000016,19,3.92,FALSE,Chicago,medium,12,60638,5829 S Archer Ave,41.7954446,-87.75932650000001,1993-07-08,FALSE,domestic
98,201,Budweiser,1820000016,15,3.79,FALSE,Chicago,medium,12,60638,5829 S Archer Ave,41.7954446,-87.75932650000001,1993-07-15,FALSE,domestic
98,202,Budweiser,1820000016,20,3.79,FALSE,Chicago,medium,12,60638,5829 S Archer Ave,41.7954446,-87.75932650000001,1993-07-22,FALSE,domestic
98,203,Budweiser,1820000016,17,3.79,FALSE,Chicago,medium,12,60638,5829 S Archer Ave,41.7954446,-87.75932650000001,1993-07-29,FALSE,domestic
98,204,Budweiser,1820000016,23,3.79,FALSE,Chicago,medium,12,60638,5829 S Archer Ave,41.7954446,-87.75932650000001,1993-08-05,FALSE,domestic
98,205,Budweiser,1820000016,23,3.79,FALSE,Chicago,medium,12,60638,5829 S Archer Ave,41.7954446,-87.75932650000001,1993-08-12,FALSE,domestic
98,206,Budweiser,1820000016,19,3.79,FALSE,Chicago,medium,12,60638,5829 S Archer Ave,41.7954446,-87.75932650000001,1993-08-19,FALSE,domestic
98,207,Budweiser,1820000016,21,3.79,FALSE,Chicago,medium,12,60638,5829 S Archer Ave,41.7954446,-87.75932650000001,1993-08-26,FALSE,domestic
98,208,Budweiser,1820000016,18,3.79,FALSE,Chicago,medium,12,60638,5829 S Archer Ave,41.7954446,-87.75932650000001,1993-09-02,TRUE,domestic
98,209,Budweiser,1820000016,27,3.79,FALSE,Chicago,medium,12,60638,5829 S Archer Ave,41.7954446,-87.75932650000001,1993-09-09,FALSE,domestic
98,210,Budweiser,1820000016,15,3.79,FALSE,Chicago,medium,12,60638,5829 S Archer Ave,41.7954446,-87.75932650000001,1993-09-16,FALSE,domestic
98,211,Budweiser,1820000016,18,3.79,FALSE,Chicago,medium,12,60638,5829 S Archer Ave,41.7954446,-87.75932650000001,1993-09-23,FALSE,domestic
98,212,Budweiser,1820000016,16,3.79,FALSE,Chicago,medium,12,60638,5829 S Archer Ave,41.7954446,-87.75932650000001,1993-09-30,FALSE,domestic
98,213,Budweiser,1820000016,24,3.79,FALSE,Chicago,medium,12,60638,5829 S Archer Ave,41.7954446,-87.75932650000001,1993-10-07,TRUE,domestic
98,214,Budweiser,1820000016,27,3.79,FALSE,Chicago,medium,12,60638,5829 S Archer Ave,41.7954446,-87.75932650000001,1993-10-14,FALSE,domestic
98,215,Budweiser,1820000016,11,3.79,FALSE,Chicago,medium,12,60638,5829 S Archer Ave,41.7954446,-87.75932650000001,1993-10-21,FALSE,domestic
98,216,Budweiser,1820000016,12,3.79,FALSE,Chicago,medium,12,60638,5829 S Archer Ave,41.7954446,-87.75932650000001,1993-10-28,TRUE,domestic
98,217,Budweiser,1820000016,13,3.79,FALSE,Chicago,medium,12,60638,5829 S Archer Ave,41.7954446,-87.75932650000001,1993-11-04,FALSE,domestic
98,218,Budweiser,1820000016,12,3.79,FALSE,Chicago,medium,12,60638,5829 S Archer Ave,41.7954446,-87.75932650000001,1993-11-11,TRUE,domestic
98,220,Budweiser,1820000016,12,3.79,FALSE,Chicago,medium,12,60638,5829 S Archer Ave,41.7954446,-87.75932650000001,1993-11-25,TRUE,domestic
98,221,Budweiser,1820000016,22,3.79,FALSE,Chicago,medium,12,60638,5829 S Archer Ave,41.7954446,-87.75932650000001,1993-12-02,FALSE,domestic
98,222,Budweiser,1820000016,19,3.79,FALSE,Chicago,medium,12,60638,5829 S Archer Ave,41.7954446,-87.75932650000001,1993-12-09,FALSE,domestic
98,223,Budweiser,1820000016,15,3.79,FALSE,Chicago,medium,12,60638,5829 S Archer Ave,41.7954446,-87.75932650000001,1993-12-16,FALSE,domestic
98,224,Budweiser,1820000016,13,3.79,FALSE,Chicago,medium,12,60638,5829 S Archer Ave,41.7954446,-87.75932650000001,1993-12-23,TRUE,domestic
98,225,Budweiser,1820000016,16,3.79,FALSE,Chicago,medium,12,60638,5829 S Archer Ave,41.7954446,-87.75932650000001,1993-12-30,TRUE,domestic
98,226,Budweiser,1820000016,8,3.79,FALSE,Chicago,medium,12,60638,5829 S Archer Ave,41.7954446,-87.75932650000001,1994-01-06,FALSE,domestic
98,227,Budweiser,1820000016,10,3.79,FALSE,Chicago,medium,12,60638,5829 S Archer Ave,41.7954446,-87.75932650000001,1994-01-13,TRUE,domestic
98,228,Budweiser,1820000016,11,3.79,FALSE,Chicago,medium,12,60638,5829 S Archer Ave,41.7954446,-87.75932650000001,1994-01-20,TRUE,domestic
98,229,Budweiser,1820000016,13,3.8,FALSE,Chicago,medium,12,60638,5829 S Archer Ave,41.7954446,-87.75932650000001,1994-01-27,FALSE,domestic
98,230,Budweiser,1820000016,9,3.89,FALSE,Chicago,medium,12,60638,5829 S Archer Ave,41.7954446,-87.75932650000001,1994-02-03,FALSE,domestic
98,231,Budweiser,1820000016,19,3.89,FALSE,Chicago,medium,12,60638,5829 S Archer Ave,41.7954446,-87.75932650000001,1994-02-10,TRUE,domestic
98,232,Budweiser,1820000016,9,3.89,FALSE,Chicago,medium,12,60638,5829 S Archer Ave,41.7954446,-87.75932650000001,1994-02-17,TRUE,domestic
98,233,Budweiser,1820000016,19,3.89,FALSE,Chicago,medium,12,60638,5829 S Archer Ave,41.7954446,-87.75932650000001,1994-02-24,FALSE,domestic
98,234,Budweiser,1820000016,8,3.89,FALSE,Chicago,medium,12,60638,5829 S Archer Ave,41.7954446,-87.75932650000001,1994-03-03,TRUE,domestic
98,235,Budweiser,1820000016,7,3.89,FALSE,Chicago,medium,12,60638,5829 S Archer Ave,41.7954446,-87.75932650000001,1994-03-10,FALSE,domestic
98,236,Budweiser,1820000016,6,3.89,FALSE,Chicago,medium,12,60638,5829 S Archer Ave,41.7954446,-87.75932650000001,1994-03-17,FALSE,domestic
98,237,Budweiser,1820000016,19,3.89,FALSE,Chicago,medium,12,60638,5829 S Archer Ave,41.7954446,-87.75932650000001,1994-03-24,FALSE,domestic
98,238,Budweiser,1820000016,18,3.89,FALSE,Chicago,medium,12,60638,5829 S Archer Ave,41.7954446,-87.75932650000001,1994-03-31,TRUE,domestic
98,239,Budweiser,1820000016,21,3.89,FALSE,Chicago,medium,12,60638,5829 S Archer Ave,41.7954446,-87.75932650000001,1994-04-07,FALSE,domestic
98,240,Budweiser,1820000016,19,3.89,FALSE,Chicago,medium,12,60638,5829 S Archer Ave,41.7954446,-87.75932650000001,1994-04-14,FALSE,domestic
98,241,Budweiser,1820000016,12,3.89,FALSE,Chicago,medium,12,60638,5829 S Archer Ave,41.7954446,-87.75932650000001,1994-04-21,FALSE,domestic
98,242,Budweiser,1820000016,13,3.89,FALSE,Chicago,medium,12,60638,5829 S Archer Ave,41.7954446,-87.75932650000001,1994-04-28,FALSE,domestic
98,243,Budweiser,1820000016,14,3.89,FALSE,Chicago,medium,12,60638,5829 S Archer Ave,41.7954446,-87.75932650000001,1994-05-05,FALSE,domestic
98,244,Budweiser,1820000016,12,3.89,FALSE,Chicago,medium,12,60638,5829 S Archer Ave,41.7954446,-87.75932650000001,1994-05-12,FALSE,domestic
98,245,Budweiser,1820000016,9,3.89,FALSE,Chicago,medium,12,60638,5829 S Archer Ave,41.7954446,-87.75932650000001,1994-05-19,FALSE,domestic
98,246,Budweiser,1820000016,12,3.89,FALSE,Chicago,medium,12,60638,5829 S Archer Ave,41.7954446,-87.75932650000001,1994-05-26,TRUE,domestic
98,247,Budweiser,1820000016,6,3.89,FALSE,Chicago,medium,12,60638,5829 S Archer Ave,41.7954446,-87.75932650000001,1994-06-02,FALSE,domestic
98,248,Budweiser,1820000016,15,3.89,FALSE,Chicago,medium,12,60638,5829 S Archer Ave,41.7954446,-87.75932650000001,1994-06-09,FALSE,domestic
98,249,Budweiser,1820000016,14,3.89,FALSE,Chicago,medium,12,60638,5829 S Archer Ave,41.7954446,-87.75932650000001,1994-06-16,FALSE,domestic
98,250,Budweiser,1820000016,11,3.89,FALSE,Chicago,medium,12,60638,5829 S Archer Ave,41.7954446,-87.75932650000001,1994-06-23,FALSE,domestic
98,251,Budweiser,1820000016,13,3.89,FALSE,Chicago,medium,12,60638,5829 S Archer Ave,41.7954446,-87.75932650000001,1994-06-30,TRUE,domestic
98,252,Budweiser,1820000016,16,3.89,FALSE,Chicago,medium,12,60638,5829 S Archer Ave,41.7954446,-87.75932650000001,1994-07-07,FALSE,domestic
98,253,Budweiser,1820000016,12,3.89,FALSE,Chicago,medium,12,60638,5829 S Archer Ave,41.7954446,-87.75932650000001,1994-07-14,FALSE,domestic
98,254,Budweiser,1820000016,8,3.89,FALSE,Chicago,medium,12,60638,5829 S Archer Ave,41.7954446,-87.75932650000001,1994-07-21,FALSE,domestic
98,255,Budweiser,1820000016,17,3.89,FALSE,Chicago,medium,12,60638,5829 S Archer Ave,41.7954446,-87.75932650000001,1994-07-28,FALSE,domestic
98,256,Budweiser,1820000016,9,3.89,FALSE,Chicago,medium,12,60638,5829 S Archer Ave,41.7954446,-87.75932650000001,1994-08-04,FALSE,domestic
98,257,Budweiser,1820000016,9,3.89,FALSE,Chicago,medium,12,60638,5829 S Archer Ave,41.7954446,-87.75932650000001,1994-08-11,FALSE,domestic
98,258,Budweiser,1820000016,11,3.89,FALSE,Chicago,medium,12,60638,5829 S Archer Ave,41.7954446,-87.75932650000001,1994-08-18,FALSE,domestic
98,259,Budweiser,1820000016,11,3.89,FALSE,Chicago,medium,12,60638,5829 S Archer Ave,41.7954446,-87.75932650000001,1994-08-25,FALSE,domestic
98,260,Budweiser,1820000016,8,3.89,FALSE,Chicago,medium,12,60638,5829 S Archer Ave,41.7954446,-87.75932650000001,1994-09-01,TRUE,domestic
98,261,Budweiser,1820000016,8,3.89,FALSE,Chicago,medium,12,60638,5829 S Archer Ave,41.7954446,-87.75932650000001,1994-09-08,FALSE,domestic
98,266,Budweiser,1820000016,9,3.89,FALSE,Chicago,medium,12,60638,5829 S Archer Ave,41.7954446,-87.75932650000001,1994-10-13,FALSE,domestic
98,267,Budweiser,1820000016,10,3.89,FALSE,Chicago,medium,12,60638,5829 S Archer Ave,41.7954446,-87.75932650000001,1994-10-20,FALSE,domestic
98,268,Budweiser,1820000016,15,3.89,FALSE,Chicago,medium,12,60638,5829 S Archer Ave,41.7954446,-87.75932650000001,1994-10-27,TRUE,domestic
98,269,Budweiser,1820000016,11,3.89,FALSE,Chicago,medium,12,60638,5829 S Archer Ave,41.7954446,-87.75932650000001,1994-11-03,TRUE,domestic
98,270,Budweiser,1820000016,19,3.89,FALSE,Chicago,medium,12,60638,5829 S Archer Ave,41.7954446,-87.75932650000001,1994-11-10,TRUE,domestic
98,271,Budweiser,1820000016,11,3.89,FALSE,Chicago,medium,12,60638,5829 S Archer Ave,41.7954446,-87.75932650000001,1994-11-17,FALSE,domestic
98,272,Budweiser,1820000016,16,3.89,FALSE,Chicago,medium,12,60638,5829 S Archer Ave,41.7954446,-87.75932650000001,1994-11-24,TRUE,domestic
98,273,Budweiser,1820000016,13,3.89,FALSE,Chicago,medium,12,60638,5829 S Archer Ave,41.7954446,-87.75932650000001,1994-12-01,FALSE,domestic
98,274,Budweiser,1820000016,12,3.89,FALSE,Chicago,medium,12,60638,5829 S Archer Ave,41.7954446,-87.75932650000001,1994-12-08,FALSE,domestic
98,275,Budweiser,1820000016,15,3.89,FALSE,Chicago,medium,12,60638,5829 S Archer Ave,41.7954446,-87.75932650000001,1994-12-15,FALSE,domestic
98,276,Budweiser,1820000016,6,3.89,FALSE,Chicago,medium,12,60638,5829 S Archer Ave,41.7954446,-87.75932650000001,1994-12-22,TRUE,domestic
98,277,Budweiser,1820000016,15,3.89,FALSE,Chicago,medium,12,60638,5829 S Archer Ave,41.7954446,-87.75932650000001,1994-12-29,TRUE,domestic
98,278,Budweiser,1820000016,13,3.89,FALSE,Chicago,medium,12,60638,5829 S Archer Ave,41.7954446,-87.75932650000001,1995-01-05,FALSE,domestic
98,279,Budweiser,1820000016,8,3.92,FALSE,Chicago,medium,12,60638,5829 S Archer Ave,41.7954446,-87.75932650000001,1995-01-12,TRUE,domestic
98,280,Budweiser,1820000016,10,3.89,FALSE,Chicago,medium,12,60638,5829 S Archer Ave,41.7954446,-87.75932650000001,1995-01-19,TRUE,domestic
98,281,Budweiser,1820000016,9,3.89,FALSE,Chicago,medium,12,60638,5829 S Archer Ave,41.7954446,-87.75932650000001,1995-01-26,FALSE,domestic
98,282,Budweiser,1820000016,13,3.89,FALSE,Chicago,medium,12,60638,5829 S Archer Ave,41.7954446,-87.75932650000001,1995-02-02,FALSE,domestic
98,283,Budweiser,1820000016,8,3.92,FALSE,Chicago,medium,12,60638,5829 S Archer Ave,41.7954446,-87.75932650000001,1995-02-09,TRUE,domestic
98,286,Budweiser,1820000016,12,3.99,FALSE,Chicago,medium,12,60638,5829 S Archer Ave,41.7954446,-87.75932650000001,1995-03-02,TRUE,domestic
98,287,Budweiser,1820000016,15,3.99,FALSE,Chicago,medium,12,60638,5829 S Archer Ave,41.7954446,-87.75932650000001,1995-03-09,FALSE,domestic
98,288,Budweiser,1820000016,7,3.99,FALSE,Chicago,medium,12,60638,5829 S Archer Ave,41.7954446,-87.75932650000001,1995-03-16,FALSE,domestic
98,289,Budweiser,1820000016,5,3.99,FALSE,Chicago,medium,12,60638,5829 S Archer Ave,41.7954446,-87.75932650000001,1995-03-23,FALSE,domestic
98,290,Budweiser,1820000016,6,3.99,FALSE,Chicago,medium,12,60638,5829 S Archer Ave,41.7954446,-87.75932650000001,1995-03-30,FALSE,domestic
98,291,Budweiser,1820000016,11,3.99,FALSE,Chicago,medium,12,60638,5829 S Archer Ave,41.7954446,-87.75932650000001,1995-04-06,FALSE,domestic
98,292,Budweiser,1820000016,13,3.99,FALSE,Chicago,medium,12,60638,5829 S Archer Ave,41.7954446,-87.75932650000001,1995-04-13,TRUE,domestic
98,293,Budweiser,1820000016,13,3.99,FALSE,Chicago,medium,12,60638,5829 S Archer Ave,41.7954446,-87.75932650000001,1995-04-20,FALSE,domestic
98,294,Budweiser,1820000016,9,3.99,FALSE,Chicago,medium,12,60638,5829 S Archer Ave,41.7954446,-87.75932650000001,1995-04-27,FALSE,domestic
98,295,Budweiser,1820000016,17,3.99,FALSE,Chicago,medium,12,60638,5829 S Archer Ave,41.7954446,-87.75932650000001,1995-05-04,FALSE,domestic
98,296,Budweiser,1820000016,9,3.99,FALSE,Chicago,medium,12,60638,5829 S Archer Ave,41.7954446,-87.75932650000001,1995-05-11,FALSE,domestic
98,297,Budweiser,1820000016,12,3.99,FALSE,Chicago,medium,12,60638,5829 S Archer Ave,41.7954446,-87.75932650000001,1995-05-18,FALSE,domestic
98,298,Budweiser,1820000016,12,3.99,FALSE,Chicago,medium,12,60638,5829 S Archer Ave,41.7954446,-87.75932650000001,1995-05-25,TRUE,domestic
98,299,Budweiser,1820000016,12,3.99,FALSE,Chicago,medium,12,60638,5829 S Archer Ave,41.7954446,-87.75932650000001,1995-06-01,FALSE,domestic
98,300,Budweiser,1820000016,10,3.99,FALSE,Chicago,medium,12,60638,5829 S Archer Ave,41.7954446,-87.75932650000001,1995-06-08,FALSE,domestic
