data/beer.csv
store,week,brand,upc,qty,price,sales_indicator,city,price_tier,zone,zip,address,latitude,longtitude,start_of_week,is_holiday_week,imported
98,91,Corona,8066095605,5,5.79,FALSE,Chicago,medium,12,60638,5829 S Archer Ave,41.7954446,-87.75932650000001,1991-06-06,FALSE,imported
98,92,Corona,8066095605,9,5.79,FALSE,Chicago,medium,12,60638,5829 S Archer Ave,41.7954446,-87.75932650000001,1991-06-13,FALSE,imported
98,93,Corona,8066095605,15,4.39,FALSE,Chicago,medium,12,60638,5829 S Archer Ave,41.7954446,-87.75932650000001,1991-06-20,FALSE,imported
98,94,Corona,8066095605,18,4.39,FALSE,Chicago,medium,12,60638,5829 S Archer Ave,41.7954446,-87.75932650000001,1991-06-27,FALSE,imported
98,95,Corona,8066095605,14,5.79,FALSE,Chicago,medium,12,60638,5829 S Archer Ave,41.7954446,-87.75932650000001,1991-07-04,TRUE,imported
98,96,Corona,8066095605,9,5.79,FALSE,Chicago,medium,12,60638,5829 S Archer Ave,41.7954446,-87.75932650000001,1991-07-11,FALSE,imported
98,97,Corona,8066095605,5,5.79,FALSE,Chicago,medium,12,60638,5829 S Archer Ave,41.7954446,-87.75932650000001,1991-07-18,FALSE,imported
98,98,Corona,8066095605,13,5.79,FALSE,Chicago,medium,12,60638,5829 S Archer Ave,41.7954446,-87.75932650000001,1991-07-25,FALSE,imported
98,99,Corona,8066095605,4,5.79,FALSE,Chicago,medium,12,60638,5829 S Archer Ave,41.7954446,-87.75932650000001,1991-08-01,FALSE,imported
98,100,Corona,8066095605,4,5.79,FALSE,Chicago,medium,12,60638,5829 S Archer Ave,41.7954446,-87.75932650000001,1991-08-08,FALSE,imported
98,101,Corona,8066095605,4,5.79,FALSE,Chicago,medium,12,60638,5829 S Archer Ave,41.7954446,-87.75932650000001,1991-08-15,FALSE,imported
98,102,Corona,8066095605,4,5.79,FALSE,Chicago,medium,12,60638,5829 S Archer Ave,41.7954446,-87.75932650000001,1991-08-22,FALSE,imported
98,103,Corona,8066095605,8,5.29,FALSE,Chicago,medium,12,60638,5829 S Archer Ave,41.7954446,-87.75932650000001,1991-08-29,TRUE,imported
98,104,Corona,8066095605,5,4.99,FALSE,Chicago,medium,12,60638,5829 S Archer Ave,41.7954446,-87.75932650000001,1991-09-05,FALSE,imported
98,105,Corona,8066095605,10,4.99,FALSE,Chicago,medium,12,60638,5829 S Archer Ave,41.7954446,-87.75932650000001,1991-09-12,FALSE,imported
98,106,Corona,8066095605,7,5.79,FALSE,Chicago,medium,12,60638,5829 S Archer Ave,41.7954446,-87.75932650000001,1991-09-19,FALSE,imported
98,107,Corona,8066095605,2,5.79,FALSE,Chicago,medium,12,60638,5829 S Archer Ave,41.7954446,-87.75932650000001,1991-09-26,FALSE,imported
98,108,Corona,8066095605,3,5.79,FALSE,Chicago,medium,12,60638,5829 S Archer Ave,41.7954446,-87.75932650000001,1991-10-03,FALSE,imported
98,109,Corona,8066095605,12,5.79,FALSE,Chicago,medium,12,60638,5829 S Archer Ave,41.7954446,-87.75932650000001,1991-10-10,TRUE,imported
98,110,Corona,8066095605,8,5.79,FALSE,Chicago,medium,12,60638,5829 S Archer Ave,41.7954446,-87.75932650000001,1991-10-17,FALSE,imported
98,111,Corona,8066095605,10,5.79,FALSE,Chicago,medium,12,60638,5829 S Archer Ave,41.7954446,-87.75932650000001,1991-10-24,FALSE,imported
98,112,Corona,8066095605,3,5.79,FALSE,Chicago,medium,12,60638,5829 S Archer Ave,41.7954446,-87.75932650000001,1991-10-31,TRUE,imported
98,113,Corona,8066095605,11,5.79,FALSE,Chicago,medium,12,60638,5829 S Archer Ave,41.7954446,-87.75932650000001,1991-11-07,TRUE,imported
98,114,Corona,8066095605,1,5.79,FALSE,Chicago,medium,12,60638,5829 S Archer Ave,41.7954446,-87.75932650000001,1991-11-14,FALSE,imported
98,115,Corona,8066095605,7,5.79,FALSE,Chicago,medium,12,60638,5829 S Archer Ave,41.7954446,-87.75932650000001,1991-11-21,FALSE,imported
98,116,Corona,8066095605,8,5.79,FALSE,Chicago,medium,12,60638,5829 S Archer Ave,41.7954446,-87.75932650000001,1991-11-28,TRUE,imported
98,117,Corona,8066095605,7,5.79,FALSE,Chicago,medium,12,60638,5829 S Archer Ave,41.7954446,-87.75932650000001,1991-12-05,FALSE,imported
98,118,Corona,8066095605,5,5.79,FALSE,Chicago,medium,12,60638,5829 S Archer Ave,41.7954446,-87.75932650000001,1991-12-12,FALSE,imported
98,119,Corona,8066095605,6,4.99,FALSE,Chicago,medium,12,60638,5829 S Archer Ave,41.7954446,-87.75932650000001,1991-12-19,TRUE,imported
98,120,Corona,8066095605,8,4.99,FALSE,Chicago,medium,12,60638,5829 S Archer Ave,41.7954446,-87.75932650000001,1991-12-26,TRUE,imported
98,121,Corona,8066095605,11,5.79,FALSE,Chicago,medium,12,60638,5829 S Archer Ave,41.7954446,-87.75932650000001,1992-01-02,FALSE,imported
98,122,Corona,8066095605,3,4.99,FALSE,Chicago,medium,12,60638,5829 S Archer Ave,41.7954446,-87.75932650000001,1992-01-09,FALSE,imported
98,123,Corona,8066095605,27,4.99,FALSE,Chicago,medium,12,60638,5829 S Archer Ave,41.7954446,-87.75932650000001,1992-01-16,TRUE,imported
98,124,Corona,8066095605,2,5.79,FALSE,Chicago,medium,12,60638,5829 S Archer Ave,41.7954446,-87.75932650000001,1992-01-23,FALSE,imported
98,125,Corona,8066095605,5,5.99,FALSE,Chicago,medium,12,60638,5829 S Archer Ave,41.7954446,-87.75932650000001,1992-01-30,FALSE,imported
98,126,Corona,8066095605,4,5.99,FALSE,Chicago,medium,12,60638,5829 S Archer Ave,41.7954446,-87.75932650000001,1992-02-06,TRUE,imported
98,127,Corona,8066095605,6,5.99,FALSE,Chicago,medium,12,60638,5829 S Archer Ave,41.7954446,-87.75932650000001,1992-02-13,TRUE,imported
98,128,Corona,8066095605,10,5.99,FALSE,Chicago,medium,12,60638,5829 S Archer Ave,41.7954446,-87.75932650000001,1992-02-20,TRUE,imported
98,129,Corona,8066095605,5,5.99,FALSE,Chicago,medium,12,60638,5829 S Archer Ave,41.7954446,-87.75932650000001,1992-02-27,TRUE,imported
98,130,Corona,8066095605,9,5.99,FALSE,Chicago,medium,12,60638,5829 S Archer Ave,41.7954446,-87.75932650000001,1992-03-05,FALSE,imported
98,131,Corona,8066095605,11,5.99,FALSE,Chicago,medium,12,60638,5829 S Archer Ave,41.7954446,-87.75932650000001,1992-03-12,FALSE,imported
98,133,Corona,8066095605,4,5.99,FALSE,Chicago,medium,12,60638,5829 S Archer Ave,41.7954446,-87.75932650000001,1992-03-26,FALSE,imported
98,134,Corona,8066095605,5,5.99,FALSE,Chicago,medium,12,60638,5829 S Archer Ave,41.7954446,-87.75932650000001,1992-04-02,FALSE,imported
98,135,Corona,8066095605,13,4.69,FALSE,Chicago,medium,12,60638,5829 S Archer Ave,41.7954446,-87.75932650000001,1992-04-09,FALSE,imported
98,136,Corona,8066095605,11,4.69,FALSE,Chicago,medium,12,60638,5829 S Archer Ave,41.7954446,-87.75932650000001,1992-04-16,TRUE,imported
98,137,Corona,8066095605,7,5.99,FALSE,Chicago,medium,12,60638,5829 S Archer Ave,41.7954446,-87.75932650000001,1992-04-23,FALSE,imported
98,138,Corona,8066095605,12,5.99,FALSE,Chicago,medium,12,60638,5829 S Archer Ave,41.7954446,-87.75932650000001,1992-04-30,FALSE,imported
98,139,Corona,8066095605,22,4.29,FALSE,Chicago,medium,12,60638,5829 S Archer Ave,41.7954446,-87.75932650000001,1992-05-07,FALSE,imported
98,140,Corona,8066095605,28,4.29,FALSE,Chicago,medium,12,60638,5829 S Archer Ave,41.7954446,-87.75932650000001,1992-05-14,FALSE,imported
98,141,Corona,8066095605,9,5.99,FALSE,Chicago,medium,12,60638,5829 S Archer Ave,41.7954446,-87.75932650000001,1992-05-21,TRUE,imported
98,142,Corona,8066095605,10,5.99,FALSE,Chicago,medium,12,60638,5829 S Archer Ave,41.7954446,-87.75932650000001,1992-05-28,TRUE,imported
98,143,Corona,8066095605,11,5.99,FALSE,Chicago,medium,12,60638,5829 S Archer Ave,41.7954446,-87.75932650000001,1992-06-04,FALSE,imported
98,144,Corona,8066095605,7,5.99,FALSE,Chicago,medium,12,60638,5829 S Archer Ave,41.7954446,-87.75932650000001,1992-06-11,FALSE,imported
98,145,Corona,8066095605,22,4.49,FALSE,Chicago,medium,12,60638,5829 S Archer Ave,41.7954446,-87.75932650000001,1992-06-18,FALSE,imported
98,146,Corona,8066095605,12,4.49,FALSE,Chicago,medium,12,60638,5829 S Archer Ave,41.7954446,-87.75932650000001,1992-06-25,FALSE,imported
98,147,Corona,8066095605,5,5.99,FALSE,Chicago,medium,12,60638,5829 S Archer Ave,41.7954446,-87.75932650000001,1992-07-02,TRUE,imported
98,148,Corona,8066095605,18,5.99,FALSE,Chicago,medium,12,60638,5829 S Archer Ave,41.7954446,-87.75932650000001,1992-07-09,FALSE,imported
98,149,Corona,8066095605,11,4.99,FALSE,Chicago,medium,12,60638,5829 S Archer Ave,41.7954446,-87.75932650000001,1992-07-16,FALSE,imported
98,150,Corona,8066095605,10,5.99,FALSE,Chicago,medium,12,60638,5829 S Archer Ave,41.7954446,-87.75932650000001,1992-07-23,FALSE,imported
98,151,Corona,8066095605,11,5.99,FALSE,Chicago,medium,12,60638,5829 S Archer Ave,41.7954446,-87.75932650000001,1992-07-30,FALSE,imported
98,152,Corona,8066095605,5,5.99,FALSE,Chicago,medium,12,60638,5829 S Archer Ave,41.7954446,-87.75932650000001,1992-08-06,FALSE,imported
98,153,Corona,8066095605,14,4.49,FALSE,Chicago,medium,12,60638,5829 S Archer Ave,41.7954446,-87.75932650000001,1992-08-13,FALSE,imported
98,154,Corona,8066095605,21,4.49,FALSE,Chicago,medium,12,60638,5829 S Archer Ave,41.7954446,-87.75932650000001,1992-08-20,FALSE,imported
98,155,Corona,8066095605,12,5.99,FALSE,Chicago,medium,12,60638,5829 S Archer Ave,41.7954446,-87.75932650000001,1992-08-27,FALSE,imported
98,156,Corona,8066095605,7,5.99,FALSE,Chicago,medium,12,60638,5829 S Archer Ave,41.7954446,-87.75932650000001,1992-09-03,TRUE,imported
98,157,Corona,8066095605,3,5.99,FALSE,Chicago,medium,12,60638,5829 S Archer Ave,41.7954446,-87.75932650000001,1992-09-10,FALSE,imported
98,158,Corona,8066095605,4,5.99,FALSE,Chicago,medium,12,60638,5829 S Archer Ave,41.7954446,-87.75932650000001,1992-09-17,FALSE,imported
98,159,Corona,8066095605,5,5.99,FALSE,Chicago,medium,12,60638,5829 S Archer Ave,41.7954446,-87.75932650000001,1992-09-24,FALSE,imported
98,160,Corona,8066095605,1,5.99,FALSE,Chicago,medium,12,60638,5829 S Archer Ave,41.7954446,-87.75932650000001,1992-10-01,FALSE,imported
98,161,Corona,8066095605,4,5.99,FALSE,Chicago,medium,12,60638,5829 S Archer Ave,41.7954446,-87.75932650000001,1992-10-08,TRUE,imported
98,162,Corona,8066095605,4,5.99,FALSE,Chicago,medium,12,60638,5829 S Archer Ave,41.7954446,-87.75932650000001,1992-10-15,FALSE,imported
98,163,Corona,8066095605,2,5.99,FALSE,Chicago,medium,12,60638,5829 S Archer Ave,41.7954446,-87.75932650000001,1992-10-22,FALSE,imported
98,164,Corona,8066095605,3,5.99,FALSE,Chicago,medium,12,60638,5829 S Archer Ave,41.7954446,-87.75932650000001,1992-10-29,TRUE,imported
98,165,Corona,8066095605,5,5.99,FALSE,Chicago,medium,12,60638,5829 S Archer Ave,41.7954446,-87.75932650000001,1992-11-05,TRUE,imported
98,166,Corona,8066095605,4,5.99,FALSE,Chicago,medium,12,60638,5829 S Archer Ave,41.7954446,-87.75932650000001,1992-11-12,FALSE,imported
98,167,Corona,8066095605,15,5.99,FALSE,Chicago,medium,12,60638,5829 S Archer Ave,41.7954446,-87.75932650000001,1992-11-19,FALSE,imported
98,168,Corona,8066095605,5,5.99,FALSE,Chicago,medium,12,60638,5829 S Archer Ave,41.7954446,-87.75932650000001,1992-11-26,TRUE,imported
98,169,Corona,8066095605,6,5.99,FALSE,Chicago,medium,12,60638,5829 S Archer Ave,41.7954446,-87.75932650000001,1992-12-03,FALSE,imported
98,170,Corona,8066095605,2,4.99,FALSE,Chicago,medium,12,60638,5829 S Archer Ave,41.7954446,-87.75932650000001,1992-12-10,FALSE,imported
98,171,Corona,8066095605,15,4.99,FALSE,Chicago,medium,12,60638,5829 S Archer Ave,41.7954446,-87.75932650000001,1992-12-17,FALSE,imported
98,172,Corona,8066095605,9,5.32,FALSE,Chicago,medium,12,60638,5829 S Archer Ave,41.7954446,-87.75932650000001,1992-12-24,TRUE,imported
98,173,Corona,8066095605,13,5.99,FALSE,Chicago,medium,12,60638,5829 S Archer Ave,41.7954446,-87.75932650000001,1992-12-31,TRUE,imported
98,174,Corona,8066095605,16,5.99,FALSE,Chicago,medium,12,60638,5829 S Archer Ave,41.7954446,-87.75932650000001,1993-01-07,FALSE,imported
98,175,Corona,8066095605,4,5.99,FALSE,Chicago,medium,12,60638,5829 S Archer Ave,41.7954446,-87.75932650000001,1993-01-14,TRUE,imported
98,176,Corona,8066095605,5,5.99,FALSE,Chicago,medium,12,60638,5829 S Archer Ave,41.7954446,-87.75932650000001,1993-01-21,FALSE,imported
98,177,Corona,8066095605,4,5.99,FALSE,Chicago,medium,12,60638,5829 S Archer Ave,41.7954446,-87.75932650000001,1993-01-28,FALSE,imported
98,178,Corona,8066095605,3,5.99,FALSE,Chicago,medium,12,60638,5829 S Archer Ave,41.7954446,-87.75932650000001,1993-02-04,FALSE,imported
98,179,Corona,8066095605,2,5.99,FALSE,Chicago,medium,12,60638,5829 S Archer Ave,41.7954446,-87.75932650000001,1993-02-11,TRUE,imported
98,180,Corona,8066095605,2,5.99,FALSE,Chicago,medium,12,60638,5829 S Archer Ave,41.7954446,-87.75932650000001,1993-02-18,TRUE,imported
98,181,Corona,8066095605,2,5.99,FALSE,Chicago,medium,12,60638,5829 S Archer Ave,41.7954446,-87.75932650000001,1993-02-25,TRUE,imported
98,182,Corona,8066095605,7,5.99,FALSE,Chicago,medium,12,60638,5829 S Archer Ave,41.7954446,-87.75932650000001,1993-03-04,FALSE,imported
98,183,Corona,8066095605,6,5.99,FALSE,Chicago,medium,12,60638,5829 S Archer Ave,41.7954446,-87.75932650000001,1993-03-11,FALSE,imported
98,184,Corona,8066095605,3,5.99,FALSE,Chicago,medium,12,60638,5829 S Archer Ave,41.7954446,-87.75932650000001,1993-03-18,FALSE,imported
98,185,Corona,8066095605,3,5.99,FALSE,Chicago,medium,12,60638,5829 S Archer Ave,41.7954446,-87.75932650000001,1993-03-25,FALSE,imported
98,186,Corona,8066095605,11,5.99,FALSE,Chicago,medium,12,60638,5829 S Archer Ave,41.7954446,-87.75932650000001,1993-04-01,FALSE,imported
98,187,Corona,8066095605,7,5.99,FALSE,Chicago,medium,12,60638,5829 S Archer Ave,41.7954446,-87.75932650000001,1993-04-08,TRUE,imported
98,188,Corona,8066095605,5,5.99,FALSE,Chicago,medium,12,60638,5829 S Archer Ave,41.7954446,-87.75932650000001,1993-04-15,FALSE,imported
98,189,Corona,8066095605,4,5.99,FALSE,Chicago,medium,12,60638,5829 S Archer Ave,41.7954446,-87.75932650000001,1993-04-22,FALSE,imported
98,190,Corona,8066095605,18,4.49,TRUE,Chicago,medium,12,60638,5829 S Archer Ave,41.7954446,-87.75932650000001,1993-04-29,FALSE,imported
98,191,Corona,8066095605,15,5.99,FALSE,Chicago,medium,12,60638,5829 S Archer Ave,41.7954446,-87.75932650000001,1993-05-06,FALSE,imported
98,192,Corona,8066095605,6,5.99,FALSE,Chicago,medium,12,60638,5829 S Archer Ave,41.7954446,-87.75932650000001,1993-05-13,FALSE,imported
98,193,Corona,8066095605,6,5.99,FALSE,Chicago,medium,12,60638,5829 S Archer Ave,41.7954446,-87.75932650000001,1993-05-20,FALSE,imported
98,194,Corona,8066095605,9,5.99,FALSE,Chicago,medium,12,60638,5829 S Archer Ave,41.7954446,-87.75932650000001,1993-05-27,TRUE,imported
98,195,Corona,8066095605,4,5.99,FALSE,Chicago,medium,12,60638,5829 S Archer Ave,41.7954446,-87.75932650000001,1993-06-03,FALSE,imported
98,196,Corona,8066095605,11,5.99,FALSE,Chicago,medium,12,60638,5829 S Archer Ave,41.7954446,-87.75932650000001,1993-06-10,FALSE,imported
98,197,Corona,8066095605,10,4.99,FALSE,Chicago,medium,12,60638,5829 S Archer Ave,41.7954446,-87.75932650000001,1993-06-17,FALSE,imported
98,198,Corona,8066095605,12,4.99,FALSE,Chicago,medium,12,60638,5829 S Archer Ave,41.7954446,-87.75932650000001,1993-06-24,FALSE,imported
98,199,Corona,8066095605,10,5.99,FALSE,Chicago,medium,12,60638,5829 S Archer Ave,41.7954446,-87.75932650000001,1993-07-01,TRUE,imported
98,200,Corona,8066095605,16,5.99,FALSE,Chicago,medium,12,60638,5829 S Archer Ave,41.7954446,-87.75932650000001,1993-07-08,FALSE,imported
98,201,Corona,8066095605,12,5.99,FALSE,Chicago,medium,12,60638,5829 S Archer Ave,41.7954446,-87.75932650000001,1993-07-15,FALSE,imported
98,202,Corona,8066095605,5,5.99,FALSE,Chicago,medium,12,60638,5829 S Archer Ave,41.7954446,-87.75932650000001,1993-07-22,FALSE,imported
98,203,Corona,8066095605,6,5.99,FALSE,Chicago,medium,12,60638,5829 S Archer Ave,41.7954446,-87.75932650000001,1993-07-29,FALSE,imported
98,204,Corona,8066095605,3,5.99,FALSE,Chicago,medium,12,60638,5829 S Archer Ave,41.7954446,-87.75932650000001,1993-08-05,FALSE,imported
98,205,Corona,8066095605,22,4.49,FALSE,Chicago,medium,12,60638,5829 S Archer Ave,41.7954446,-87.75932650000001,1993-08-12,FALSE,imported
98,206,Corona,8066095605,18,4.49,FALSE,Chicago,medium,12,60638,5829 S Archer Ave,41.7954446,-87.75932650000001,1993-08-19,FALSE,imported
98,207,Corona,8066095605,9,5.99,FALSE,Chicago,medium,12,60638,5829 S Archer Ave,41.7954446,-87.75932650000001,1993-08-26,FALSE,imported
98,208,Corona,8066095605,9,5.99,FALSE,Chicago,medium,12,60638,5829 S Archer Ave,41.7954446,-87.75932650000001,1993-09-02,TRUE,imported
98,209,Corona,8066095605,3,5.99,FALSE,Chicago,medium,12,60638,5829 S Archer Ave,41.7954446,-87.75932650000001,1993-09-09,FALSE,imported
98,210,Corona,8066095605,5,5.99,FALSE,Chicago,medium,12,60638,5829 S Archer Ave,41.7954446,-87.75932650000001,1993-09-16,FALSE,imported
98,211,Corona,8066095605,2,5.99,FALSE,Chicago,medium,12,60638,5829 S Archer Ave,41.7954446,-87.75932650000001,1993-09-23,FALSE,imported
98,212,Corona,8066095605,6,5.99,FALSE,Chicago,medium,12,60638,5829 S Archer Ave,41.7954446,-87.75932650000001,1993-09-30,FALSE,imported
98,213,Corona,8066095605,6,5.99,FALSE,Chicago,medium,12,60638,5829 S Archer Ave,41.7954446,-87.75932650000001,1993-10-07,TRUE,imported
98,214,Corona,8066095605,9,5.99,FALSE,Chicago,medium,12,60638,5829 S Archer Ave,41.7954446,-87.75932650000001,1993-10-14,FALSE,imported
98,215,Corona,8066095605,7,5.99,FALSE,Chicago,medium,12,60638,5829 S Archer Ave,41.7954446,-87.75932650000001,1993-10-21,FALSE,imported
98,216,Corona,8066095605,8,5.99,FALSE,Chicago,medium,12,60638,5829 S Archer Ave,41.7954446,-87.75932650000001,1993-10-28,TRUE,imported
98,217,Corona,8066095605,8,5.99,FALSE,Chicago,medium,12,60638,5829 S Archer Ave,41.7954446,-87.75932650000001,1993-11-04,FALSE,imported
98,218,Corona,8066095605,7,5.99,FALSE,Chicago,medium,12,60638,5829 S Archer Ave,41.7954446,-87.75932650000001,1993-11-11,TRUE,imported
98,220,Corona,8066095605,7,5.99,FALSE,Chicago,medium,12,60638,5829 S Archer Ave,41.7954446,-87.75932650000001,1993-11-25,TRUE,imported
98,221,Corona,8066095605,16,4.58,FALSE,Chicago,medium,12,60638,5829 S Archer Ave,41.7954446,-87.75932650000001,1993-12-02,FALSE,imported
98,222,Corona,8066095605,14,4.49,FALSE,Chicago,medium,12,60638,5829 S Archer Ave,41.7954446,-87.75932650000001,1993-12-09,FALSE,imported
98,223,Corona,8066095605,11,5.99,FALSE,Chicago,medium,12,60638,5829 S Archer Ave,41.7954446,-87.75932650000001,1993-12-16,FALSE,imported
