data/beer.csv
store,week,brand,upc,qty,price,sales_indicator,city,price_tier,zone,zip,address,latitude,longtitude,start_of_week,is_holiday_week,imported
98,224,Corona,8066095605,3,5.99,FALSE,Chicago,medium,12,60638,5829 S Archer Ave,41.7954446,-87.75932650000001,1993-12-23,TRUE,imported
98,225,Corona,8066095605,14,5.99,FALSE,Chicago,medium,12,60638,5829 S Archer Ave,41.7954446,-87.75932650000001,1993-12-30,TRUE,imported
98,226,Corona,8066095605,6,5.99,FALSE,Chicago,medium,12,60638,5829 S Archer Ave,41.7954446,-87.75932650000001,1994-01-06,FALSE,imported
98,227,Corona,8066095605,5,5.99,FALSE,Chicago,medium,12,60638,5829 S Archer Ave,41.7954446,-87.75932650000001,1994-01-13,TRUE,imported
98,228,Corona,8066095605,3,5.99,FALSE,Chicago,medium,12,60638,5829 S Archer Ave,41.7954446,-87.75932650000001,1994-01-20,TRUE,imported
98,229,Corona,8066095605,6,5.99,FALSE,Chicago,medium,12,60638,5829 S Archer Ave,41.7954446,-87.75932650000001,1994-01-27,FALSE,imported
98,230,Corona,8066095605,17,4.49,FALSE,Chicago,medium,12,60638,5829 S Archer Ave,41.7954446,-87.75932650000001,1994-02-03,FALSE,imported
98,231,Corona,8066095605,10,4.49,FALSE,Chicago,medium,12,60638,5829 S Archer Ave,41.7954446,-87.75932650000001,1994-02-10,TRUE,imported
98,232,Corona,8066095605,17,4.49,FALSE,Chicago,medium,12,60638,5829 S Archer Ave,41.7954446,-87.75932650000001,1994-02-17,TRUE,imported
98,233,Corona,8066095605,10,4.49,FALSE,Chicago,medium,12,60638,5829 S Archer Ave,41.7954446,-87.75932650000001,1994-02-24,FALSE,imported
98,234,Corona,8066095605,10,5.99,FALSE,Chicago,medium,12,60638,5829 S Archer Ave,41.7954446,-87.75932650000001,1994-03-03,TRUE,imported
98,235,Corona,8066095605,10,5.99,FALSE,Chicago,medium,12,60638,5829 S Archer Ave,41.7954446,-87.75932650000001,1994-03-10,FALSE,imported
98,236,Corona,8066095605,6,5.99,FALSE,Chicago,medium,12,60638,5829 S Archer Ave,41.7954446,-87.75932650000001,1994-03-17,FALSE,imported
98,237,Corona,8066095605,9,5.99,FALSE,Chicago,medium,12,60638,5829 S Archer Ave,41.7954446,-87.75932650000001,1994-03-24,FALSE,imported
98,238,Corona,8066095605,8,5.99,FALSE,Chicago,medium,12,60638,5829 S Archer Ave,41.7954446,-87.75932650000001,1994-03-31,TRUE,imported
98,239,Corona,8066095605,7,5.99,FALSE,Chicago,medium,12,60638,5829 S Archer Ave,41.7954446,-87.75932650000001,1994-04-07,FALSE,imported
98,240,Corona,8066095605,8,5.99,FALSE,Chicago,medium,12,60638,5829 S Archer Ave,41.7954446,-87.75932650000001,1994-04-14,FALSE,imported
98,241,Corona,8066095605,10,5.99,FALSE,Chicago,medium,12,60638,5829 S Archer Ave,41.7954446,-87.75932650000001,1994-04-21,FALSE,imported
98,242,Corona,8066095605,5,5.99,FALSE,Chicago,medium,12,60638,5829 S Archer Ave,41.7954446,-87.75932650000001,1994-04-28,FALSE,imported
98,243,Corona,8066095605,7,5.99,FALSE,Chicago,medium,12,60638,5829 S Archer Ave,41.7954446,-87.75932650000001,1994-05-05,FALSE,imported
98,244,Corona,8066095605,9,5.99,FALSE,Chicago,medium,12,60638,5829 S Archer Ave,41.7954446,-87.75932650000001,1994-05-12,FALSE,imported
98,245,Corona,8066095605,11,5.99,FALSE,Chicago,medium,12,60638,5829 S Archer Ave,41.7954446,-87.75932650000001,1994-05-19,FALSE,imported
98,246,Corona,8066095605,19,5.99,FALSE,Chicago,medium,12,60638,5829 S Archer Ave,41.7954446,-87.75932650000001,1994-05-26,TRUE,imported
98,247,Corona,8066095605,21,4.69,FALSE,Chicago,medium,12,60638,5829 S Archer Ave,41.7954446,-87.75932650000001,1994-06-02,FALSE,imported
98,248,Corona,8066095605,22,4.69,FALSE,Chicago,medium,12,60638,5829 S Archer Ave,41.7954446,-87.75932650000001,1994-06-09,FALSE,imported
98,249,Corona,8066095605,37,4.69,FALSE,Chicago,medium,12,60638,5829 S Archer Ave,41.7954446,-87.75932650000001,1994-06-16,FALSE,imported
98,250,Corona,8066095605,28,4.69,FALSE,Chicago,medium,12,60638,5829 S Archer Ave,41.7954446,-87.75932650000001,1994-06-23,FALSE,imported
98,251,Corona,8066095605,10,5.47,FALSE,Chicago,medium,12,60638,5829 S Archer Ave,41.7954446,-87.75932650000001,1994-06-30,TRUE,imported
98,252,Corona,8066095605,13,6.02,FALSE,Chicago,medium,12,60638,5829 S Archer Ave,41.7954446,-87.75932650000001,1994-07-07,FALSE,imported
98,253,Corona,8066095605,10,6.19,FALSE,Chicago,medium,12,60638,5829 S Archer Ave,41.7954446,-87.75932650000001,1994-07-14,FALSE,imported
98,254,Corona,8066095605,12,6.19,FALSE,Chicago,medium,12,60638,5829 S Archer Ave,41.7954446,-87.75932650000001,1994-07-21,FALSE,imported
98,255,Corona,8066095605,5,6.19,FALSE,Chicago,medium,12,60638,5829 S Archer Ave,41.7954446,-87.75932650000001,1994-07-28,FALSE,imported
98,256,Corona,8066095605,8,5.97,FALSE,Chicago,medium,12,60638,5829 S Archer Ave,41.7954446,-87.75932650000001,1994-08-04,FALSE,imported
98,257,Corona,8066095605,6,4.49,FALSE,Chicago,medium,12,60638,5829 S Archer Ave,41.7954446,-87.75932650000001,1994-08-11,FALSE,imported
98,258,Corona,8066095605,29,4.49,FALSE,Chicago,medium,12,60638,5829 S Archer Ave,41.7954446,-87.75932650000001,1994-08-18,FALSE,imported
98,259,Corona,8066095605,4,6.19,FALSE,Chicago,medium,12,60638,5829 S Archer Ave,41.7954446,-87.75932650000001,1994-08-25,FALSE,imported
98,260,Corona,8066095605,13,6.19,FALSE,Chicago,medium,12,60638,5829 S Archer Ave,41.7954446,-87.75932650000001,1994-09-01,TRUE,imported
98,261,Corona,8066095605,8,6.19,FALSE,Chicago,medium,12,60638,5829 S Archer Ave,41.7954446,-87.75932650000001,1994-09-08,FALSE,imported
98,266,Corona,8066095605,3,6.19,FALSE,Chicago,medium,12,60638,5829 S Archer Ave,41.7954446,-87.75932650000001,1994-10-13,FALSE,imported
98,267,Corona,8066095605,3,6.19,FALSE,Chicago,medium,12,60638,5829 S Archer Ave,41.7954446,-87.75932650000001,1994-10-20,FALSE,imported
98,269,Corona,8066095605,6,6.19,FALSE,Chicago,medium,12,60638,5829 S Archer Ave,41.7954446,-87.75932650000001,1994-11-03,TRUE,imported
98,270,Corona,8066095605,11,6.19,FALSE,Chicago,medium,12,60638,5829 S Archer Ave,41.7954446,-87.75932650000001,1994-11-10,TRUE,imported
98,271,Corona,8066095605,5,6.19,FALSE,Chicago,medium,12,60638,5829 S Archer Ave,41.7954446,-87.75932650000001,1994-11-17,FALSE,imported
98,272,Corona,8066095605,6,6.19,FALSE,Chicago,medium,12,60638,5829 S Archer Ave,41.7954446,-87.75932650000001,1994-11-24,TRUE,imported
98,273,Corona,8066095605,5,6.19,FALSE,Chicago,medium,12,60638,5829 S Archer Ave,41.7954446,-87.75932650000001,1994-12-01,FALSE,imported
98,274,Corona,8066095605,4,6.19,FALSE,Chicago,medium,12,60638,5829 S Archer Ave,41.7954446,-87.75932650000001,1994-12-08,FALSE,imported
98,275,Corona,8066095605,4,6.19,FALSE,Chicago,medium,12,60638,5829 S Archer Ave,41.7954446,-87.75932650000001,1994-12-15,FALSE,imported
98,276,Corona,8066095605,12,6.19,FALSE,Chicago,medium,12,60638,5829 S Archer Ave,41.7954446,-87.75932650000001,1994-12-22,TRUE,imported
98,277,Corona,8066095605,11,6.19,FALSE,Chicago,medium,12,60638,5829 S Archer Ave,41.7954446,-87.75932650000001,1994-12-29,TRUE,imported
98,278,Corona,8066095605,6,6.19,FALSE,Chicago,medium,12,60638,5829 S Archer Ave,41.7954446,-87.75932650000001,1995-01-05,FALSE,imported
98,279,Corona,8066095605,14,6.19,FALSE,Chicago,medium,12,60638,5829 S Archer Ave,41.7954446,-87.75932650000001,1995-01-12,TRUE,imported
98,280,Corona,8066095605,17,6.19,FALSE,Chicago,medium,12,60638,5829 S Archer Ave,41.7954446,-87.75932650000001,1995-01-19,TRUE,imported
98,281,Corona,8066095605,7,6.19,FALSE,Chicago,medium,12,60638,5829 S Archer Ave,41.7954446,-87.75932650000001,1995-01-26,FALSE,imported
98,282,Corona,8066095605,6,6.19,FALSE,Chicago,medium,12,60638,5829 S Archer Ave,41.7954446,-87.75932650000001,1995-02-02,FALSE,imported
98,283,Corona,8066095605,14,6.19,FALSE,Chicago,medium,12,60638,5829 S Archer Ave,41.7954446,-87.75932650000001,1995-02-09,TRUE,imported
98,286,Corona,8066095605,3,6.19,FALSE,Chicago,medium,12,60638,5829 S Archer Ave,41.7954446,-87.75932650000001,1995-03-02,TRUE,imported
98,287,Corona,8066095605,3,6.19,FALSE,Chicago,medium,12,60638,5829 S Archer Ave,41.7954446,-87.75932650000001,1995-03-09,FALSE,imported
98,288,Corona,8066095605,5,5.99,FALSE,Chicago,medium,12,60638,5829 S Archer Ave,41.7954446,-87.75932650000001,1995-03-16,FALSE,imported
98,289,Corona,8066095605,5,5.99,FALSE,Chicago,medium,12,60638,5829 S Archer Ave,41.7954446,-87.75932650000001,1995-03-23,FALSE,imported
98,290,Corona,8066095605,3,5.99,FALSE,Chicago,medium,12,60638,5829 S Archer Ave,41.7954446,-87.75932650000001,1995-03-30,FALSE,imported
98,291,Corona,8066095605,9,5.99,FALSE,Chicago,medium,12,60638,5829 S Archer Ave,41.7954446,-87.75932650000001,1995-04-06,FALSE,imported
98,292,Corona,8066095605,6,5.99,FALSE,Chicago,medium,12,60638,5829 S Archer Ave,41.7954446,-87.75932650000001,1995-04-13,TRUE,imported
98,293,Corona,8066095605,8,5.99,FALSE,Chicago,medium,12,60638,5829 S Archer Ave,41.7954446,-87.75932650000001,1995-04-20,FALSE,imported
98,294,Corona,8066095605,17,4.99,FALSE,Chicago,medium,12,60638,5829 S Archer Ave,41.7954446,-87.75932650000001,1995-04-27,FALSE,imported
98,295,Corona,8066095605,19,4.99,FALSE,Chicago,medium,12,60638,5829 S Archer Ave,41.7954446,-87.75932650000001,1995-05-04,FALSE,imported
98,296,Corona,8066095605,14,5.99,FALSE,Chicago,medium,12,60638,5829 S Archer Ave,41.7954446,-87.75932650000001,1995-05-11,FALSE,imported
98,297,Corona,8066095605,5,5.99,FALSE,Chicago,medium,12,60638,5829 S Archer Ave,41.7954446,-87.75932650000001,1995-05-18,FALSE,imported
98,298,Corona,8066095605,5,5.49,FALSE,Chicago,medium,12,60638,5829 S Archer Ave,41.7954446,-87.75932650000001,1995-05-25,TRUE,imported
98,299,Corona,8066095605,14,5.49,FALSE,Chicago,medium,12,60638,5829 S Archer Ave,41.7954446,-87.75932650000001,1995-06-01,FALSE,imported
98,300,Corona,8066095605,15,5.02,FALSE,Chicago,medium,12,60638,5829 S Archer Ave,41.7954446,-87.75932650000001,1995-06-08,FALSE,imported
98,91,Lowenbrau,3410021505,9,3.99,FALSE,Chicago,medium,12,60638,5829 S Archer Ave,41.7954446,-87.75932650000001,1991-06-06,FALSE,imported
98,92,Lowenbrau,3410021505,34,3.99,FALSE,Chicago,medium,12,60638,5829 S Archer Ave,41.7954446,-87.75932650000001,1991-06-13,FALSE,imported
98,93,Lowenbrau,3410021505,47,3.49,FALSE,Chicago,medium,12,60638,5829 S Archer Ave,41.7954446,-87.75932650000001,1991-06-20,FALSE,imported
98,94,Lowenbrau,3410021505,28,3.49,FALSE,Chicago,medium,12,60638,5829 S Archer Ave,41.7954446,-87.75932650000001,1991-06-27,FALSE,imported
98,95,Lowenbrau,3410021505,22,3.99,FALSE,Chicago,medium,12,60638,5829 S Archer Ave,41.7954446,-87.75932650000001,1991-07-04,TRUE,imported
98,96,Lowenbrau,3410021505,19,3.99,FALSE,Chicago,medium,12,60638,5829 S Archer Ave,41.7954446,-87.75932650000001,1991-07-11,FALSE,imported
98,97,Lowenbrau,3410021505,28,3.99,FALSE,Chicago,medium,12,60638,5829 S Archer Ave,41.7954446,-87.75932650000001,1991-07-18,FALSE,imported
98,98,Lowenbrau,3410021505,42,3.49,FALSE,Chicago,medium,12,60638,5829 S Archer Ave,41.7954446,-87.75932650000001,1991-07-25,FALSE,imported
98,99,Lowenbrau,3410021505,35,3.49,FALSE,Chicago,medium,12,60638,5829 S Archer Ave,41.7954446,-87.75932650000001,1991-08-01,FALSE,imported
98,100,Lowenbrau,3410021505,17,3.99,FALSE,Chicago,medium,12,60638,5829 S Archer Ave,41.7954446,-87.75932650000001,1991-08-08,FALSE,imported
98,101,Lowenbrau,3410021505,30,3.69,FALSE,Chicago,medium,12,60638,5829 S Archer Ave,41.7954446,-87.75932650000001,1991-08-15,FALSE,imported
98,102,Lowenbrau,3410021505,50,3.49,FALSE,Chicago,medium,12,60638,5829 S Archer Ave,41.7954446,-87.75932650000001,1991-08-22,FALSE,imported
98,103,Lowenbrau,3410021505,25,3.49,FALSE,Chicago,medium,12,60638,5829 S Archer Ave,41.7954446,-87.75932650000001,1991-08-29,TRUE,imported
98,104,Lowenbrau,3410021505,24,3.99,FALSE,Chicago,medium,12,60638,5829 S Archer Ave,41.7954446,-87.75932650000001,1991-09-05,FALSE,imported
98,105,Lowenbrau,3410021505,23,3.99,FALSE,Chicago,medium,12,60638,5829 S Archer Ave,41.7954446,-87.75932650000001,1991-09-12,FALSE,imported
98,106,Lowenbrau,3410021505,17,3.99,FALSE,Chicago,medium,12,60638,5829 S Archer Ave,41.7954446,-87.75932650000001,1991-09-19,FALSE,imported
98,107,Lowenbrau,3410021505,43,3.29,FALSE,Chicago,medium,12,60638,5829 S Archer Ave,41.7954446,-87.75932650000001,1991-09-26,FALSE,imported
98,108,Lowenbrau,3410021505,36,3.29,FALSE,Chicago,medium,12,60638,5829 S Archer Ave,41.7954446,-87.75932650000001,1991-10-03,FALSE,imported
98,109,Lowenbrau,3410021505,16,3.99,FALSE,Chicago,medium,12,60638,5829 S Archer Ave,41.7954446,-87.75932650000001,1991-10-10,TRUE,imported
98,110,Lowenbrau,3410021505,10,3.99,FALSE,Chicago,medium,12,60638,5829 S Archer Ave,41.7954446,-87.75932650000001,1991-10-17,FALSE,imported
98,111,Lowenbrau,3410021505,8,3.99,FALSE,Chicago,medium,12,60638,5829 S Archer Ave,41.7954446,-87.75932650000001,1991-10-24,FALSE,imported
98,112,Lowenbrau,3410021505,33,3.29,FALSE,Chicago,medium,12,60638,5829 S Archer Ave,41.7954446,-87.75932650000001,1991-10-31,TRUE,imported
98,113,Lowenbrau,3410021505,21,3.29,FALSE,Chicago,medium,12,60638,5829 S Archer Ave,41.7954446,-87.75932650000001,1991-11-07,TRUE,imported
98,114,Lowenbrau,3410021505,13,3.99,FALSE,Chicago,medium,12,60638,5829 S Archer Ave,41.7954446,-87.75932650000001,1991-11-14,FALSE,imported
98,115,Lowenbrau,3410021505,11,3.99,FALSE,Chicago,medium,12,60638,5829 S Archer Ave,41.7954446,-87.75932650000001,1991-11-21,FALSE,imported
98,116,Lowenbrau,3410021505,32,3.29,FALSE,Chicago,medium,12,60638,5829 S Archer Ave,41.7954446,-87.75932650000001,1991-11-28,TRUE,imported
98,117,Lowenbrau,3410021505,34,3.29,FALSE,Chicago,medium,12,60638,5829 S Archer Ave,41.7954446,-87.75932650000001,1991-12-05,FALSE,imported
98,118,Lowenbrau,3410021505,8,3.99,FALSE,Chicago,medium,12,60638,5829 S Archer Ave,41.7954446,-87.75932650000001,1991-12-12,FALSE,imported
98,119,Lowenbrau,3410021505,16,3.99,FALSE,Chicago,medium,12,60638,5829 S Archer Ave,41.7954446,-87.75932650000001,1991-12-19,TRUE,imported
98,120,Lowenbrau,3410021505,35,3.29,FALSE,Chicago,medium,12,60638,5829 S Archer Ave,41.7954446,-87.75932650000001,1991-12-26,TRUE,imported
98,121,Lowenbrau,3410021505,63,3.29,FALSE,Chicago,medium,12,60638,5829 S Archer Ave,41.7954446,-87.75932650000001,1992-01-02,FALSE,imported
98,122,Lowenbrau,3410021505,12,4.04,FALSE,Chicago,medium,12,60638,5829 S Archer Ave,41.7954446,-87.75932650000001,1992-01-09,FALSE,imported
98,123,Lowenbrau,3410021505,9,4.29,FALSE,Chicago,medium,12,60638,5829 S Archer Ave,41.7954446,-87.75932650000001,1992-01-16,TRUE,imported
98,124,Lowenbrau,3410021505,21,3.49,FALSE,Chicago,medium,12,60638,5829 S Archer Ave,41.7954446,-87.75932650000001,1992-01-23,FALSE,imported
98,125,Lowenbrau,3410021505,21,3.49,FALSE,Chicago,medium,12,60638,5829 S Archer Ave,41.7954446,-87.75932650000001,1992-01-30,FALSE,imported
98,126,Lowenbrau,3410021505,12,3.49,FALSE,Chicago,medium,12,60638,5829 S Archer Ave,41.7954446,-87.75932650000001,1992-02-06,TRUE,imported
98,127,Lowenbrau,3410021505,10,4.29,FALSE,Chicago,medium,12,60638,5829 S Archer Ave,41.7954446,-87.75932650000001,1992-02-13,TRUE,imported
98,128,Lowenbrau,3410021505,9,4.29,FALSE,Chicago,medium,12,60638,5829 S Archer Ave,41.7954446,-87.75932650000001,1992-02-20,TRUE,imported
98,129,Lowenbrau,3410021505,36,3.49,FALSE,Chicago,medium,12,60638,5829 S Archer Ave,41.7954446,-87.75932650000001,1992-02-27,TRUE,imported
98,130,Lowenbrau,3410021505,23,3.49,FALSE,Chicago,medium,12,60638,5829 S Archer Ave,41.7954446,-87.75932650000001,1992-03-05,FALSE,imported
98,131,Lowenbrau,3410021505,5,4.29,FALSE,Chicago,medium,12,60638,5829 S Archer Ave,41.7954446,-87.75932650000001,1992-03-12,FALSE,imported
98,132,Lowenbrau,3410021505,7,4.29,FALSE,Chicago,medium,12,60638,5829 S Archer Ave,41.7954446,-87.75932650000001,1992-03-19,FALSE,imported
98,133,Lowenbrau,3410021505,41,3.49,FALSE,Chicago,medium,12,60638,5829 S Archer Ave,41.7954446,-87.75932650000001,1992-03-26,FALSE,imported
98,134,Lowenbrau,3410021505,38,3.49,FALSE,Chicago,medium,12,60638,5829 S Archer Ave,41.7954446,-87.75932650000001,1992-04-02,FALSE,imported
98,135,Lowenbrau,3410021505,16,4.29,FALSE,Chicago,medium,12,60638,5829 S Archer Ave,41.7954446,-87.75932650000001,1992-04-09,FALSE,imported
98,136,Lowenbrau,3410021505,10,4.29,FALSE,Chicago,medium,12,60638,5829 S Archer Ave,41.7954446,-87.75932650000001,1992-04-16,TRUE,imported
98,137,Lowenbrau,3410021505,21,3.49,FALSE,Chicago,medium,12,60638,5829 S Archer Ave,41.7954446,-87.75932650000001,1992-04-23,FALSE,imported
98,138,Lowenbrau,3410021505,8,3.49,FALSE,Chicago,medium,12,60638,5829 S Archer Ave,41.7954446,-87.75932650000001,1992-04-30,FALSE,imported
98,139,Lowenbrau,3410021505,10,4.29,FALSE,Chicago,medium,12,60638,5829 S Archer Ave,41.7954446,-87.75932650000001,1992-05-07,FALSE,imported
98,140,Lowenbrau,3410021505,11,4.29,FALSE,Chicago,medium,12,60638,5829 S Archer Ave,41.7954446,-87.75932650000001,1992-05-14,FALSE,imported
98,141,Lowenbrau,3410021505,15,4.29,FALSE,Chicago,medium,12,60638,5829 S Archer Ave,41.7954446,-87.75932650000001,1992-05-21,TRUE,imported
98,142,Lowenbrau,3410021505,23,3.49,FALSE,Chicago,medium,12,60638,5829 S Archer Ave,41.7954446,-87.75932650000001,1992-05-28,TRUE,imported
98,143,Lowenbrau,3410021505,34,3.49,FALSE,Chicago,medium,12,60638,5829 S Archer Ave,41.7954446,-87.75932650000001,1992-06-04,FALSE,imported
98,144,Lowenbrau,3410021505,8,4.29,FALSE,Chicago,medium,12,60638,5829 S Archer Ave,41.7954446,-87.75932650000001,1992-06-11,FALSE,imported
98,145,Lowenbrau,3410021505,22,4.29,FALSE,Chicago,medium,12,60638,5829 S Archer Ave,41.7954446,-87.75932650000001,1992-06-18,FALSE,imported
98,146,Lowenbrau,3410021505,24,3.29,FALSE,Chicago,medium,12,60638,5829 S Archer Ave,41.7954446,-87.75932650000001,1992-06-25,FALSE,imported
98,147,Lowenbrau,3410021505,54,3.29,FALSE,Chicago,medium,12,60638,5829 S Archer Ave,41.7954446,-87.75932650000001,1992-07-02,TRUE,imported
98,148,Lowenbrau,3410021505,22,4.29,FALSE,Chicago,medium,12,60638,5829 S Archer Ave,41.7954446,-87.75932650000001,1992-07-09,FALSE,imported
98,149,Lowenbrau,3410021505,20,4.29,FALSE,Chicago,medium,12,60638,5829 S Archer Ave,41.7954446,-87.75932650000001,1992-07-16,FALSE,imported
