data/beer.csv
store,week,brand,upc,qty,price,sales_indicator,city,price_tier,zone,zip,address,latitude,longtitude,start_of_week,is_holiday_week,imported
98,150,Lowenbrau,3410021505,29,3.49,FALSE,Chicago,medium,12,60638,5829 S Archer Ave,41.7954446,-87.75932650000001,1992-07-23,FALSE,imported
98,151,Lowenbrau,3410021505,33,3.49,FALSE,Chicago,medium,12,60638,5829 S Archer Ave,41.7954446,-87.75932650000001,1992-07-30,FALSE,imported
98,152,Lowenbrau,3410021505,21,3.49,TRUE,Chicago,medium,12,60638,5829 S Archer Ave,41.7954446,-87.75932650000001,1992-08-06,FALSE,imported
98,153,Lowenbrau,3410021505,8,4.29,FALSE,Chicago,medium,12,60638,5829 S Archer Ave,41.7954446,-87.75932650000001,1992-08-13,FALSE,imported
98,154,Lowenbrau,3410021505,49,3.49,FALSE,Chicago,medium,12,60638,5829 S Archer Ave,41.7954446,-87.75932650000001,1992-08-20,FALSE,imported
98,155,Lowenbrau,3410021505,33,3.49,FALSE,Chicago,medium,12,60638,5829 S Archer Ave,41.7954446,-87.75932650000001,1992-08-27,FALSE,imported
98,156,Lowenbrau,3410021505,27,4.29,FALSE,Chicago,medium,12,60638,5829 S Archer Ave,41.7954446,-87.75932650000001,1992-09-03,TRUE,imported
98,157,Lowenbrau,3410021505,19,4.29,FALSE,Chicago,medium,12,60638,5829 S Archer Ave,41.7954446,-87.75932650000001,1992-09-10,FALSE,imported
98,158,Lowenbrau,3410021505,8,4.29,FALSE,Chicago,medium,12,60638,5829 S Archer Ave,41.7954446,-87.75932650000001,1992-09-17,FALSE,imported
98,159,Lowenbrau,3410021505,23,3.49,FALSE,Chicago,medium,12,60638,5829 S Archer Ave,41.7954446,-87.75932650000001,1992-09-24,FALSE,imported
98,160,Lowenbrau,3410021505,20,3.49,FALSE,Chicago,medium,12,60638,5829 S Archer Ave,41.7954446,-87.75932650000001,1992-10-01,FALSE,imported
98,161,Lowenbrau,3410021505,13,4.29,FALSE,Chicago,medium,12,60638,5829 S Archer Ave,41.7954446,-87.75932650000001,1992-10-08,TRUE,imported
98,162,Lowenbrau,3410021505,9,4.29,FALSE,Chicago,medium,12,60638,5829 S Archer Ave,41.7954446,-87.75932650000001,1992-10-15,FALSE,imported
98,163,Lowenbrau,3410021505,15,4.29,FALSE,Chicago,medium,12,60638,5829 S Archer Ave,41.7954446,-87.75932650000001,1992-10-22,FALSE,imported
98,164,Lowenbrau,3410021505,32,3.29,FALSE,Chicago,medium,12,60638,5829 S Archer Ave,41.7954446,-87.75932650000001,1992-10-29,TRUE,imported
98,165,Lowenbrau,3410021505,20,3.29,FALSE,Chicago,medium,12,60638,5829 S Archer Ave,41.7954446,-87.75932650000001,1992-11-05,TRUE,imported
98,166,Lowenbrau,3410021505,13,4.29,FALSE,Chicago,medium,12,60638,5829 S Archer Ave,41.7954446,-87.75932650000001,1992-11-12,FALSE,imported
98,167,Lowenbrau,3410021505,24,3.49,FALSE,Chicago,medium,12,60638,5829 S Archer Ave,41.7954446,-87.75932650000001,1992-11-19,FALSE,imported
98,168,Lowenbrau,3410021505,34,3.49,FALSE,Chicago,medium,12,60638,5829 S Archer Ave,41.7954446,-87.75932650000001,1992-11-26,TRUE,imported
98,169,Lowenbrau,3410021505,4,3.69,FALSE,Chicago,medium,12,60638,5829 S Archer Ave,41.7954446,-87.75932650000001,1992-12-03,FALSE,imported
98,170,Lowenbrau,3410021505,8,4.29,FALSE,Chicago,medium,12,60638,5829 S Archer Ave,41.7954446,-87.75932650000001,1992-12-10,FALSE,imported
98,171,Lowenbrau,3410021505,25,3.87,FALSE,Chicago,medium,12,60638,5829 S Archer Ave,41.7954446,-87.75932650000001,1992-12-17,FALSE,imported
98,172,Lowenbrau,3410021505,24,3.49,FALSE,Chicago,medium,12,60638,5829 S Archer Ave,41.7954446,-87.75932650000001,1992-12-24,TRUE,imported
98,173,Lowenbrau,3410021505,26,3.49,FALSE,Chicago,medium,12,60638,5829 S Archer Ave,41.7954446,-87.75932650000001,1992-12-31,TRUE,imported
98,174,Lowenbrau,3410021505,5,4.29,FALSE,Chicago,medium,12,60638,5829 S Archer Ave,41.7954446,-87.75932650000001,1993-01-07,FALSE,imported
98,175,Lowenbrau,3410021505,9,4.29,FALSE,Chicago,medium,12,60638,5829 S Archer Ave,41.7954446,-87.75932650000001,1993-01-14,TRUE,imported
98,176,Lowenbrau,3410021505,4,4.29,FALSE,Chicago,medium,12,60638,5829 S Archer Ave,41.7954446,-87.75932650000001,1993-01-21,FALSE,imported
98,177,Lowenbrau,3410021505,7,4.29,FALSE,Chicago,medium,12,60638,5829 S Archer Ave,41.7954446,-87.75932650000001,1993-01-28,FALSE,imported
98,178,Lowenbrau,3410021505,7,4.29,FALSE,Chicago,medium,12,60638,5829 S Archer Ave,41.7954446,-87.75932650000001,1993-02-04,FALSE,imported
98,179,Lowenbrau,3410021505,10,4.29,FALSE,Chicago,medium,12,60638,5829 S Archer Ave,41.7954446,-87.75932650000001,1993-02-11,TRUE,imported
98,180,Lowenbrau,3410021505,6,4.29,FALSE,Chicago,medium,12,60638,5829 S Archer Ave,41.7954446,-87.75932650000001,1993-02-18,TRUE,imported
98,181,Lowenbrau,3410021505,9,4.29,FALSE,Chicago,medium,12,60638,5829 S Archer Ave,41.7954446,-87.75932650000001,1993-02-25,TRUE,imported
98,182,Lowenbrau,3410021505,25,3.49,FALSE,Chicago,medium,12,60638,5829 S Archer Ave,41.7954446,-87.75932650000001,1993-03-04,FALSE,imported
98,183,Lowenbrau,3410021505,19,3.49,FALSE,Chicago,medium,12,60638,5829 S Archer Ave,41.7954446,-87.75932650000001,1993-03-11,FALSE,imported
98,184,Lowenbrau,3410021505,8,4.29,FALSE,Chicago,medium,12,60638,5829 S Archer Ave,41.7954446,-87.75932650000001,1993-03-18,FALSE,imported
98,185,Lowenbrau,3410021505,7,4.29,FALSE,Chicago,medium,12,60638,5829 S Archer Ave,41.7954446,-87.75932650000001,1993-03-25,FALSE,imported
98,186,Lowenbrau,3410021505,30,3.29,FALSE,Chicago,medium,12,60638,5829 S Archer Ave,41.7954446,-87.75932650000001,1993-04-01,FALSE,imported
98,187,Lowenbrau,3410021505,43,3.29,FALSE,Chicago,medium,12,60638,5829 S Archer Ave,41.7954446,-87.75932650000001,1993-04-08,TRUE,imported
98,188,Lowenbrau,3410021505,17,4.29,FALSE,Chicago,medium,12,60638,5829 S Archer Ave,41.7954446,-87.75932650000001,1993-04-15,FALSE,imported
98,189,Lowenbrau,3410021505,11,4.29,FALSE,Chicago,medium,12,60638,5829 S Archer Ave,41.7954446,-87.75932650000001,1993-04-22,FALSE,imported
98,190,Lowenbrau,3410021505,14,4.29,FALSE,Chicago,medium,12,60638,5829 S Archer Ave,41.7954446,-87.75932650000001,1993-04-29,FALSE,imported
98,191,Lowenbrau,3410021505,19,4.29,FALSE,Chicago,medium,12,60638,5829 S Archer Ave,41.7954446,-87.75932650000001,1993-05-06,FALSE,imported
98,192,Lowenbrau,3410021505,6,4.29,FALSE,Chicago,medium,12,60638,5829 S Archer Ave,41.7954446,-87.75932650000001,1993-05-13,FALSE,imported
98,193,Lowenbrau,3410021505,25,3.49,FALSE,Chicago,medium,12,60638,5829 S Archer Ave,41.7954446,-87.75932650000001,1993-05-20,FALSE,imported
98,194,Lowenbrau,3410021505,32,3.49,FALSE,Chicago,medium,12,60638,5829 S Archer Ave,41.7954446,-87.75932650000001,1993-05-27,TRUE,imported
98,195,Lowenbrau,3410021505,8,4.29,FALSE,Chicago,medium,12,60638,5829 S Archer Ave,41.7954446,-87.75932650000001,1993-06-03,FALSE,imported
98,196,Lowenbrau,3410021505,5,4.29,FALSE,Chicago,medium,12,60638,5829 S Archer Ave,41.7954446,-87.75932650000001,1993-06-10,FALSE,imported
98,197,Lowenbrau,3410021505,16,4.29,FALSE,Chicago,medium,12,60638,5829 S Archer Ave,41.7954446,-87.75932650000001,1993-06-17,FALSE,imported
98,198,Lowenbrau,3410021505,14,4.29,FALSE,Chicago,medium,12,60638,5829 S Archer Ave,41.7954446,-87.75932650000001,1993-06-24,FALSE,imported
98,199,Lowenbrau,3410021505,14,4.29,FALSE,Chicago,medium,12,60638,5829 S Archer Ave,41.7954446,-87.75932650000001,1993-07-01,TRUE,imported
98,200,Lowenbrau,3410021505,16,4.29,FALSE,Chicago,medium,12,60638,5829 S Archer Ave,41.7954446,-87.75932650000001,1993-07-08,FALSE,imported
98,201,Lowenbrau,3410021505,9,4.29,FALSE,Chicago,medium,12,60638,5829 S Archer Ave,41.7954446,-87.75932650000001,1993-07-15,FALSE,imported
98,202,Lowenbrau,3410021505,14,4.29,FALSE,Chicago,medium,12,60638,5829 S Archer Ave,41.7954446,-87.75932650000001,1993-07-22,FALSE,imported
98,203,Lowenbrau,3410021505,9,4.29,FALSE,Chicago,medium,12,60638,5829 S Archer Ave,41.7954446,-87.75932650000001,1993-07-29,FALSE,imported
98,204,Lowenbrau,3410021505,8,4.29,FALSE,Chicago,medium,12,60638,5829 S Archer Ave,41.7954446,-87.75932650000001,1993-08-05,FALSE,imported
98,205,Lowenbrau,3410021505,10,4.29,FALSE,Chicago,medium,12,60638,5829 S Archer Ave,41.7954446,-87.75932650000001,1993-08-12,FALSE,imported
98,206,Lowenbrau,3410021505,13,4.29,FALSE,Chicago,medium,12,60638,5829 S Archer Ave,41.7954446,-87.75932650000001,1993-08-19,FALSE,imported
98,207,Lowenbrau,3410021505,13,4.29,FALSE,Chicago,medium,12,60638,5829 S Archer Ave,41.7954446,-87.75932650000001,1993-08-26,FALSE,imported
98,208,Lowenbrau,3410021505,11,4.29,FALSE,Chicago,medium,12,60638,5829 S Archer Ave,41.7954446,-87.75932650000001,1993-09-02,TRUE,imported
98,209,Lowenbrau,3410021505,4,4.29,FALSE,Chicago,medium,12,60638,5829 S Archer Ave,41.7954446,-87.75932650000001,1993-09-09,FALSE,imported
98,210,Lowenbrau,3410021505,13,4.29,FALSE,Chicago,medium,12,60638,5829 S Archer Ave,41.7954446,-87.75932650000001,1993-09-16,FALSE,imported
98,211,Lowenbrau,3410021505,6,4.29,FALSE,Chicago,medium,12,60638,5829 S Archer Ave,41.7954446,-87.75932650000001,1993-09-23,FALSE,imported
98,212,Lowenbrau,3410021505,10,4.29,FALSE,Chicago,medium,12,60638,5829 S Archer Ave,41.7954446,-87.75932650000001,1993-09-30,FALSE,imported
98,213,Lowenbrau,3410021505,18,3.49,FALSE,Chicago,medium,12,60638,5829 S Archer Ave,41.7954446,-87.75932650000001,1993-10-07,TRUE,imported
98,214,Lowenbrau,3410021505,32,3.49,FALSE,Chicago,medium,12,60638,5829 S Archer Ave,41.7954446,-87.75932650000001,1993-10-14,FALSE,imported
98,215,Lowenbrau,3410021505,1,4.29,FALSE,Chicago,medium,12,60638,5829 S Archer Ave,41.7954446,-87.75932650000001,1993-10-21,FALSE,imported
98,216,Lowenbrau,3410021505,13,4.29,FALSE,Chicago,medium,12,60638,5829 S Archer Ave,41.7954446,-87.75932650000001,1993-10-28,TRUE,imported
98,217,Lowenbrau,3410021505,2,4.29,FALSE,Chicago,medium,12,60638,5829 S Archer Ave,41.7954446,-87.75932650000001,1993-11-04,FALSE,imported
98,218,Lowenbrau,3410021505,8,4.29,FALSE,Chicago,medium,12,60638,5829 S Archer Ave,41.7954446,-87.75932650000001,1993-11-11,TRUE,imported
98,220,Lowenbrau,3410021505,7,4.29,FALSE,Chicago,medium,12,60638,5829 S Archer Ave,41.7954446,-87.75932650000001,1993-11-25,TRUE,imported
98,221,Lowenbrau,3410021505,11,4.29,FALSE,Chicago,medium,12,60638,5829 S Archer Ave,41.7954446,-87.75932650000001,1993-12-02,FALSE,imported
98,222,Lowenbrau,3410021505,3,4.29,FALSE,Chicago,medium,12,60638,5829 S Archer Ave,41.7954446,-87.75932650000001,1993-12-09,FALSE,imported
98,223,Lowenbrau,3410021505,6,4.29,FALSE,Chicago,medium,12,60638,5829 S Archer Ave,41.7954446,-87.75932650000001,1993-12-16,FALSE,imported
98,224,Lowenbrau,3410021505,11,4.29,FALSE,Chicago,medium,12,60638,5829 S Archer Ave,41.7954446,-87.75932650000001,1993-12-23,TRUE,imported
98,225,Lowenbrau,3410021505,8,4.29,FALSE,Chicago,medium,12,60638,5829 S Archer Ave,41.7954446,-87.75932650000001,1993-12-30,TRUE,imported
98,226,Lowenbrau,3410021505,7,4.29,FALSE,Chicago,medium,12,60638,5829 S Archer Ave,41.7954446,-87.75932650000001,1994-01-06,FALSE,imported
98,227,Lowenbrau,3410021505,7,4.33,FALSE,Chicago,medium,12,60638,5829 S Archer Ave,41.7954446,-87.75932650000001,1994-01-13,TRUE,imported
98,228,Lowenbrau,3410021505,5,4.39,FALSE,Chicago,medium,12,60638,5829 S Archer Ave,41.7954446,-87.75932650000001,1994-01-20,TRUE,imported
98,229,Lowenbrau,3410021505,6,4.39,FALSE,Chicago,medium,12,60638,5829 S Archer Ave,41.7954446,-87.75932650000001,1994-01-27,FALSE,imported
98,230,Lowenbrau,3410021505,7,4.39,FALSE,Chicago,medium,12,60638,5829 S Archer Ave,41.7954446,-87.75932650000001,1994-02-03,FALSE,imported
98,231,Lowenbrau,3410021505,11,3.49,FALSE,Chicago,medium,12,60638,5829 S Archer Ave,41.7954446,-87.75932650000001,1994-02-10,TRUE,imported
98,232,Lowenbrau,3410021505,7,4.39,FALSE,Chicago,medium,12,60638,5829 S Archer Ave,41.7954446,-87.75932650000001,1994-02-17,TRUE,imported
98,233,Lowenbrau,3410021505,11,3.49,FALSE,Chicago,medium,12,60638,5829 S Archer Ave,41.7954446,-87.75932650000001,1994-02-24,FALSE,imported
98,234,Lowenbrau,3410021505,13,4.39,FALSE,Chicago,medium,12,60638,5829 S Archer Ave,41.7954446,-87.75932650000001,1994-03-03,TRUE,imported
98,235,Lowenbrau,3410021505,8,4.39,FALSE,Chicago,medium,12,60638,5829 S Archer Ave,41.7954446,-87.75932650000001,1994-03-10,FALSE,imported
98,236,Lowenbrau,3410021505,3,4.39,FALSE,Chicago,medium,12,60638,5829 S Archer Ave,41.7954446,-87.75932650000001,1994-03-17,FALSE,imported
98,237,Lowenbrau,3410021505,5,4.39,FALSE,Chicago,medium,12,60638,5829 S Archer Ave,41.7954446,-87.75932650000001,1994-03-24,FALSE,imported
98,238,Lowenbrau,3410021505,12,4.39,FALSE,Chicago,medium,12,60638,5829 S Archer Ave,41.7954446,-87.75932650000001,1994-03-31,TRUE,imported
98,239,Lowenbrau,3410021505,21,3.49,FALSE,Chicago,medium,12,60638,5829 S Archer Ave,41.7954446,-87.75932650000001,1994-04-07,FALSE,imported
98,240,Lowenbrau,3410021505,37,3.49,FALSE,Chicago,medium,12,60638,5829 S Archer Ave,41.7954446,-87.75932650000001,1994-04-14,FALSE,imported
98,241,Lowenbrau,3410021505,17,4.39,FALSE,Chicago,medium,12,60638,5829 S Archer Ave,41.7954446,-87.75932650000001,1994-04-21,FALSE,imported
98,242,Lowenbrau,3410021505,10,4.39,FALSE,Chicago,medium,12,60638,5829 S Archer Ave,41.7954446,-87.75932650000001,1994-04-28,FALSE,imported
98,243,Lowenbrau,3410021505,11,4.39,FALSE,Chicago,medium,12,60638,5829 S Archer Ave,41.7954446,-87.75932650000001,1994-05-05,FALSE,imported
98,244,Lowenbrau,3410021505,13,4.39,FALSE,Chicago,medium,12,60638,5829 S Archer Ave,41.7954446,-87.75932650000001,1994-05-12,FALSE,imported
98,245,Lowenbrau,3410021505,10,4.39,FALSE,Chicago,medium,12,60638,5829 S Archer Ave,41.7954446,-87.75932650000001,1994-05-19,FALSE,imported
98,246,Lowenbrau,3410021505,14,4.26,FALSE,Chicago,medium,12,60638,5829 S Archer Ave,41.7954446,-87.75932650000001,1994-05-26,TRUE,imported
98,247,Lowenbrau,3410021505,38,3.49,FALSE,Chicago,medium,12,60638,5829 S Archer Ave,41.7954446,-87.75932650000001,1994-06-02,FALSE,imported
98,248,Lowenbrau,3410021505,42,3.49,FALSE,Chicago,medium,12,60638,5829 S Archer Ave,41.7954446,-87.75932650000001,1994-06-09,FALSE,imported
98,249,Lowenbrau,3410021505,24,4.39,FALSE,Chicago,medium,12,60638,5829 S Archer Ave,41.7954446,-87.75932650000001,1994-06-16,FALSE,imported
98,250,Lowenbrau,3410021505,6,4.39,FALSE,Chicago,medium,12,60638,5829 S Archer Ave,41.7954446,-87.75932650000001,1994-06-23,FALSE,imported
98,251,Lowenbrau,3410021505,17,4.39,FALSE,Chicago,medium,12,60638,5829 S Archer Ave,41.7954446,-87.75932650000001,1994-06-30,TRUE,imported
98,252,Lowenbrau,3410021505,14,4.39,FALSE,Chicago,medium,12,60638,5829 S Archer Ave,41.7954446,-87.75932650000001,1994-07-07,FALSE,imported
98,253,Lowenbrau,3410021505,15,4.39,FALSE,Chicago,medium,12,60638,5829 S Archer Ave,41.7954446,-87.75932650000001,1994-07-14,FALSE,imported
98,254,Lowenbrau,3410021505,6,4.39,FALSE,Chicago,medium,12,60638,5829 S Archer Ave,41.7954446,-87.75932650000001,1994-07-21,FALSE,imported
98,255,Lowenbrau,3410021505,11,4.39,FALSE,Chicago,medium,12,60638,5829 S Archer Ave,41.7954446,-87.75932650000001,1994-07-28,FALSE,imported
98,256,Lowenbrau,3410021505,13,4.11,FALSE,Chicago,medium,12,60638,5829 S Archer Ave,41.7954446,-87.75932650000001,1994-08-04,FALSE,imported
98,257,Lowenbrau,3410021505,12,3.49,FALSE,Chicago,medium,12,60638,5829 S Archer Ave,41.7954446,-87.75932650000001,1994-08-11,FALSE,imported
98,258,Lowenbrau,3410021505,20,3.49,FALSE,Chicago,medium,12,60638,5829 S Archer Ave,41.7954446,-87.75932650000001,1994-08-18,FALSE,imported
98,259,Lowenbrau,3410021505,18,4.29,FALSE,Chicago,medium,12,60638,5829 S Archer Ave,41.7954446,-87.75932650000001,1994-08-25,FALSE,imported
98,260,Lowenbrau,3410021505,8,4.39,FALSE,Chicago,medium,12,60638,5829 S Archer Ave,41.7954446,-87.75932650000001,1994-09-01,TRUE,imported
98,261,Lowenbrau,3410021505,11,4.39,FALSE,Chicago,medium,12,60638,5829 S Archer Ave,41.7954446,-87.75932650000001,1994-09-08,FALSE,imported
98,266,Lowenbrau,3410021505,11,4.39,FALSE,Chicago,medium,12,60638,5829 S Archer Ave,41.7954446,-87.75932650000001,1994-10-13,FALSE,imported
98,267,Lowenbrau,3410021505,3,4.39,FALSE,Chicago,medium,12,60638,5829 S Archer Ave,41.7954446,-87.75932650000001,1994-10-20,FALSE,imported
98,268,Lowenbrau,3410021505,14,4.13,FALSE,Chicago,medium,12,60638,5829 S Archer Ave,41.7954446,-87.75932650000001,1994-10-27,TRUE,imported
98,269,Lowenbrau,3410021505,17,3.49,FALSE,Chicago,medium,12,60638,5829 S Archer Ave,41.7954446,-87.75932650000001,1994-11-03,TRUE,imported
98,270,Lowenbrau,3410021505,32,3.49,FALSE,Chicago,medium,12,60638,5829 S Archer Ave,41.7954446,-87.75932650000001,1994-11-10,TRUE,imported
98,271,Lowenbrau,3410021505,3,4.39,FALSE,Chicago,medium,12,60638,5829 S Archer Ave,41.7954446,-87.75932650000001,1994-11-17,FALSE,imported
98,272,Lowenbrau,3410021505,14,4.39,FALSE,Chicago,medium,12,60638,5829 S Archer Ave,41.7954446,-87.75932650000001,1994-11-24,TRUE,imported
98,273,Lowenbrau,3410021505,10,4.39,FALSE,Chicago,medium,12,60638,5829 S Archer Ave,41.7954446,-87.75932650000001,1994-12-01,FALSE,imported
98,274,Lowenbrau,3410021505,8,4.39,FALSE,Chicago,medium,12,60638,5829 S Archer Ave,41.7954446,-87.75932650000001,1994-12-08,FALSE,imported
98,275,Lowenbrau,3410021505,10,4.39,FALSE,Chicago,medium,12,60638,5829 S Archer Ave,41.7954446,-87.75932650000001,1994-12-15,FALSE,imported
98,276,Lowenbrau,3410021505,6,4.39,FALSE,Chicago,medium,12,60638,5829 S Archer Ave,41.7954446,-87.75932650000001,1994-12-22,TRUE,imported
98,277,Lowenbrau,3410021505,6,4.39,FALSE,Chicago,medium,12,60638,5829 S Archer Ave,41.7954446,-87.75932650000001,1994-12-29,TRUE,imported
98,278,Lowenbrau,3410021505,25,3.49,FALSE,Chicago,medium,12,60638,5829 S Archer Ave,41.7954446,-87.75932650000001,1995-01-05,FALSE,imported
98,279,Lowenbrau,3410021505,21,3.49,FALSE,Chicago,medium,12,60638,5829 S Archer Ave,41.7954446,-87.75932650000001,1995-01-12,TRUE,imported
98,280,Lowenbrau,3410021505,25,3.49,FALSE,Chicago,medium,12,60638,5829 S Archer Ave,41.7954446,-87.75932650000001,1995-01-19,TRUE,imported
98,281,Lowenbrau,3410021505,9,4.29,FALSE,Chicago,medium,12,60638,5829 S Archer Ave,41.7954446,-87.75932650000001,1995-01-26,FALSE,imported
98,282,Lowenbrau,3410021505,25,3.49,FALSE,Chicago,medium,12,60638,5829 S Archer Ave,41.7954446,-87.75932650000001,1995-02-02,FALSE,imported
