data/beer.csv
store,week,brand,upc,qty,price,sales_indicator,city,price_tier,zone,zip,address,latitude,longtitude,start_of_week,is_holiday_week,imported
98,283,Lowenbrau,3410021505,21,3.49,FALSE,Chicago,medium,12,60638,5829 S Archer Ave,41.7954446,-87.75932650000001,1995-02-09,TRUE,imported
98,286,Lowenbrau,3410021505,2,4.59,FALSE,Chicago,medium,12,60638,5829 S Archer Ave,41.7954446,-87.75932650000001,1995-03-02,TRUE,imported
98,287,Lowenbrau,3410021505,9,3.99,FALSE,Chicago,medium,12,60638,5829 S Archer Ave,41.7954446,-87.75932650000001,1995-03-09,FALSE,imported
98,288,Lowenbrau,3410021505,13,3.99,FALSE,Chicago,medium,12,60638,5829 S Archer Ave,41.7954446,-87.75932650000001,1995-03-16,FALSE,imported
98,289,Lowenbrau,3410021505,6,4.59,FALSE,Chicago,medium,12,60638,5829 S Archer Ave,41.7954446,-87.75932650000001,1995-03-23,FALSE,imported
98,290,Lowenbrau,3410021505,4,4.56,FALSE,Chicago,medium,12,60638,5829 S Archer Ave,41.7954446,-87.75932650000001,1995-03-30,FALSE,imported
98,291,Lowenbrau,3410021505,6,4.49,FALSE,Chicago,medium,12,60638,5829 S Archer Ave,41.7954446,-87.75932650000001,1995-04-06,FALSE,imported
98,292,Lowenbrau,3410021505,11,4.49,FALSE,Chicago,medium,12,60638,5829 S Archer Ave,41.7954446,-87.75932650000001,1995-04-13,TRUE,imported
98,293,Lowenbrau,3410021505,3,4.49,FALSE,Chicago,medium,12,60638,5829 S Archer Ave,41.7954446,-87.75932650000001,1995-04-20,FALSE,imported
98,294,Lowenbrau,3410021505,6,4.49,FALSE,Chicago,medium,12,60638,5829 S Archer Ave,41.7954446,-87.75932650000001,1995-04-27,FALSE,imported
98,295,Lowenbrau,3410021505,7,4.49,FALSE,Chicago,medium,12,60638,5829 S Archer Ave,41.7954446,-87.75932650000001,1995-05-04,FALSE,imported
98,296,Lowenbrau,3410021505,5,4.49,FALSE,Chicago,medium,12,60638,5829 S Archer Ave,41.7954446,-87.75932650000001,1995-05-11,FALSE,imported
98,297,Lowenbrau,3410021505,8,4.49,FALSE,Chicago,medium,12,60638,5829 S Archer Ave,41.7954446,-87.75932650000001,1995-05-18,FALSE,imported
98,298,Lowenbrau,3410021505,12,4.49,FALSE,Chicago,medium,12,60638,5829 S Archer Ave,41.7954446,-87.75932650000001,1995-05-25,TRUE,imported
98,299,Lowenbrau,3410021505,13,4.49,FALSE,Chicago,medium,12,60638,5829 S Archer Ave,41.7954446,-87.75932650000001,1995-06-01,FALSE,imported
98,300,Lowenbrau,3410021505,7,4.49,FALSE,Chicago,medium,12,60638,5829 S Archer Ave,41.7954446,-87.75932650000001,1995-06-08,FALSE,imported
98,91,Miller,3410000554,40,3.69,FALSE,Chicago,medium,12,60638,5829 S Archer Ave,41.7954446,-87.75932650000001,1991-06-06,FALSE,domestic
98,92,Miller,3410000554,117,2.99,FALSE,Chicago,medium,12,60638,5829 S Archer Ave,41.7954446,-87.75932650000001,1991-06-13,FALSE,domestic
98,93,Miller,3410000554,73,2.99,FALSE,Chicago,medium,12,60638,5829 S Archer Ave,41.7954446,-87.75932650000001,1991-06-20,FALSE,domestic
98,94,Miller,3410000554,27,3.69,FALSE,Chicago,medium,12,60638,5829 S Archer Ave,41.7954446,-87.75932650000001,1991-06-27,FALSE,domestic
98,95,Miller,3410000554,25,3.69,FALSE,Chicago,medium,12,60638,5829 S Archer Ave,41.7954446,-87.75932650000001,1991-07-04,TRUE,domestic
98,96,Miller,3410000554,25,3.69,FALSE,Chicago,medium,12,60638,5829 S Archer Ave,41.7954446,-87.75932650000001,1991-07-11,FALSE,domestic
98,97,Miller,3410000554,42,3.69,FALSE,Chicago,medium,12,60638,5829 S Archer Ave,41.7954446,-87.75932650000001,1991-07-18,FALSE,domestic
98,98,Miller,3410000554,31,3.69,FALSE,Chicago,medium,12,60638,5829 S Archer Ave,41.7954446,-87.75932650000001,1991-07-25,FALSE,domestic
98,99,Miller,3410000554,101,2.99,FALSE,Chicago,medium,12,60638,5829 S Archer Ave,41.7954446,-87.75932650000001,1991-08-01,FALSE,domestic
98,100,Miller,3410000554,101,2.99,FALSE,Chicago,medium,12,60638,5829 S Archer Ave,41.7954446,-87.75932650000001,1991-08-08,FALSE,domestic
98,101,Miller,3410000554,33,3.59,FALSE,Chicago,medium,12,60638,5829 S Archer Ave,41.7954446,-87.75932650000001,1991-08-15,FALSE,domestic
98,102,Miller,3410000554,34,3.59,FALSE,Chicago,medium,12,60638,5829 S Archer Ave,41.7954446,-87.75932650000001,1991-08-22,FALSE,domestic
98,103,Miller,3410000554,27,3.59,FALSE,Chicago,medium,12,60638,5829 S Archer Ave,41.7954446,-87.75932650000001,1991-08-29,TRUE,domestic
98,104,Miller,3410000554,18,3.59,FALSE,Chicago,medium,12,60638,5829 S Archer Ave,41.7954446,-87.75932650000001,1991-09-05,FALSE,domestic
98,105,Miller,3410000554,87,2.99,FALSE,Chicago,medium,12,60638,5829 S Archer Ave,41.7954446,-87.75932650000001,1991-09-12,FALSE,domestic
98,106,Miller,3410000554,62,2.99,FALSE,Chicago,medium,12,60638,5829 S Archer Ave,41.7954446,-87.75932650000001,1991-09-19,FALSE,domestic
98,107,Miller,3410000554,22,3.54,FALSE,Chicago,medium,12,60638,5829 S Archer Ave,41.7954446,-87.75932650000001,1991-09-26,FALSE,domestic
98,108,Miller,3410000554,17,3.49,FALSE,Chicago,medium,12,60638,5829 S Archer Ave,41.7954446,-87.75932650000001,1991-10-03,FALSE,domestic
98,109,Miller,3410000554,20,3.49,FALSE,Chicago,medium,12,60638,5829 S Archer Ave,41.7954446,-87.75932650000001,1991-10-10,TRUE,domestic
98,110,Miller,3410000554,29,3.49,FALSE,Chicago,medium,12,60638,5829 S Archer Ave,41.7954446,-87.75932650000001,1991-10-17,FALSE,domestic
98,111,Miller,3410000554,19,3.49,FALSE,Chicago,medium,12,60638,5829 S Archer Ave,41.7954446,-87.75932650000001,1991-10-24,FALSE,domestic
98,112,Miller,3410000554,21,3.49,FALSE,Chicago,medium,12,60638,5829 S Archer Ave,41.7954446,-87.75932650000001,1991-10-31,TRUE,domestic
98,113,Miller,3410000554,21,3.49,FALSE,Chicago,medium,12,60638,5829 S Archer Ave,41.7954446,-87.75932650000001,1991-11-07,TRUE,domestic
98,114,Miller,3410000554,27,3.49,FALSE,Chicago,medium,12,60638,5829 S Archer Ave,41.7954446,-87.75932650000001,1991-11-14,FALSE,domestic
98,115,Miller,3410000554,25,3.49,FALSE,Chicago,medium,12,60638,5829 S Archer Ave,41.7954446,-87.75932650000001,1991-11-21,FALSE,domestic
98,116,Miller,3410000554,6,3.49,FALSE,Chicago,medium,12,60638,5829 S Archer Ave,41.7954446,-87.75932650000001,1991-11-28,TRUE,domestic
98,117,Miller,3410000554,16,3.49,FALSE,Chicago,medium,12,60638,5829 S Archer Ave,41.7954446,-87.75932650000001,1991-12-05,FALSE,domestic
98,118,Miller,3410000554,68,2.99,FALSE,Chicago,medium,12,60638,5829 S Archer Ave,41.7954446,-87.75932650000001,1991-12-12,FALSE,domestic
98,119,Miller,3410000554,42,2.99,FALSE,Chicago,medium,12,60638,5829 S Archer Ave,41.7954446,-87.75932650000001,1991-12-19,TRUE,domestic
98,120,Miller,3410000554,22,3.49,FALSE,Chicago,medium,12,60638,5829 S Archer Ave,41.7954446,-87.75932650000001,1991-12-26,TRUE,domestic
98,121,Miller,3410000554,24,3.49,FALSE,Chicago,medium,12,60638,5829 S Archer Ave,41.7954446,-87.75932650000001,1992-01-02,FALSE,domestic
98,122,Miller,3410000554,18,3.59,FALSE,Chicago,medium,12,60638,5829 S Archer Ave,41.7954446,-87.75932650000001,1992-01-09,FALSE,domestic
98,123,Miller,3410000554,21,3.79,FALSE,Chicago,medium,12,60638,5829 S Archer Ave,41.7954446,-87.75932650000001,1992-01-16,TRUE,domestic
98,124,Miller,3410000554,18,3.79,FALSE,Chicago,medium,12,60638,5829 S Archer Ave,41.7954446,-87.75932650000001,1992-01-23,FALSE,domestic
98,125,Miller,3410000554,19,3.76,FALSE,Chicago,medium,12,60638,5829 S Archer Ave,41.7954446,-87.75932650000001,1992-01-30,FALSE,domestic
98,126,Miller,3410000554,81,3.19,FALSE,Chicago,medium,12,60638,5829 S Archer Ave,41.7954446,-87.75932650000001,1992-02-06,TRUE,domestic
98,127,Miller,3410000554,70,3.19,FALSE,Chicago,medium,12,60638,5829 S Archer Ave,41.7954446,-87.75932650000001,1992-02-13,TRUE,domestic
98,128,Miller,3410000554,29,3.69,FALSE,Chicago,medium,12,60638,5829 S Archer Ave,41.7954446,-87.75932650000001,1992-02-20,TRUE,domestic
98,129,Miller,3410000554,22,3.69,FALSE,Chicago,medium,12,60638,5829 S Archer Ave,41.7954446,-87.75932650000001,1992-02-27,TRUE,domestic
98,130,Miller,3410000554,29,3.69,FALSE,Chicago,medium,12,60638,5829 S Archer Ave,41.7954446,-87.75932650000001,1992-03-05,FALSE,domestic
98,131,Miller,3410000554,18,3.69,FALSE,Chicago,medium,12,60638,5829 S Archer Ave,41.7954446,-87.75932650000001,1992-03-12,FALSE,domestic
98,132,Miller,3410000554,13,3.69,FALSE,Chicago,medium,12,60638,5829 S Archer Ave,41.7954446,-87.75932650000001,1992-03-19,FALSE,domestic
98,133,Miller,3410000554,39,3.69,FALSE,Chicago,medium,12,60638,5829 S Archer Ave,41.7954446,-87.75932650000001,1992-03-26,FALSE,domestic
98,134,Miller,3410000554,81,3.19,FALSE,Chicago,medium,12,60638,5829 S Archer Ave,41.7954446,-87.75932650000001,1992-04-02,FALSE,domestic
98,135,Miller,3410000554,80,3.19,FALSE,Chicago,medium,12,60638,5829 S Archer Ave,41.7954446,-87.75932650000001,1992-04-09,FALSE,domestic
98,136,Miller,3410000554,34,3.69,FALSE,Chicago,medium,12,60638,5829 S Archer Ave,41.7954446,-87.75932650000001,1992-04-16,TRUE,domestic
98,137,Miller,3410000554,41,3.69,FALSE,Chicago,medium,12,60638,5829 S Archer Ave,41.7954446,-87.75932650000001,1992-04-23,FALSE,domestic
98,138,Miller,3410000554,27,3.69,FALSE,Chicago,medium,12,60638,5829 S Archer Ave,41.7954446,-87.75932650000001,1992-04-30,FALSE,domestic
98,139,Miller,3410000554,31,3.69,FALSE,Chicago,medium,12,60638,5829 S Archer Ave,41.7954446,-87.75932650000001,1992-05-07,FALSE,domestic
98,140,Miller,3410000554,26,3.69,FALSE,Chicago,medium,12,60638,5829 S Archer Ave,41.7954446,-87.75932650000001,1992-05-14,FALSE,domestic
98,141,Miller,3410000554,24,3.69,FALSE,Chicago,medium,12,60638,5829 S Archer Ave,41.7954446,-87.75932650000001,1992-05-21,TRUE,domestic
98,142,Miller,3410000554,17,3.69,FALSE,Chicago,medium,12,60638,5829 S Archer Ave,41.7954446,-87.75932650000001,1992-05-28,TRUE,domestic
98,143,Miller,3410000554,32,3.69,FALSE,Chicago,medium,12,60638,5829 S Archer Ave,41.7954446,-87.75932650000001,1992-06-04,FALSE,domestic
98,144,Miller,3410000554,33,3.69,FALSE,Chicago,medium,12,60638,5829 S Archer Ave,41.7954446,-87.75932650000001,1992-06-11,FALSE,domestic
98,145,Miller,3410000554,33,3.69,FALSE,Chicago,medium,12,60638,5829 S Archer Ave,41.7954446,-87.75932650000001,1992-06-18,FALSE,domestic
98,146,Miller,3410000554,20,3.69,FALSE,Chicago,medium,12,60638,5829 S Archer Ave,41.7954446,-87.75932650000001,1992-06-25,FALSE,domestic
98,147,Miller,3410000554,15,3.69,FALSE,Chicago,medium,12,60638,5829 S Archer Ave,41.7954446,-87.75932650000001,1992-07-02,TRUE,domestic
98,148,Miller,3410000554,27,3.69,FALSE,Chicago,medium,12,60638,5829 S Archer Ave,41.7954446,-87.75932650000001,1992-07-09,FALSE,domestic
98,149,Miller,3410000554,25,3.69,FALSE,Chicago,medium,12,60638,5829 S Archer Ave,41.7954446,-87.75932650000001,1992-07-16,FALSE,domestic
98,150,Miller,3410000554,51,3.19,FALSE,Chicago,medium,12,60638,5829 S Archer Ave,41.7954446,-87.75932650000001,1992-07-23,FALSE,domestic
98,151,Miller,3410000554,127,2.79,TRUE,Chicago,medium,12,60638,5829 S Archer Ave,41.7954446,-87.75932650000001,1992-07-30,FALSE,domestic
98,152,Miller,3410000554,22,3.79,FALSE,Chicago,medium,12,60638,5829 S Archer Ave,41.7954446,-87.75932650000001,1992-08-06,FALSE,domestic
98,153,Miller,3410000554,20,3.79,FALSE,Chicago,medium,12,60638,5829 S Archer Ave,41.7954446,-87.75932650000001,1992-08-13,FALSE,domestic
98,154,Miller,3410000554,34,3.79,FALSE,Chicago,medium,12,60638,5829 S Archer Ave,41.7954446,-87.75932650000001,1992-08-20,FALSE,domestic
98,155,Miller,3410000554,11,3.79,FALSE,Chicago,medium,12,60638,5829 S Archer Ave,41.7954446,-87.75932650000001,1992-08-27,FALSE,domestic
98,156,Miller,3410000554,13,3.79,FALSE,Chicago,medium,12,60638,5829 S Archer Ave,41.7954446,-87.75932650000001,1992-09-03,TRUE,domestic
98,157,Miller,3410000554,66,2.99,FALSE,Chicago,medium,12,60638,5829 S Archer Ave,41.7954446,-87.75932650000001,1992-09-10,FALSE,domestic
98,158,Miller,3410000554,36,2.99,FALSE,Chicago,medium,12,60638,5829 S Archer Ave,41.7954446,-87.75932650000001,1992-09-17,FALSE,domestic
98,159,Miller,3410000554,26,3.89,FALSE,Chicago,medium,12,60638,5829 S Archer Ave,41.7954446,-87.75932650000001,1992-09-24,FALSE,domestic
98,160,Miller,3410000554,13,3.97,FALSE,Chicago,medium,12,60638,5829 S Archer Ave,41.7954446,-87.75932650000001,1992-10-01,FALSE,domestic
98,161,Miller,3410000554,27,3.99,FALSE,Chicago,medium,12,60638,5829 S Archer Ave,41.7954446,-87.75932650000001,1992-10-08,TRUE,domestic
98,162,Miller,3410000554,21,3.99,FALSE,Chicago,medium,12,60638,5829 S Archer Ave,41.7954446,-87.75932650000001,1992-10-15,FALSE,domestic
98,163,Miller,3410000554,5,3.99,FALSE,Chicago,medium,12,60638,5829 S Archer Ave,41.7954446,-87.75932650000001,1992-10-22,FALSE,domestic
98,164,Miller,3410000554,8,3.99,FALSE,Chicago,medium,12,60638,5829 S Archer Ave,41.7954446,-87.75932650000001,1992-10-29,TRUE,domestic
98,165,Miller,3410000554,20,3.99,FALSE,Chicago,medium,12,60638,5829 S Archer Ave,41.7954446,-87.75932650000001,1992-11-05,TRUE,domestic
98,166,Miller,3410000554,7,3.99,FALSE,Chicago,medium,12,60638,5829 S Archer Ave,41.7954446,-87.75932650000001,1992-11-12,FALSE,domestic
98,167,Miller,3410000554,14,3.99,FALSE,Chicago,medium,12,60638,5829 S Archer Ave,41.7954446,-87.75932650000001,1992-11-19,FALSE,domestic
98,168,Miller,3410000554,19,3.99,FALSE,Chicago,medium,12,60638,5829 S Archer Ave,41.7954446,-87.75932650000001,1992-11-26,TRUE,domestic
98,169,Miller,3410000554,61,3.19,FALSE,Chicago,medium,12,60638,5829 S Archer Ave,41.7954446,-87.75932650000001,1992-12-03,FALSE,domestic
98,170,Miller,3410000554,74,3.19,FALSE,Chicago,medium,12,60638,5829 S Archer Ave,41.7954446,-87.75932650000001,1992-12-10,FALSE,domestic
98,171,Miller,3410000554,9,3.99,FALSE,Chicago,medium,12,60638,5829 S Archer Ave,41.7954446,-87.75932650000001,1992-12-17,FALSE,domestic
98,172,Miller,3410000554,5,3.99,FALSE,Chicago,medium,12,60638,5829 S Archer Ave,41.7954446,-87.75932650000001,1992-12-24,TRUE,domestic
98,173,Miller,3410000554,11,3.99,FALSE,Chicago,medium,12,60638,5829 S Archer Ave,41.7954446,-87.75932650000001,1992-12-31,TRUE,domestic
98,174,Miller,3410000554,16,3.99,FALSE,Chicago,medium,12,60638,5829 S Archer Ave,41.7954446,-87.75932650000001,1993-01-07,FALSE,domestic
98,175,Miller,3410000554,14,3.99,FALSE,Chicago,medium,12,60638,5829 S Archer Ave,41.7954446,-87.75932650000001,1993-01-14,TRUE,domestic
98,176,Miller,3410000554,13,3.99,FALSE,Chicago,medium,12,60638,5829 S Archer Ave,41.7954446,-87.75932650000001,1993-01-21,FALSE,domestic
98,177,Miller,3410000554,11,3.99,FALSE,Chicago,medium,12,60638,5829 S Archer Ave,41.7954446,-87.75932650000001,1993-01-28,FALSE,domestic
98,178,Miller,3410000554,51,3.19,FALSE,Chicago,medium,12,60638,5829 S Archer Ave,41.7954446,-87.75932650000001,1993-02-04,FALSE,domestic
98,179,Miller,3410000554,23,3.99,FALSE,Chicago,medium,12,60638,5829 S Archer Ave,41.7954446,-87.75932650000001,1993-02-11,TRUE,domestic
98,180,Miller,3410000554,19,3.99,FALSE,Chicago,medium,12,60638,5829 S Archer Ave,41.7954446,-87.75932650000001,1993-02-18,TRUE,domestic
98,181,Miller,3410000554,59,3.19,TRUE,Chicago,medium,12,60638,5829 S Archer Ave,41.7954446,-87.75932650000001,1993-02-25,TRUE,domestic
98,182,Miller,3410000554,5,3.99,FALSE,Chicago,medium,12,60638,5829 S Archer Ave,41.7954446,-87.75932650000001,1993-03-04,FALSE,domestic
98,183,Miller,3410000554,12,3.99,FALSE,Chicago,medium,12,60638,5829 S Archer Ave,41.7954446,-87.75932650000001,1993-03-11,FALSE,domestic
98,184,Miller,3410000554,21,3.99,FALSE,Chicago,medium,12,60638,5829 S Archer Ave,41.7954446,-87.75932650000001,1993-03-18,FALSE,domestic
98,185,Miller,3410000554,68,3.49,FALSE,Chicago,medium,12,60638,5829 S Archer Ave,41.7954446,-87.75932650000001,1993-03-25,FALSE,domestic
98,186,Miller,3410000554,62,3.49,FALSE,Chicago,medium,12,60638,5829 S Archer Ave,41.7954446,-87.75932650000001,1993-04-01,FALSE,domestic
98,187,Miller,3410000554,26,3.99,FALSE,Chicago,medium,12,60638,5829 S Archer Ave,41.7954446,-87.75932650000001,1993-04-08,TRUE,domestic
98,188,Miller,3410000554,27,3.99,FALSE,Chicago,medium,12,60638,5829 S Archer Ave,41.7954446,-87.75932650000001,1993-04-15,FALSE,domestic
98,189,Miller,3410000554,25,3.99,FALSE,Chicago,medium,12,60638,5829 S Archer Ave,41.7954446,-87.75932650000001,1993-04-22,FALSE,domestic
98,190,Miller,3410000554,24,3.99,FALSE,Chicago,medium,12,60638,5829 S Archer Ave,41.7954446,-87.75932650000001,1993-04-29,FALSE,domestic
98,191,Miller,3410000554,10,3.99,FALSE,Chicago,medium,12,60638,5829 S Archer Ave,41.7954446,-87.75932650000001,1993-05-06,FALSE,domestic
98,192,Miller,3410000554,11,3.99,FALSE,Chicago,medium,12,60638,5829 S Archer Ave,41.7954446,-87.75932650000001,1993-05-13,FALSE,domestic
98,193,Miller,3410000554,22,3.99,FALSE,Chicago,medium,12,60638,5829 S Archer Ave,41.7954446,-87.75932650000001,1993-05-20,FALSE,domestic
98,194,Miller,3410000554,22,3.99,FALSE,Chicago,medium,12,60638,5829 S Archer Ave,41.7954446,-87.75932650000001,1993-05-27,TRUE,domestic
98,195,Miller,3410000554,109,3.19,FALSE,Chicago,medium,12,60638,5829 S Archer Ave,41.7954446,-87.75932650000001,1993-06-03,FALSE,domestic
98,196,Miller,3410000554,77,3.19,FALSE,Chicago,medium,12,60638,5829 S Archer Ave,41.7954446,-87.75932650000001,1993-06-10,FALSE,domestic
98,197,Miller,3410000554,31,3.99,FALSE,Chicago,medium,12,60638,5829 S Archer Ave,41.7954446,-87.75932650000001,1993-06-17,FALSE,domestic
98,198,Miller,3410000554,18,3.91,FALSE,Chicago,medium,12,60638,5829 S Archer Ave,41.7954446,-87.75932650000001,1993-06-24,FALSE,domestic
98,199,Miller,3410000554,17,3.59,FALSE,Chicago,medium,12,60638,5829 S Archer Ave,41.7954446,-87.75932650000001,1993-07-01,TRUE,domestic
98,200,Miller,3410000554,72,3.09,FALSE,Chicago,medium,12,60638,5829 S Archer Ave,41.7954446,-87.75932650000001,1993-07-08,FALSE,domestic
98,201,Miller,3410000554,47,3.09,FALSE,Chicago,medium,12,60638,5829 S Archer Ave,41.7954446,-87.75932650000001,1993-07-15,FALSE,domestic
98,202,Miller,3410000554,35,3.79,FALSE,Chicago,medium,12,60638,5829 S Archer Ave,41.7954446,-87.75932650000001,1993-07-22,FALSE,domestic
98,203,Miller,3410000554,13,3.79,FALSE,Chicago,medium,12,60638,5829 S Archer Ave,41.7954446,-87.75932650000001,1993-07-29,FALSE,domestic
98,204,Miller,3410000554,17,3.79,FALSE,Chicago,medium,12,60638,5829 S Archer Ave,41.7954446,-87.75932650000001,1993-08-05,FALSE,domestic
