data/beer.csv
store,week,brand,upc,qty,price,sales_indicator,city,price_tier,zone,zip,address,latitude,longtitude,start_of_week,is_holiday_week,imported
98,205,Miller,3410000554,34,3.79,FALSE,Chicago,medium,12,60638,5829 S Archer Ave,41.7954446,-87.75932650000001,1993-08-12,FALSE,domestic
98,206,Miller,3410000554,15,3.79,FALSE,Chicago,medium,12,60638,5829 S Archer Ave,41.7954446,-87.75932650000001,1993-08-19,FALSE,domestic
98,207,Miller,3410000554,25,3.79,FALSE,Chicago,medium,12,60638,5829 S Archer Ave,41.7954446,-87.75932650000001,1993-08-26,FALSE,domestic
98,208,Miller,3410000554,25,3.79,FALSE,Chicago,medium,12,60638,5829 S Archer Ave,41.7954446,-87.75932650000001,1993-09-02,TRUE,domestic
98,209,Miller,3410000554,16,3.79,FALSE,Chicago,medium,12,60638,5829 S Archer Ave,41.7954446,-87.75932650000001,1993-09-09,FALSE,domestic
98,210,Miller,3410000554,18,3.79,FALSE,Chicago,medium,12,60638,5829 S Archer Ave,41.7954446,-87.75932650000001,1993-09-16,FALSE,domestic
98,211,Miller,3410000554,14,3.79,FALSE,Chicago,medium,12,60638,5829 S Archer Ave,41.7954446,-87.75932650000001,1993-09-23,FALSE,domestic
98,212,Miller,3410000554,16,3.79,FALSE,Chicago,medium,12,60638,5829 S Archer Ave,41.7954446,-87.75932650000001,1993-09-30,FALSE,domestic
98,213,Miller,3410000554,18,3.79,FALSE,Chicago,medium,12,60638,5829 S Archer Ave,41.7954446,-87.75932650000001,1993-10-07,TRUE,domestic
98,214,Miller,3410000554,14,3.79,FALSE,Chicago,medium,12,60638,5829 S Archer Ave,41.7954446,-87.75932650000001,1993-10-14,FALSE,domestic
98,215,Miller,3410000554,8,3.79,FALSE,Chicago,medium,12,60638,5829 S Archer Ave,41.7954446,-87.75932650000001,1993-10-21,FALSE,domestic
98,216,Miller,3410000554,8,3.79,FALSE,Chicago,medium,12,60638,5829 S Archer Ave,41.7954446,-87.75932650000001,1993-10-28,TRUE,domestic
98,217,Miller,3410000554,48,3.2,FALSE,Chicago,medium,12,60638,5829 S Archer Ave,41.7954446,-87.75932650000001,1993-11-04,FALSE,domestic
98,218,Miller,3410000554,29,3.19,FALSE,Chicago,medium,12,60638,5829 S Archer Ave,41.7954446,-87.75932650000001,1993-11-11,TRUE,domestic
98,220,Miller,3410000554,13,3.79,FALSE,Chicago,medium,12,60638,5829 S Archer Ave,41.7954446,-87.75932650000001,1993-11-25,TRUE,domestic
98,221,Miller,3410000554,33,3.79,FALSE,Chicago,medium,12,60638,5829 S Archer Ave,41.7954446,-87.75932650000001,1993-12-02,FALSE,domestic
98,222,Miller,3410000554,20,3.79,FALSE,Chicago,medium,12,60638,5829 S Archer Ave,41.7954446,-87.75932650000001,1993-12-09,FALSE,domestic
98,223,Miller,3410000554,22,3.79,FALSE,Chicago,medium,12,60638,5829 S Archer Ave,41.7954446,-87.75932650000001,1993-12-16,FALSE,domestic
98,224,Miller,3410000554,12,3.79,FALSE,Chicago,medium,12,60638,5829 S Archer Ave,41.7954446,-87.75932650000001,1993-12-23,TRUE,domestic
98,225,Miller,3410000554,6,3.79,FALSE,Chicago,medium,12,60638,5829 S Archer Ave,41.7954446,-87.75932650000001,1993-12-30,TRUE,domestic
98,226,Miller,3410000554,14,3.79,FALSE,Chicago,medium,12,60638,5829 S Archer Ave,41.7954446,-87.75932650000001,1994-01-06,FALSE,domestic
98,227,Miller,3410000554,11,3.79,FALSE,Chicago,medium,12,60638,5829 S Archer Ave,41.7954446,-87.75932650000001,1994-01-13,TRUE,domestic
98,228,Miller,3410000554,9,3.79,FALSE,Chicago,medium,12,60638,5829 S Archer Ave,41.7954446,-87.75932650000001,1994-01-20,TRUE,domestic
98,229,Miller,3410000554,14,3.84,FALSE,Chicago,medium,12,60638,5829 S Archer Ave,41.7954446,-87.75932650000001,1994-01-27,FALSE,domestic
98,230,Miller,3410000554,15,3.89,FALSE,Chicago,medium,12,60638,5829 S Archer Ave,41.7954446,-87.75932650000001,1994-02-03,FALSE,domestic
98,231,Miller,3410000554,12,3.89,FALSE,Chicago,medium,12,60638,5829 S Archer Ave,41.7954446,-87.75932650000001,1994-02-10,TRUE,domestic
98,232,Miller,3410000554,15,3.89,FALSE,Chicago,medium,12,60638,5829 S Archer Ave,41.7954446,-87.75932650000001,1994-02-17,TRUE,domestic
98,233,Miller,3410000554,12,3.89,FALSE,Chicago,medium,12,60638,5829 S Archer Ave,41.7954446,-87.75932650000001,1994-02-24,FALSE,domestic
98,234,Miller,3410000554,17,3.89,FALSE,Chicago,medium,12,60638,5829 S Archer Ave,41.7954446,-87.75932650000001,1994-03-03,TRUE,domestic
98,235,Miller,3410000554,14,3.89,FALSE,Chicago,medium,12,60638,5829 S Archer Ave,41.7954446,-87.75932650000001,1994-03-10,FALSE,domestic
98,236,Miller,3410000554,14,3.89,FALSE,Chicago,medium,12,60638,5829 S Archer Ave,41.7954446,-87.75932650000001,1994-03-17,FALSE,domestic
98,237,Miller,3410000554,51,3.19,FALSE,Chicago,medium,12,60638,5829 S Archer Ave,41.7954446,-87.75932650000001,1994-03-24,FALSE,domestic
98,238,Miller,3410000554,33,3.19,FALSE,Chicago,medium,12,60638,5829 S Archer Ave,41.7954446,-87.75932650000001,1994-03-31,TRUE,domestic
98,239,Miller,3410000554,20,3.89,FALSE,Chicago,medium,12,60638,5829 S Archer Ave,41.7954446,-87.75932650000001,1994-04-07,FALSE,domestic
98,240,Miller,3410000554,18,3.89,FALSE,Chicago,medium,12,60638,5829 S Archer Ave,41.7954446,-87.75932650000001,1994-04-14,FALSE,domestic
98,241,Miller,3410000554,11,3.89,FALSE,Chicago,medium,12,60638,5829 S Archer Ave,41.7954446,-87.75932650000001,1994-04-21,FALSE,domestic
98,242,Miller,3410000554,14,3.89,FALSE,Chicago,medium,12,60638,5829 S Archer Ave,41.7954446,-87.75932650000001,1994-04-28,FALSE,domestic
98,243,Miller,3410000554,14,3.89,FALSE,Chicago,medium,12,60638,5829 S Archer Ave,41.7954446,-87.75932650000001,1994-05-05,FALSE,domestic
98,244,Miller,3410000554,22,3.89,FALSE,Chicago,medium,12,60638,5829 S Archer Ave,41.7954446,-87.75932650000001,1994-05-12,FALSE,domestic
98,245,Miller,3410000554,26,3.89,FALSE,Chicago,medium,12,60638,5829 S Archer Ave,41.7954446,-87.75932650000001,1994-05-19,FALSE,domestic
98,246,Miller,3410000554,15,3.89,FALSE,Chicago,medium,12,60638,5829 S Archer Ave,41.7954446,-87.75932650000001,1994-05-26,TRUE,domestic
98,247,Miller,3410000554,12,3.89,FALSE,Chicago,medium,12,60638,5829 S Archer Ave,41.7954446,-87.75932650000001,1994-06-02,FALSE,domestic
98,248,Miller,3410000554,16,3.89,FALSE,Chicago,medium,12,60638,5829 S Archer Ave,41.7954446,-87.75932650000001,1994-06-09,FALSE,domestic
98,249,Miller,3410000554,14,3.89,FALSE,Chicago,medium,12,60638,5829 S Archer Ave,41.7954446,-87.75932650000001,1994-06-16,FALSE,domestic
98,250,Miller,3410000554,11,3.89,FALSE,Chicago,medium,12,60638,5829 S Archer Ave,41.7954446,-87.75932650000001,1994-06-23,FALSE,domestic
98,251,Miller,3410000554,12,3.89,FALSE,Chicago,medium,12,60638,5829 S Archer Ave,41.7954446,-87.75932650000001,1994-06-30,TRUE,domestic
98,252,Miller,3410000554,13,3.89,FALSE,Chicago,medium,12,60638,5829 S Archer Ave,41.7954446,-87.75932650000001,1994-07-07,FALSE,domestic
98,253,Miller,3410000554,18,3.89,FALSE,Chicago,medium,12,60638,5829 S Archer Ave,41.7954446,-87.75932650000001,1994-07-14,FALSE,domestic
98,254,Miller,3410000554,17,3.89,FALSE,Chicago,medium,12,60638,5829 S Archer Ave,41.7954446,-87.75932650000001,1994-07-21,FALSE,domestic
98,255,Miller,3410000554,18,3.89,FALSE,Chicago,medium,12,60638,5829 S Archer Ave,41.7954446,-87.75932650000001,1994-07-28,FALSE,domestic
98,256,Miller,3410000554,14,3.89,FALSE,Chicago,medium,12,60638,5829 S Archer Ave,41.7954446,-87.75932650000001,1994-08-04,FALSE,domestic
98,257,Miller,3410000554,20,3.89,FALSE,Chicago,medium,12,60638,5829 S Archer Ave,41.7954446,-87.75932650000001,1994-08-11,FALSE,domestic
98,258,Miller,3410000554,11,3.89,FALSE,Chicago,medium,12,60638,5829 S Archer Ave,41.7954446,-87.75932650000001,1994-08-18,FALSE,domestic
98,259,Miller,3410000554,16,3.89,FALSE,Chicago,medium,12,60638,5829 S Archer Ave,41.7954446,-87.75932650000001,1994-08-25,FALSE,domestic
98,260,Miller,3410000554,11,3.89,FALSE,Chicago,medium,12,60638,5829 S Archer Ave,41.7954446,-87.75932650000001,1994-09-01,TRUE,domestic
98,261,Miller,3410000554,17,3.89,FALSE,Chicago,medium,12,60638,5829 S Archer Ave,41.7954446,-87.75932650000001,1994-09-08,FALSE,domestic
98,266,Miller,3410000554,15,3.89,FALSE,Chicago,medium,12,60638,5829 S Archer Ave,41.7954446,-87.75932650000001,1994-10-13,FALSE,domestic
98,267,Miller,3410000554,23,3.89,FALSE,Chicago,medium,12,60638,5829 S Archer Ave,41.7954446,-87.75932650000001,1994-10-20,FALSE,domestic
98,268,Miller,3410000554,8,3.89,FALSE,Chicago,medium,12,60638,5829 S Archer Ave,41.7954446,-87.75932650000001,1994-10-27,TRUE,domestic
98,269,Miller,3410000554,18,3.89,FALSE,Chicago,medium,12,60638,5829 S Archer Ave,41.7954446,-87.75932650000001,1994-11-03,TRUE,domestic
98,270,Miller,3410000554,11,3.89,FALSE,Chicago,medium,12,60638,5829 S Archer Ave,41.7954446,-87.75932650000001,1994-11-10,TRUE,domestic
98,271,Miller,3410000554,14,3.89,FALSE,Chicago,medium,12,60638,5829 S Archer Ave,41.7954446,-87.75932650000001,1994-11-17,FALSE,domestic
98,272,Miller,3410000554,11,3.89,FALSE,Chicago,medium,12,60638,5829 S Archer Ave,41.7954446,-87.75932650000001,1994-11-24,TRUE,domestic
98,273,Miller,3410000554,12,3.89,FALSE,Chicago,medium,12,60638,5829 S Archer Ave,41.7954446,-87.75932650000001,1994-12-01,FALSE,domestic
98,274,Miller,3410000554,13,3.89,FALSE,Chicago,medium,12,60638,5829 S Archer Ave,41.7954446,-87.75932650000001,1994-12-08,FALSE,domestic
98,275,Miller,3410000554,13,3.89,FALSE,Chicago,medium,12,60638,5829 S Archer Ave,41.7954446,-87.75932650000001,1994-12-15,FALSE,domestic
98,276,Miller,3410000554,9,3.89,FALSE,Chicago,medium,12,60638,5829 S Archer Ave,41.7954446,-87.75932650000001,1994-12-22,TRUE,domestic
98,277,Miller,3410000554,14,3.89,FALSE,Chicago,medium,12,60638,5829 S Archer Ave,41.7954446,-87.75932650000001,1994-12-29,TRUE,domestic
98,278,Miller,3410000554,14,3.89,FALSE,Chicago,medium,12,60638,5829 S Archer Ave,41.7954446,-87.75932650000001,1995-01-05,FALSE,domestic
98,279,Miller,3410000554,6,3.89,FALSE,Chicago,medium,12,60638,5829 S Archer Ave,41.7954446,-87.75932650000001,1995-01-12,TRUE,domestic
98,280,Miller,3410000554,16,3.89,FALSE,Chicago,medium,12,60638,5829 S Archer Ave,41.7954446,-87.75932650000001,1995-01-19,TRUE,domestic
98,281,Miller,3410000554,14,3.89,FALSE,Chicago,medium,12,60638,5829 S Archer Ave,41.7954446,-87.75932650000001,1995-01-26,FALSE,domestic
98,282,Miller,3410000554,14,3.89,FALSE,Chicago,medium,12,60638,5829 S Archer Ave,41.7954446,-87.75932650000001,1995-02-02,FALSE,domestic
98,283,Miller,3410000554,6,3.89,FALSE,Chicago,medium,12,60638,5829 S Archer Ave,41.7954446,-87.75932650000001,1995-02-09,TRUE,domestic
98,286,Miller,3410000554,23,3.49,FALSE,Chicago,medium,12,60638,5829 S Archer Ave,41.7954446,-87.75932650000001,1995-03-02,TRUE,domestic
98,287,Miller,3410000554,38,3.49,FALSE,Chicago,medium,12,60638,5829 S Archer Ave,41.7954446,-87.75932650000001,1995-03-09,FALSE,domestic
98,288,Miller,3410000554,25,3.99,FALSE,Chicago,medium,12,60638,5829 S Archer Ave,41.7954446,-87.75932650000001,1995-03-16,FALSE,domestic
98,289,Miller,3410000554,15,3.99,FALSE,Chicago,medium,12,60638,5829 S Archer Ave,41.7954446,-87.75932650000001,1995-03-23,FALSE,domestic
98,290,Miller,3410000554,15,3.99,FALSE,Chicago,medium,12,60638,5829 S Archer Ave,41.7954446,-87.75932650000001,1995-03-30,FALSE,domestic
98,291,Miller,3410000554,16,3.99,FALSE,Chicago,medium,12,60638,5829 S Archer Ave,41.7954446,-87.75932650000001,1995-04-06,FALSE,domestic
98,292,Miller,3410000554,17,3.99,FALSE,Chicago,medium,12,60638,5829 S Archer Ave,41.7954446,-87.75932650000001,1995-04-13,TRUE,domestic
98,293,Miller,3410000554,20,3.99,FALSE,Chicago,medium,12,60638,5829 S Archer Ave,41.7954446,-87.75932650000001,1995-04-20,FALSE,domestic
98,294,Miller,3410000554,21,3.99,FALSE,Chicago,medium,12,60638,5829 S Archer Ave,41.7954446,-87.75932650000001,1995-04-27,FALSE,domestic
98,295,Miller,3410000554,10,3.99,FALSE,Chicago,medium,12,60638,5829 S Archer Ave,41.7954446,-87.75932650000001,1995-05-04,FALSE,domestic
98,296,Miller,3410000554,22,3.99,FALSE,Chicago,medium,12,60638,5829 S Archer Ave,41.7954446,-87.75932650000001,1995-05-11,FALSE,domestic
98,297,Miller,3410000554,13,3.99,FALSE,Chicago,medium,12,60638,5829 S Archer Ave,41.7954446,-87.75932650000001,1995-05-18,FALSE,domestic
98,298,Miller,3410000554,12,3.99,FALSE,Chicago,medium,12,60638,5829 S Archer Ave,41.7954446,-87.75932650000001,1995-05-25,TRUE,domestic
98,299,Miller,3410000554,14,3.99,FALSE,Chicago,medium,12,60638,5829 S Archer Ave,41.7954446,-87.75932650000001,1995-06-01,FALSE,domestic
98,300,Miller,3410000554,13,3.99,FALSE,Chicago,medium,12,60638,5829 S Archer Ave,41.7954446,-87.75932650000001,1995-06-08,FALSE,domestic
103,91,Budweiser,1820000016,30,3.49,FALSE,Bolingbrook,low,15,60439,271 S Bolingbrook Dr,41.6921428,-88.0702883,1991-06-06,FALSE,domestic
103,92,Budweiser,1820000016,40,3.49,FALSE,Bolingbrook,low,15,60439,271 S Bolingbrook Dr,41.6921428,-88.0702883,1991-06-13,FALSE,domestic
103,93,Budweiser,1820000016,31,3.49,FALSE,Bolingbrook,low,15,60439,271 S Bolingbrook Dr,41.6921428,-88.0702883,1991-06-20,FALSE,domestic
103,94,Budweiser,1820000016,30,3.59,FALSE,Bolingbrook,low,15,60439,271 S Bolingbrook Dr,41.6921428,-88.0702883,1991-06-27,FALSE,domestic
103,95,Budweiser,1820000016,30,3.59,FALSE,Bolingbrook,low,15,60439,271 S Bolingbrook Dr,41.6921428,-88.0702883,1991-07-04,TRUE,domestic
103,96,Budweiser,1820000016,34,3.59,FALSE,Bolingbrook,low,15,60439,271 S Bolingbrook Dr,41.6921428,-88.0702883,1991-07-11,FALSE,domestic
103,97,Budweiser,1820000016,15,3.59,FALSE,Bolingbrook,low,15,60439,271 S Bolingbrook Dr,41.6921428,-88.0702883,1991-07-18,FALSE,domestic
103,98,Budweiser,1820000016,25,3.59,FALSE,Bolingbrook,low,15,60439,271 S Bolingbrook Dr,41.6921428,-88.0702883,1991-07-25,FALSE,domestic
103,99,Budweiser,1820000016,16,3.59,FALSE,Bolingbrook,low,15,60439,271 S Bolingbrook Dr,41.6921428,-88.0702883,1991-08-01,FALSE,domestic
103,100,Budweiser,1820000016,14,3.59,FALSE,Bolingbrook,low,15,60439,271 S Bolingbrook Dr,41.6921428,-88.0702883,1991-08-08,FALSE,domestic
103,101,Budweiser,1820000016,33,3.59,FALSE,Bolingbrook,low,15,60439,271 S Bolingbrook Dr,41.6921428,-88.0702883,1991-08-15,FALSE,domestic
103,102,Budweiser,1820000016,31,3.59,FALSE,Bolingbrook,low,15,60439,271 S Bolingbrook Dr,41.6921428,-88.0702883,1991-08-22,FALSE,domestic
103,103,Budweiser,1820000016,15,3.59,FALSE,Bolingbrook,low,15,60439,271 S Bolingbrook Dr,41.6921428,-88.0702883,1991-08-29,TRUE,domestic
103,104,Budweiser,1820000016,21,3.59,FALSE,Bolingbrook,low,15,60439,271 S Bolingbrook Dr,41.6921428,-88.0702883,1991-09-05,FALSE,domestic
103,105,Budweiser,1820000016,20,3.59,FALSE,Bolingbrook,low,15,60439,271 S Bolingbrook Dr,41.6921428,-88.0702883,1991-09-12,FALSE,domestic
103,106,Budweiser,1820000016,18,3.59,FALSE,Bolingbrook,low,15,60439,271 S Bolingbrook Dr,41.6921428,-88.0702883,1991-09-19,FALSE,domestic
103,107,Budweiser,1820000016,15,3.53,FALSE,Bolingbrook,low,15,60439,271 S Bolingbrook Dr,41.6921428,-88.0702883,1991-09-26,FALSE,domestic
103,108,Budweiser,1820000016,17,3.49,FALSE,Bolingbrook,low,15,60439,271 S Bolingbrook Dr,41.6921428,-88.0702883,1991-10-03,FALSE,domestic
103,109,Budweiser,1820000016,17,3.49,FALSE,Bolingbrook,low,15,60439,271 S Bolingbrook Dr,41.6921428,-88.0702883,1991-10-10,TRUE,domestic
103,110,Budweiser,1820000016,28,3.49,FALSE,Bolingbrook,low,15,60439,271 S Bolingbrook Dr,41.6921428,-88.0702883,1991-10-17,FALSE,domestic
103,111,Budweiser,1820000016,19,3.49,FALSE,Bolingbrook,low,15,60439,271 S Bolingbrook Dr,41.6921428,-88.0702883,1991-10-24,FALSE,domestic
103,112,Budweiser,1820000016,16,3.49,FALSE,Bolingbrook,low,15,60439,271 S Bolingbrook Dr,41.6921428,-88.0702883,1991-10-31,TRUE,domestic
103,113,Budweiser,1820000016,24,3.49,FALSE,Bolingbrook,low,15,60439,271 S Bolingbrook Dr,41.6921428,-88.0702883,1991-11-07,TRUE,domestic
103,114,Budweiser,1820000016,18,3.49,FALSE,Bolingbrook,low,15,60439,271 S Bolingbrook Dr,41.6921428,-88.0702883,1991-11-14,FALSE,domestic
103,115,Budweiser,1820000016,17,3.49,FALSE,Bolingbrook,low,15,60439,271 S Bolingbrook Dr,41.6921428,-88.0702883,1991-11-21,FALSE,domestic
103,116,Budweiser,1820000016,7,3.49,FALSE,Bolingbrook,low,15,60439,271 S Bolingbrook Dr,41.6921428,-88.0702883,1991-11-28,TRUE,domestic
103,117,Budweiser,1820000016,13,3.49,FALSE,Bolingbrook,low,15,60439,271 S Bolingbrook Dr,41.6921428,-88.0702883,1991-12-05,FALSE,domestic
103,118,Budweiser,1820000016,28,3.49,FALSE,Bolingbrook,low,15,60439,271 S Bolingbrook Dr,41.6921428,-88.0702883,1991-12-12,FALSE,domestic
103,119,Budweiser,1820000016,14,3.49,FALSE,Bolingbrook,low,15,60439,271 S Bolingbrook Dr,41.6921428,-88.0702883,1991-12-19,TRUE,domestic
103,120,Budweiser,1820000016,17,3.49,FALSE,Bolingbrook,low,15,60439,271 S Bolingbrook Dr,41.6921428,-88.0702883,1991-12-26,TRUE,domestic
103,121,Budweiser,1820000016,12,3.49,FALSE,Bolingbrook,low,15,60439,271 S Bolingbrook Dr,41.6921428,-88.0702883,1992-01-02,FALSE,domestic
103,122,Budweiser,1820000016,19,3.58,FALSE,Bolingbrook,low,15,60439,271 S Bolingbrook Dr,41.6921428,-88.0702883,1992-01-09,FALSE,domestic
103,123,Budweiser,1820000016,11,3.79,FALSE,Bolingbrook,low,15,60439,271 S Bolingbrook Dr,41.6921428,-88.0702883,1992-01-16,TRUE,domestic
103,124,Budweiser,1820000016,11,3.79,FALSE,Bolingbrook,low,15,60439,271 S Bolingbrook Dr,41.6921428,-88.0702883,1992-01-23,FALSE,domestic
103,125,Budweiser,1820000016,14,3.79,FALSE,Bolingbrook,low,15,60439,271 S Bolingbrook Dr,41.6921428,-88.0702883,1992-01-30,FALSE,domestic
103,126,Budweiser,1820000016,19,3.79,FALSE,Bolingbrook,low,15,60439,271 S Bolingbrook Dr,41.6921428,-88.0702883,1992-02-06,TRUE,domestic
103,127,Budweiser,1820000016,20,3.77,FALSE,Bolingbrook,low,15,60439,271 S Bolingbrook Dr,41.6921428,-88.0702883,1992-02-13,TRUE,domestic
103,128,Budweiser,1820000016,23,3.69,FALSE,Bolingbrook,low,15,60439,271 S Bolingbrook Dr,41.6921428,-88.0702883,1992-02-20,TRUE,domestic
103,129,Budweiser,1820000016,18,3.69,FALSE,Bolingbrook,low,15,60439,271 S Bolingbrook Dr,41.6921428,-88.0702883,1992-02-27,TRUE,domestic
103,130,Budweiser,1820000016,32,3.69,FALSE,Bolingbrook,low,15,60439,271 S Bolingbrook Dr,41.6921428,-88.0702883,1992-03-05,FALSE,domestic
103,131,Budweiser,1820000016,14,3.69,FALSE,Bolingbrook,low,15,60439,271 S Bolingbrook Dr,41.6921428,-88.0702883,1992-03-12,FALSE,domestic
