data/beer.csv
store,week,brand,upc,qty,price,sales_indicator,city,price_tier,zone,zip,address,latitude,longtitude,start_of_week,is_holiday_week,imported
103,132,Budweiser,1820000016,13,3.69,FALSE,Bolingbrook,low,15,60439,271 S Bolingbrook Dr,41.6921428,-88.0702883,1992-03-19,FALSE,domestic
103,133,Budweiser,1820000016,25,3.69,FALSE,Bolingbrook,low,15,60439,271 S Bolingbrook Dr,41.6921428,-88.0702883,1992-03-26,FALSE,domestic
103,134,Budweiser,1820000016,12,3.69,FALSE,Bolingbrook,low,15,60439,271 S Bolingbrook Dr,41.6921428,-88.0702883,1992-04-02,FALSE,domestic
103,135,Budweiser,1820000016,28,3.69,FALSE,Bolingbrook,low,15,60439,271 S Bolingbrook Dr,41.6921428,-88.0702883,1992-04-09,FALSE,domestic
103,136,Budweiser,1820000016,22,3.69,FALSE,Bolingbrook,low,15,60439,271 S Bolingbrook Dr,41.6921428,-88.0702883,1992-04-16,TRUE,domestic
103,137,Budweiser,1820000016,17,3.69,FALSE,Bolingbrook,low,15,60439,271 S Bolingbrook Dr,41.6921428,-88.0702883,1992-04-23,FALSE,domestic
103,138,Budweiser,1820000016,13,3.69,FALSE,Bolingbrook,low,15,60439,271 S Bolingbrook Dr,41.6921428,-88.0702883,1992-04-30,FALSE,domestic
103,139,Budweiser,1820000016,24,3.69,FALSE,Bolingbrook,low,15,60439,271 S Bolingbrook Dr,41.6921428,-88.0702883,1992-05-07,FALSE,domestic
103,140,Budweiser,1820000016,20,3.69,FALSE,Bolingbrook,low,15,60439,271 S Bolingbrook Dr,41.6921428,-88.0702883,1992-05-14,FALSE,domestic
103,141,Budweiser,1820000016,29,3.69,FALSE,Bolingbrook,low,15,60439,271 S Bolingbrook Dr,41.6921428,-88.0702883,1992-05-21,TRUE,domestic
103,142,Budweiser,1820000016,25,3.69,FALSE,Bolingbrook,low,15,60439,271 S Bolingbrook Dr,41.6921428,-88.0702883,1992-05-28,TRUE,domestic
103,143,Budweiser,1820000016,27,3.69,FALSE,Bolingbrook,low,15,60439,271 S Bolingbrook Dr,41.6921428,-88.0702883,1992-06-04,FALSE,domestic
103,144,Budweiser,1820000016,43,3.69,FALSE,Bolingbrook,low,15,60439,271 S Bolingbrook Dr,41.6921428,-88.0702883,1992-06-11,FALSE,domestic
103,145,Budweiser,1820000016,22,3.69,FALSE,Bolingbrook,low,15,60439,271 S Bolingbrook Dr,41.6921428,-88.0702883,1992-06-18,FALSE,domestic
103,146,Budweiser,1820000016,21,3.69,FALSE,Bolingbrook,low,15,60439,271 S Bolingbrook Dr,41.6921428,-88.0702883,1992-06-25,FALSE,domestic
103,147,Budweiser,1820000016,25,3.69,FALSE,Bolingbrook,low,15,60439,271 S Bolingbrook Dr,41.6921428,-88.0702883,1992-07-02,TRUE,domestic
103,148,Budweiser,1820000016,15,3.69,FALSE,Bolingbrook,low,15,60439,271 S Bolingbrook Dr,41.6921428,-88.0702883,1992-07-09,FALSE,domestic
103,149,Budweiser,1820000016,20,3.69,FALSE,Bolingbrook,low,15,60439,271 S Bolingbrook Dr,41.6921428,-88.0702883,1992-07-16,FALSE,domestic
103,150,Budweiser,1820000016,20,3.79,FALSE,Bolingbrook,low,15,60439,271 S Bolingbrook Dr,41.6921428,-88.0702883,1992-07-23,FALSE,domestic
103,151,Budweiser,1820000016,25,3.79,FALSE,Bolingbrook,low,15,60439,271 S Bolingbrook Dr,41.6921428,-88.0702883,1992-07-30,FALSE,domestic
103,152,Budweiser,1820000016,6,3.79,FALSE,Bolingbrook,low,15,60439,271 S Bolingbrook Dr,41.6921428,-88.0702883,1992-08-06,FALSE,domestic
103,153,Budweiser,1820000016,13,3.79,FALSE,Bolingbrook,low,15,60439,271 S Bolingbrook Dr,41.6921428,-88.0702883,1992-08-13,FALSE,domestic
103,154,Budweiser,1820000016,14,3.79,FALSE,Bolingbrook,low,15,60439,271 S Bolingbrook Dr,41.6921428,-88.0702883,1992-08-20,FALSE,domestic
103,155,Budweiser,1820000016,11,3.79,FALSE,Bolingbrook,low,15,60439,271 S Bolingbrook Dr,41.6921428,-88.0702883,1992-08-27,FALSE,domestic
103,156,Budweiser,1820000016,14,3.79,FALSE,Bolingbrook,low,15,60439,271 S Bolingbrook Dr,41.6921428,-88.0702883,1992-09-03,TRUE,domestic
103,157,Budweiser,1820000016,17,3.84,FALSE,Bolingbrook,low,15,60439,271 S Bolingbrook Dr,41.6921428,-88.0702883,1992-09-10,FALSE,domestic
103,158,Budweiser,1820000016,9,3.99,FALSE,Bolingbrook,low,15,60439,271 S Bolingbrook Dr,41.6921428,-88.0702883,1992-09-17,FALSE,domestic
103,159,Budweiser,1820000016,16,3.99,FALSE,Bolingbrook,low,15,60439,271 S Bolingbrook Dr,41.6921428,-88.0702883,1992-09-24,FALSE,domestic
103,160,Budweiser,1820000016,13,3.99,FALSE,Bolingbrook,low,15,60439,271 S Bolingbrook Dr,41.6921428,-88.0702883,1992-10-01,FALSE,domestic
103,161,Budweiser,1820000016,10,3.99,FALSE,Bolingbrook,low,15,60439,271 S Bolingbrook Dr,41.6921428,-88.0702883,1992-10-08,TRUE,domestic
103,162,Budweiser,1820000016,8,3.99,FALSE,Bolingbrook,low,15,60439,271 S Bolingbrook Dr,41.6921428,-88.0702883,1992-10-15,FALSE,domestic
103,163,Budweiser,1820000016,10,3.99,FALSE,Bolingbrook,low,15,60439,271 S Bolingbrook Dr,41.6921428,-88.0702883,1992-10-22,FALSE,domestic
103,164,Budweiser,1820000016,17,3.99,FALSE,Bolingbrook,low,15,60439,271 S Bolingbrook Dr,41.6921428,-88.0702883,1992-10-29,TRUE,domestic
103,165,Budweiser,1820000016,20,3.99,FALSE,Bolingbrook,low,15,60439,271 S Bolingbrook Dr,41.6921428,-88.0702883,1992-11-05,TRUE,domestic
103,166,Budweiser,1820000016,10,3.99,FALSE,Bolingbrook,low,15,60439,271 S Bolingbrook Dr,41.6921428,-88.0702883,1992-11-12,FALSE,domestic
103,167,Budweiser,1820000016,9,3.99,FALSE,Bolingbrook,low,15,60439,271 S Bolingbrook Dr,41.6921428,-88.0702883,1992-11-19,FALSE,domestic
103,168,Budweiser,1820000016,13,3.99,FALSE,Bolingbrook,low,15,60439,271 S Bolingbrook Dr,41.6921428,-88.0702883,1992-11-26,TRUE,domestic
103,169,Budweiser,1820000016,18,3.99,FALSE,Bolingbrook,low,15,60439,271 S Bolingbrook Dr,41.6921428,-88.0702883,1992-12-03,FALSE,domestic
103,170,Budweiser,1820000016,13,3.99,FALSE,Bolingbrook,low,15,60439,271 S Bolingbrook Dr,41.6921428,-88.0702883,1992-12-10,FALSE,domestic
103,171,Budweiser,1820000016,7,3.99,FALSE,Bolingbrook,low,15,60439,271 S Bolingbrook Dr,41.6921428,-88.0702883,1992-12-17,FALSE,domestic
103,172,Budweiser,1820000016,8,3.99,FALSE,Bolingbrook,low,15,60439,271 S Bolingbrook Dr,41.6921428,-88.0702883,1992-12-24,TRUE,domestic
103,173,Budweiser,1820000016,7,3.99,FALSE,Bolingbrook,low,15,60439,271 S Bolingbrook Dr,41.6921428,-88.0702883,1992-12-31,TRUE,domestic
103,174,Budweiser,1820000016,9,3.99,FALSE,Bolingbrook,low,15,60439,271 S Bolingbrook Dr,41.6921428,-88.0702883,1993-01-07,FALSE,domestic
103,175,Budweiser,1820000016,12,3.99,FALSE,Bolingbrook,low,15,60439,271 S Bolingbrook Dr,41.6921428,-88.0702883,1993-01-14,TRUE,domestic
103,176,Budweiser,1820000016,11,3.99,FALSE,Bolingbrook,low,15,60439,271 S Bolingbrook Dr,41.6921428,-88.0702883,1993-01-21,FALSE,domestic
103,177,Budweiser,1820000016,15,3.99,FALSE,Bolingbrook,low,15,60439,271 S Bolingbrook Dr,41.6921428,-88.0702883,1993-01-28,FALSE,domestic
103,178,Budweiser,1820000016,20,3.99,FALSE,Bolingbrook,low,15,60439,271 S Bolingbrook Dr,41.6921428,-88.0702883,1993-02-04,FALSE,domestic
103,179,Budweiser,1820000016,17,3.99,FALSE,Bolingbrook,low,15,60439,271 S Bolingbrook Dr,41.6921428,-88.0702883,1993-02-11,TRUE,domestic
103,180,Budweiser,1820000016,18,3.99,FALSE,Bolingbrook,low,15,60439,271 S Bolingbrook Dr,41.6921428,-88.0702883,1993-02-18,TRUE,domestic
103,181,Budweiser,1820000016,16,3.99,FALSE,Bolingbrook,low,15,60439,271 S Bolingbrook Dr,41.6921428,-88.0702883,1993-02-25,TRUE,domestic
103,182,Budweiser,1820000016,18,3.99,FALSE,Bolingbrook,low,15,60439,271 S Bolingbrook Dr,41.6921428,-88.0702883,1993-03-04,FALSE,domestic
103,183,Budweiser,1820000016,23,3.99,FALSE,Bolingbrook,low,15,60439,271 S Bolingbrook Dr,41.6921428,-88.0702883,1993-03-11,FALSE,domestic
103,184,Budweiser,1820000016,13,3.99,FALSE,Bolingbrook,low,15,60439,271 S Bolingbrook Dr,41.6921428,-88.0702883,1993-03-18,FALSE,domestic
103,185,Budweiser,1820000016,16,3.99,FALSE,Bolingbrook,low,15,60439,271 S Bolingbrook Dr,41.6921428,-88.0702883,1993-03-25,FALSE,domestic
103,186,Budweiser,1820000016,14,3.99,FALSE,Bolingbrook,low,15,60439,271 S Bolingbrook Dr,41.6921428,-88.0702883,1993-04-01,FALSE,domestic
103,187,Budweiser,1820000016,18,3.99,FALSE,Bolingbrook,low,15,60439,271 S Bolingbrook Dr,41.6921428,-88.0702883,1993-04-08,TRUE,domestic
103,188,Budweiser,1820000016,16,3.99,FALSE,Bolingbrook,low,15,60439,271 S Bolingbrook Dr,41.6921428,-88.0702883,1993-04-15,FALSE,domestic
103,189,Budweiser,1820000016,25,3.99,FALSE,Bolingbrook,low,15,60439,271 S Bolingbrook Dr,41.6921428,-88.0702883,1993-04-22,FALSE,domestic
103,190,Budweiser,1820000016,15,3.99,FALSE,Bolingbrook,low,15,60439,271 S Bolingbrook Dr,41.6921428,-88.0702883,1993-04-29,FALSE,domestic
103,191,Budweiser,1820000016,30,3.99,FALSE,Bolingbrook,low,15,60439,271 S Bolingbrook Dr,41.6921428,-88.0702883,1993-05-06,FALSE,domestic
103,192,Budweiser,1820000016,16,3.99,FALSE,Bolingbrook,low,15,60439,271 S Bolingbrook Dr,41.6921428,-88.0702883,1993-05-13,FALSE,domestic
103,193,Budweiser,1820000016,12,3.99,FALSE,Bolingbrook,low,15,60439,271 S Bolingbrook Dr,41.6921428,-88.0702883,1993-05-20,FALSE,domestic
103,194,Budweiser,1820000016,12,3.99,FALSE,Bolingbrook,low,15,60439,271 S Bolingbrook Dr,41.6921428,-88.0702883,1993-05-27,TRUE,domestic
103,195,Budweiser,1820000016,20,3.99,FALSE,Bolingbrook,low,15,60439,271 S Bolingbrook Dr,41.6921428,-88.0702883,1993-06-03,FALSE,domestic
103,196,Budweiser,1820000016,15,3.99,FALSE,Bolingbrook,low,15,60439,271 S Bolingbrook Dr,41.6921428,-88.0702883,1993-06-10,FALSE,domestic
103,197,Budweiser,1820000016,26,3.99,FALSE,Bolingbrook,low,15,60439,271 S Bolingbrook Dr,41.6921428,-88.0702883,1993-06-17,FALSE,domestic
103,198,Budweiser,1820000016,12,3.99,FALSE,Bolingbrook,low,15,60439,271 S Bolingbrook Dr,41.6921428,-88.0702883,1993-06-24,FALSE,domestic
103,199,Budweiser,1820000016,13,3.99,FALSE,Bolingbrook,low,15,60439,271 S Bolingbrook Dr,41.6921428,-88.0702883,1993-07-01,TRUE,domestic
103,200,Budweiser,1820000016,18,3.79,FALSE,Bolingbrook,low,15,60439,271 S Bolingbrook Dr,41.6921428,-88.0702883,1993-07-08,FALSE,domestic
103,201,Budweiser,1820000016,15,3.59,FALSE,Bolingbrook,low,15,60439,271 S Bolingbrook Dr,41.6921428,-88.0702883,1993-07-15,FALSE,domestic
103,202,Budweiser,1820000016,15,3.59,FALSE,Bolingbrook,low,15,60439,271 S Bolingbrook Dr,41.6921428,-88.0702883,1993-07-22,FALSE,domestic
103,203,Budweiser,1820000016,21,3.59,FALSE,Bolingbrook,low,15,60439,271 S Bolingbrook Dr,41.6921428,-88.0702883,1993-07-29,FALSE,domestic
103,204,Budweiser,1820000016,19,3.59,FALSE,Bolingbrook,low,15,60439,271 S Bolingbrook Dr,41.6921428,-88.0702883,1993-08-05,FALSE,domestic
103,205,Budweiser,1820000016,18,3.59,FALSE,Bolingbrook,low,15,60439,271 S Bolingbrook Dr,41.6921428,-88.0702883,1993-08-12,FALSE,domestic
103,206,Budweiser,1820000016,18,3.59,FALSE,Bolingbrook,low,15,60439,271 S Bolingbrook Dr,41.6921428,-88.0702883,1993-08-19,FALSE,domestic
103,207,Budweiser,1820000016,25,3.59,FALSE,Bolingbrook,low,15,60439,271 S Bolingbrook Dr,41.6921428,-88.0702883,1993-08-26,FALSE,domestic
103,208,Budweiser,1820000016,20,3.59,FALSE,Bolingbrook,low,15,60439,271 S Bolingbrook Dr,41.6921428,-88.0702883,1993-09-02,TRUE,domestic
103,209,Budweiser,1820000016,11,3.59,FALSE,Bolingbrook,low,15,60439,271 S Bolingbrook Dr,41.6921428,-88.0702883,1993-09-09,FALSE,domestic
103,210,Budweiser,1820000016,12,3.59,FALSE,Bolingbrook,low,15,60439,271 S Bolingbrook Dr,41.6921428,-88.0702883,1993-09-16,FALSE,domestic
103,211,Budweiser,1820000016,7,3.59,FALSE,Bolingbrook,low,15,60439,271 S Bolingbrook Dr,41.6921428,-88.0702883,1993-09-23,FALSE,domestic
103,212,Budweiser,1820000016,22,3.59,FALSE,Bolingbrook,low,15,60439,271 S Bolingbrook Dr,41.6921428,-88.0702883,1993-09-30,FALSE,domestic
103,213,Budweiser,1820000016,16,3.59,FALSE,Bolingbrook,low,15,60439,271 S Bolingbrook Dr,41.6921428,-88.0702883,1993-10-07,TRUE,domestic
103,214,Budweiser,1820000016,7,3.59,FALSE,Bolingbrook,low,15,60439,271 S Bolingbrook Dr,41.6921428,-88.0702883,1993-10-14,FALSE,domestic
103,215,Budweiser,1820000016,23,3.59,FALSE,Bolingbrook,low,15,60439,271 S Bolingbrook Dr,41.6921428,-88.0702883,1993-10-21,FALSE,domestic
103,216,Budweiser,1820000016,11,3.59,FALSE,Bolingbrook,low,15,60439,271 S Bolingbrook Dr,41.6921428,-88.0702883,1993-10-28,TRUE,domestic
103,217,Budweiser,1820000016,11,3.59,FALSE,Bolingbrook,low,15,60439,271 S Bolingbrook Dr,41.6921428,-88.0702883,1993-11-04,FALSE,domestic
103,218,Budweiser,1820000016,10,3.59,FALSE,Bolingbrook,low,15,60439,271 S Bolingbrook Dr,41.6921428,-88.0702883,1993-11-11,TRUE,domestic
103,220,Budweiser,1820000016,7,3.59,FALSE,Bolingbrook,low,15,60439,271 S Bolingbrook Dr,41.6921428,-88.0702883,1993-11-25,TRUE,domestic
103,221,Budweiser,1820000016,14,3.59,FALSE,Bolingbrook,low,15,60439,271 S Bolingbrook Dr,41.6921428,-88.0702883,1993-12-02,FALSE,domestic
103,222,Budweiser,1820000016,21,3.59,FALSE,Bolingbrook,low,15,60439,271 S Bolingbrook Dr,41.6921428,-88.0702883,1993-12-09,FALSE,domestic
103,223,Budweiser,1820000016,12,3.67,FALSE,Bolingbrook,low,15,60439,271 S Bolingbrook Dr,41.6921428,-88.0702883,1993-12-16,FALSE,domestic
103,224,Budweiser,1820000016,17,3.79,FALSE,Bolingbrook,low,15,60439,271 S Bolingbrook Dr,41.6921428,-88.0702883,1993-12-23,TRUE,domestic
103,225,Budweiser,1820000016,7,3.79,FALSE,Bolingbrook,low,15,60439,271 S Bolingbrook Dr,41.6921428,-88.0702883,1993-12-30,TRUE,domestic
103,226,Budweiser,1820000016,20,3.79,FALSE,Bolingbrook,low,15,60439,271 S Bolingbrook Dr,41.6921428,-88.0702883,1994-01-06,FALSE,domestic
103,227,Budweiser,1820000016,14,3.79,FALSE,Bolingbrook,low,15,60439,271 S Bolingbrook Dr,41.6921428,-88.0702883,1994-01-13,TRUE,domestic
103,228,Budweiser,1820000016,12,3.79,FALSE,Bolingbrook,low,15,60439,271 S Bolingbrook Dr,41.6921428,-88.0702883,1994-01-20,TRUE,domestic
103,229,Budweiser,1820000016,21,3.81,FALSE,Bolingbrook,low,15,60439,271 S Bolingbrook Dr,41.6921428,-88.0702883,1994-01-27,FALSE,domestic
103,230,Budweiser,1820000016,21,3.89,FALSE,Bolingbrook,low,15,60439,271 S Bolingbrook Dr,41.6921428,-88.0702883,1994-02-03,FALSE,domestic
103,231,Budweiser,1820000016,22,3.89,FALSE,Bolingbrook,low,15,60439,271 S Bolingbrook Dr,41.6921428,-88.0702883,1994-02-10,TRUE,domestic
103,232,Budweiser,1820000016,21,3.89,FALSE,Bolingbrook,low,15,60439,271 S Bolingbrook Dr,41.6921428,-88.0702883,1994-02-17,TRUE,domestic
103,233,Budweiser,1820000016,22,3.89,FALSE,Bolingbrook,low,15,60439,271 S Bolingbrook Dr,41.6921428,-88.0702883,1994-02-24,FALSE,domestic
103,234,Budweiser,1820000016,35,3.89,FALSE,Bolingbrook,low,15,60439,271 S Bolingbrook Dr,41.6921428,-88.0702883,1994-03-03,TRUE,domestic
103,235,Budweiser,1820000016,14,3.89,FALSE,Bolingbrook,low,15,60439,271 S Bolingbrook Dr,41.6921428,-88.0702883,1994-03-10,FALSE,domestic
103,236,Budweiser,1820000016,20,3.89,FALSE,Bolingbrook,low,15,60439,271 S Bolingbrook Dr,41.6921428,-88.0702883,1994-03-17,FALSE,domestic
103,237,Budweiser,1820000016,19,3.89,FALSE,Bolingbrook,low,15,60439,271 S Bolingbrook Dr,41.6921428,-88.0702883,1994-03-24,FALSE,domestic
103,238,Budweiser,1820000016,15,3.89,FALSE,Bolingbrook,low,15,60439,271 S Bolingbrook Dr,41.6921428,-88.0702883,1994-03-31,TRUE,domestic
103,239,Budweiser,1820000016,23,3.89,FALSE,Bolingbrook,low,15,60439,271 S Bolingbrook Dr,41.6921428,-88.0702883,1994-04-07,FALSE,domestic
103,240,Budweiser,1820000016,21,3.89,FALSE,Bolingbrook,low,15,60439,271 S Bolingbrook Dr,41.6921428,-88.0702883,1994-04-14,FALSE,domestic
103,241,Budweiser,1820000016,31,3.89,FALSE,Bolingbrook,low,15,60439,271 S Bolingbrook Dr,41.6921428,-88.0702883,1994-04-21,FALSE,domestic
103,242,Budweiser,1820000016,24,3.89,FALSE,Bolingbrook,low,15,60439,271 S Bolingbrook Dr,41.6921428,-88.0702883,1994-04-28,FALSE,domestic
103,243,Budweiser,1820000016,26,3.89,FALSE,Bolingbrook,low,15,60439,271 S Bolingbrook Dr,41.6921428,-88.0702883,1994-05-05,FALSE,domestic
103,244,Budweiser,1820000016,18,3.89,FALSE,Bolingbrook,low,15,60439,271 S Bolingbrook Dr,41.6921428,-88.0702883,1994-05-12,FALSE,domestic
103,245,Budweiser,1820000016,21,3.89,FALSE,Bolingbrook,low,15,60439,271 S Bolingbrook Dr,41.6921428,-88.0702883,1994-05-19,FALSE,domestic
103,246,Budweiser,1820000016,24,3.89,FALSE,Bolingbrook,low,15,60439,271 S Bolingbrook Dr,41.6921428,-88.0702883,1994-05-26,TRUE,domestic
103,247,Budweiser,1820000016,26,3.89,FALSE,Bolingbrook,low,15,60439,271 S Bolingbrook Dr,41.6921428,-88.0702883,1994-06-02,FALSE,domestic
103,248,Budweiser,1820000016,22,3.89,FALSE,Bolingbrook,low,15,60439,271 S Bolingbrook Dr,41.6921428,-88.0702883,1994-06-09,FALSE,domestic
103,249,Budweiser,1820000016,23,3.89,FALSE,Bolingbrook,low,15,60439,271 S Bolingbrook Dr,41.6921428,-88.0702883,1994-06-16,FALSE,domestic
103,250,Budweiser,1820000016,24,3.89,FALSE,Bolingbrook,low,15,60439,271 S Bolingbrook Dr,41.6921428,-88.0702883,1994-06-23,FALSE,domestic
103,251,Budweiser,1820000016,22,3.89,FALSE,Bolingbrook,low,15,60439,271 S Bolingbrook Dr,41.6921428,-88.0702883,1994-06-30,TRUE,domestic
103,252,Budweiser,1820000016,14,3.89,FALSE,Bolingbrook,low,15,60439,271 S Bolingbrook Dr,41.6921428,-88.0702883,1994-07-07,FALSE,domestic
103,253,Budweiser,1820000016,16,3.89,FALSE,Bolingbrook,low,15,60439,271 S Bolingbrook Dr,41.6921428,-88.0702883,1994-07-14,FALSE,domestic
103,254,Budweiser,1820000016,9,3.89,FALSE,Bolingbrook,low,15,60439,271 S Bolingbrook Dr,41.6921428,-88.0702883,1994-07-21,FALSE,domestic
103,255,Budweiser,1820000016,26,3.89,FALSE,Bolingbrook,low,15,60439,271 S Bolingbrook Dr,41.6921428,-88.0702883,1994-07-28,FALSE,domestic
103,256,Budweiser,1820000016,29,3.89,FALSE,Bolingbrook,low,15,60439,271 S Bolingbrook Dr,41.6921428,-88.0702883,1994-08-04,FALSE,domestic
103,257,Budweiser,1820000016,17,3.89,FALSE,Bolingbrook,low,15,60439,271 S Bolingbrook Dr,41.6921428,-88.0702883,1994-08-11,FALSE,domestic
103,258,Budweiser,1820000016,24,3.89,FALSE,Bolingbrook,low,15,60439,271 S Bolingbrook Dr,41.6921428,-88.0702883,1994-08-18,FALSE,domestic
103,259,Budweiser,1820000016,23,3.89,FALSE,Bolingbrook,low,15,60439,271 S Bolingbrook Dr,41.6921428,-88.0702883,1994-08-25,FALSE,domestic
103,260,Budweiser,1820000016,29,3.89,FALSE,Bolingbrook,low,15,60439,271 S Bolingbrook Dr,41.6921428,-88.0702883,1994-09-01,TRUE,domestic
103,261,Budweiser,1820000016,29,3.89,FALSE,Bolingbrook,low,15,60439,271 S Bolingbrook Dr,41.6921428,-88.0702883,1994-09-08,FALSE,domestic
