data/beer.csv
store,week,brand,upc,qty,price,sales_indicator,city,price_tier,zone,zip,address,latitude,longtitude,start_of_week,is_holiday_week,imported
103,266,Budweiser,1820000016,17,3.89,FALSE,Bolingbrook,low,15,60439,271 S Bolingbrook Dr,41.6921428,-88.0702883,1994-10-13,FALSE,domestic
103,267,Budweiser,1820000016,25,3.89,FALSE,Bolingbrook,low,15,60439,271 S Bolingbrook Dr,41.6921428,-88.0702883,1994-10-20,FALSE,domestic
103,268,Budweiser,1820000016,21,3.89,FALSE,Bolingbrook,low,15,60439,271 S Bolingbrook Dr,41.6921428,-88.0702883,1994-10-27,TRUE,domestic
103,269,Budweiser,1820000016,24,3.89,FALSE,Bolingbrook,low,15,60439,271 S Bolingbrook Dr,41.6921428,-88.0702883,1994-11-03,TRUE,domestic
103,270,Budweiser,1820000016,21,3.89,FALSE,Bolingbrook,low,15,60439,271 S Bolingbrook Dr,41.6921428,-88.0702883,1994-11-10,TRUE,domestic
103,271,Budweiser,1820000016,23,3.89,FALSE,Bolingbrook,low,15,60439,271 S Bolingbrook Dr,41.6921428,-88.0702883,1994-11-17,FALSE,domestic
103,272,Budweiser,1820000016,21,3.89,FALSE,Bolingbrook,low,15,60439,271 S Bolingbrook Dr,41.6921428,-88.0702883,1994-11-24,TRUE,domestic
103,273,Budweiser,1820000016,17,3.89,FALSE,Bolingbrook,low,15,60439,271 S Bolingbrook Dr,41.6921428,-88.0702883,1994-12-01,FALSE,domestic
103,274,Budweiser,1820000016,15,3.89,FALSE,Bolingbrook,low,15,60439,271 S Bolingbrook Dr,41.6921428,-88.0702883,1994-12-08,FALSE,domestic
103,275,Budweiser,1820000016,31,3.89,FALSE,Bolingbrook,low,15,60439,271 S Bolingbrook Dr,41.6921428,-88.0702883,1994-12-15,FALSE,domestic
103,276,Budweiser,1820000016,18,3.89,FALSE,Bolingbrook,low,15,60439,271 S Bolingbrook Dr,41.6921428,-88.0702883,1994-12-22,TRUE,domestic
103,277,Budweiser,1820000016,27,3.89,FALSE,Bolingbrook,low,15,60439,271 S Bolingbrook Dr,41.6921428,-88.0702883,1994-12-29,TRUE,domestic
103,278,Budweiser,1820000016,16,3.89,FALSE,Bolingbrook,low,15,60439,271 S Bolingbrook Dr,41.6921428,-88.0702883,1995-01-05,FALSE,domestic
103,279,Budweiser,1820000016,15,3.95,FALSE,Bolingbrook,low,15,60439,271 S Bolingbrook Dr,41.6921428,-88.0702883,1995-01-12,TRUE,domestic
103,280,Budweiser,1820000016,12,3.89,FALSE,Bolingbrook,low,15,60439,271 S Bolingbrook Dr,41.6921428,-88.0702883,1995-01-19,TRUE,domestic
103,281,Budweiser,1820000016,24,3.89,FALSE,Bolingbrook,low,15,60439,271 S Bolingbrook Dr,41.6921428,-88.0702883,1995-01-26,FALSE,domestic
103,282,Budweiser,1820000016,16,3.89,FALSE,Bolingbrook,low,15,60439,271 S Bolingbrook Dr,41.6921428,-88.0702883,1995-02-02,FALSE,domestic
103,283,Budweiser,1820000016,15,3.95,FALSE,Bolingbrook,low,15,60439,271 S Bolingbrook Dr,41.6921428,-88.0702883,1995-02-09,TRUE,domestic
103,286,Budweiser,1820000016,22,3.99,FALSE,Bolingbrook,low,15,60439,271 S Bolingbrook Dr,41.6921428,-88.0702883,1995-03-02,TRUE,domestic
103,287,Budweiser,1820000016,27,3.99,FALSE,Bolingbrook,low,15,60439,271 S Bolingbrook Dr,41.6921428,-88.0702883,1995-03-09,FALSE,domestic
103,288,Budweiser,1820000016,20,3.99,FALSE,Bolingbrook,low,15,60439,271 S Bolingbrook Dr,41.6921428,-88.0702883,1995-03-16,FALSE,domestic
103,289,Budweiser,1820000016,12,3.99,FALSE,Bolingbrook,low,15,60439,271 S Bolingbrook Dr,41.6921428,-88.0702883,1995-03-23,FALSE,domestic
103,290,Budweiser,1820000016,19,3.99,FALSE,Bolingbrook,low,15,60439,271 S Bolingbrook Dr,41.6921428,-88.0702883,1995-03-30,FALSE,domestic
103,291,Budweiser,1820000016,20,3.99,FALSE,Bolingbrook,low,15,60439,271 S Bolingbrook Dr,41.6921428,-88.0702883,1995-04-06,FALSE,domestic
103,292,Budweiser,1820000016,22,3.99,FALSE,Bolingbrook,low,15,60439,271 S Bolingbrook Dr,41.6921428,-88.0702883,1995-04-13,TRUE,domestic
103,293,Budweiser,1820000016,9,3.99,FALSE,Bolingbrook,low,15,60439,271 S Bolingbrook Dr,41.6921428,-88.0702883,1995-04-20,FALSE,domestic
103,294,Budweiser,1820000016,4,3.99,FALSE,Bolingbrook,low,15,60439,271 S Bolingbrook Dr,41.6921428,-88.0702883,1995-04-27,FALSE,domestic
103,295,Budweiser,1820000016,16,3.99,FALSE,Bolingbrook,low,15,60439,271 S Bolingbrook Dr,41.6921428,-88.0702883,1995-05-04,FALSE,domestic
103,296,Budweiser,1820000016,25,3.99,FALSE,Bolingbrook,low,15,60439,271 S Bolingbrook Dr,41.6921428,-88.0702883,1995-05-11,FALSE,domestic
103,297,Budweiser,1820000016,28,3.99,FALSE,Bolingbrook,low,15,60439,271 S Bolingbrook Dr,41.6921428,-88.0702883,1995-05-18,FALSE,domestic
103,298,Budweiser,1820000016,29,3.99,FALSE,Bolingbrook,low,15,60439,271 S Bolingbrook Dr,41.6921428,-88.0702883,1995-05-25,TRUE,domestic
103,299,Budweiser,1820000016,26,3.99,FALSE,Bolingbrook,low,15,60439,271 S Bolingbrook Dr,41.6921428,-88.0702883,1995-06-01,FALSE,domestic
103,300,Budweiser,1820000016,23,3.99,FALSE,Bolingbrook,low,15,60439,271 S Bolingbrook Dr,41.6921428,-88.0702883,1995-06-08,FALSE,domestic
103,91,Corona,8066095605,13,5.79,FALSE,Bolingbrook,low,15,60439,271 S Bolingbrook Dr,41.6921428,-88.0702883,1991-06-06,FALSE,imported
103,92,Corona,8066095605,13,5.79,FALSE,Bolingbrook,low,15,60439,271 S Bolingbrook Dr,41.6921428,-88.0702883,1991-06-13,FALSE,imported
103,93,Corona,8066095605,19,4.39,FALSE,Bolingbrook,low,15,60439,271 S Bolingbrook Dr,41.6921428,-88.0702883,1991-06-20,FALSE,imported
103,94,Corona,8066095605,14,4.39,FALSE,Bolingbrook,low,15,60439,271 S Bolingbrook Dr,41.6921428,-88.0702883,1991-06-27,FALSE,imported
103,95,Corona,8066095605,28,5.79,FALSE,Bolingbrook,low,15,60439,271 S Bolingbrook Dr,41.6921428,-88.0702883,1991-07-04,TRUE,imported
103,96,Corona,8066095605,10,5.79,FALSE,Bolingbrook,low,15,60439,271 S Bolingbrook Dr,41.6921428,-88.0702883,1991-07-11,FALSE,imported
103,97,Corona,8066095605,6,5.79,FALSE,Bolingbrook,low,15,60439,271 S Bolingbrook Dr,41.6921428,-88.0702883,1991-07-18,FALSE,imported
103,98,Corona,8066095605,7,5.79,FALSE,Bolingbrook,low,15,60439,271 S Bolingbrook Dr,41.6921428,-88.0702883,1991-07-25,FALSE,imported
103,99,Corona,8066095605,9,5.79,FALSE,Bolingbrook,low,15,60439,271 S Bolingbrook Dr,41.6921428,-88.0702883,1991-08-01,FALSE,imported
103,100,Corona,8066095605,11,5.79,FALSE,Bolingbrook,low,15,60439,271 S Bolingbrook Dr,41.6921428,-88.0702883,1991-08-08,FALSE,imported
103,101,Corona,8066095605,6,5.79,FALSE,Bolingbrook,low,15,60439,271 S Bolingbrook Dr,41.6921428,-88.0702883,1991-08-15,FALSE,imported
103,102,Corona,8066095605,10,5.79,FALSE,Bolingbrook,low,15,60439,271 S Bolingbrook Dr,41.6921428,-88.0702883,1991-08-22,FALSE,imported
103,103,Corona,8066095605,12,5.59,FALSE,Bolingbrook,low,15,60439,271 S Bolingbrook Dr,41.6921428,-88.0702883,1991-08-29,TRUE,imported
103,104,Corona,8066095605,10,4.99,FALSE,Bolingbrook,low,15,60439,271 S Bolingbrook Dr,41.6921428,-88.0702883,1991-09-05,FALSE,imported
103,105,Corona,8066095605,4,4.99,FALSE,Bolingbrook,low,15,60439,271 S Bolingbrook Dr,41.6921428,-88.0702883,1991-09-12,FALSE,imported
103,106,Corona,8066095605,13,5.79,FALSE,Bolingbrook,low,15,60439,271 S Bolingbrook Dr,41.6921428,-88.0702883,1991-09-19,FALSE,imported
103,107,Corona,8066095605,6,5.79,FALSE,Bolingbrook,low,15,60439,271 S Bolingbrook Dr,41.6921428,-88.0702883,1991-09-26,FALSE,imported
103,108,Corona,8066095605,10,5.79,FALSE,Bolingbrook,low,15,60439,271 S Bolingbrook Dr,41.6921428,-88.0702883,1991-10-03,FALSE,imported
103,109,Corona,8066095605,12,5.79,FALSE,Bolingbrook,low,15,60439,271 S Bolingbrook Dr,41.6921428,-88.0702883,1991-10-10,TRUE,imported
103,110,Corona,8066095605,8,5.79,FALSE,Bolingbrook,low,15,60439,271 S Bolingbrook Dr,41.6921428,-88.0702883,1991-10-17,FALSE,imported
103,111,Corona,8066095605,8,5.79,FALSE,Bolingbrook,low,15,60439,271 S Bolingbrook Dr,41.6921428,-88.0702883,1991-10-24,FALSE,imported
103,112,Corona,8066095605,4,5.79,FALSE,Bolingbrook,low,15,60439,271 S Bolingbrook Dr,41.6921428,-88.0702883,1991-10-31,TRUE,imported
103,113,Corona,8066095605,7,5.79,FALSE,Bolingbrook,low,15,60439,271 S Bolingbrook Dr,41.6921428,-88.0702883,1991-11-07,TRUE,imported
103,114,Corona,8066095605,2,5.79,FALSE,Bolingbrook,low,15,60439,271 S Bolingbrook Dr,41.6921428,-88.0702883,1991-11-14,FALSE,imported
103,115,Corona,8066095605,1,5.79,FALSE,Bolingbrook,low,15,60439,271 S Bolingbrook Dr,41.6921428,-88.0702883,1991-11-21,FALSE,imported
103,116,Corona,8066095605,9,5.79,FALSE,Bolingbrook,low,15,60439,271 S Bolingbrook Dr,41.6921428,-88.0702883,1991-11-28,TRUE,imported
103,117,Corona,8066095605,2,5.79,FALSE,Bolingbrook,low,15,60439,271 S Bolingbrook Dr,41.6921428,-88.0702883,1991-12-05,FALSE,imported
103,118,Corona,8066095605,7,5.79,FALSE,Bolingbrook,low,15,60439,271 S Bolingbrook Dr,41.6921428,-88.0702883,1991-12-12,FALSE,imported
103,119,Corona,8066095605,10,4.99,FALSE,Bolingbrook,low,15,60439,271 S Bolingbrook Dr,41.6921428,-88.0702883,1991-12-19,TRUE,imported
103,120,Corona,8066095605,17,4.99,FALSE,Bolingbrook,low,15,60439,271 S Bolingbrook Dr,41.6921428,-88.0702883,1991-12-26,TRUE,imported
103,121,Corona,8066095605,8,5.79,FALSE,Bolingbrook,low,15,60439,271 S Bolingbrook Dr,41.6921428,-88.0702883,1992-01-02,FALSE,imported
103,122,Corona,8066095605,10,4.99,FALSE,Bolingbrook,low,15,60439,271 S Bolingbrook Dr,41.6921428,-88.0702883,1992-01-09,FALSE,imported
103,123,Corona,8066095605,10,4.99,FALSE,Bolingbrook,low,15,60439,271 S Bolingbrook Dr,41.6921428,-88.0702883,1992-01-16,TRUE,imported
103,124,Corona,8066095605,6,5.79,FALSE,Bolingbrook,low,15,60439,271 S Bolingbrook Dr,41.6921428,-88.0702883,1992-01-23,FALSE,imported
103,125,Corona,8066095605,4,5.99,FALSE,Bolingbrook,low,15,60439,271 S Bolingbrook Dr,41.6921428,-88.0702883,1992-01-30,FALSE,imported
103,126,Corona,8066095605,1,5.99,FALSE,Bolingbrook,low,15,60439,271 S Bolingbrook Dr,41.6921428,-88.0702883,1992-02-06,TRUE,imported
103,127,Corona,8066095605,11,5.99,FALSE,Bolingbrook,low,15,60439,271 S Bolingbrook Dr,41.6921428,-88.0702883,1992-02-13,TRUE,imported
103,128,Corona,8066095605,8,5.99,FALSE,Bolingbrook,low,15,60439,271 S Bolingbrook Dr,41.6921428,-88.0702883,1992-02-20,TRUE,imported
103,129,Corona,8066095605,7,5.99,FALSE,Bolingbrook,low,15,60439,271 S Bolingbrook Dr,41.6921428,-88.0702883,1992-02-27,TRUE,imported
103,130,Corona,8066095605,4,5.99,FALSE,Bolingbrook,low,15,60439,271 S Bolingbrook Dr,41.6921428,-88.0702883,1992-03-05,FALSE,imported
103,131,Corona,8066095605,4,5.99,FALSE,Bolingbrook,low,15,60439,271 S Bolingbrook Dr,41.6921428,-88.0702883,1992-03-12,FALSE,imported
103,132,Corona,8066095605,5,5.99,FALSE,Bolingbrook,low,15,60439,271 S Bolingbrook Dr,41.6921428,-88.0702883,1992-03-19,FALSE,imported
103,133,Corona,8066095605,6,5.99,FALSE,Bolingbrook,low,15,60439,271 S Bolingbrook Dr,41.6921428,-88.0702883,1992-03-26,FALSE,imported
103,134,Corona,8066095605,4,5.99,FALSE,Bolingbrook,low,15,60439,271 S Bolingbrook Dr,41.6921428,-88.0702883,1992-04-02,FALSE,imported
103,135,Corona,8066095605,20,4.69,FALSE,Bolingbrook,low,15,60439,271 S Bolingbrook Dr,41.6921428,-88.0702883,1992-04-09,FALSE,imported
103,136,Corona,8066095605,6,4.69,FALSE,Bolingbrook,low,15,60439,271 S Bolingbrook Dr,41.6921428,-88.0702883,1992-04-16,TRUE,imported
103,137,Corona,8066095605,7,5.99,FALSE,Bolingbrook,low,15,60439,271 S Bolingbrook Dr,41.6921428,-88.0702883,1992-04-23,FALSE,imported
103,138,Corona,8066095605,2,5.99,FALSE,Bolingbrook,low,15,60439,271 S Bolingbrook Dr,41.6921428,-88.0702883,1992-04-30,FALSE,imported
103,139,Corona,8066095605,20,4.29,FALSE,Bolingbrook,low,15,60439,271 S Bolingbrook Dr,41.6921428,-88.0702883,1992-05-07,FALSE,imported
103,140,Corona,8066095605,14,4.29,FALSE,Bolingbrook,low,15,60439,271 S Bolingbrook Dr,41.6921428,-88.0702883,1992-05-14,FALSE,imported
103,141,Corona,8066095605,9,5.99,FALSE,Bolingbrook,low,15,60439,271 S Bolingbrook Dr,41.6921428,-88.0702883,1992-05-21,TRUE,imported
103,142,Corona,8066095605,7,5.99,FALSE,Bolingbrook,low,15,60439,271 S Bolingbrook Dr,41.6921428,-88.0702883,1992-05-28,TRUE,imported
103,143,Corona,8066095605,8,5.99,FALSE,Bolingbrook,low,15,60439,271 S Bolingbrook Dr,41.6921428,-88.0702883,1992-06-04,FALSE,imported
103,144,Corona,8066095605,13,5.99,FALSE,Bolingbrook,low,15,60439,271 S Bolingbrook Dr,41.6921428,-88.0702883,1992-06-11,FALSE,imported
103,145,Corona,8066095605,24,4.49,FALSE,Bolingbrook,low,15,60439,271 S Bolingbrook Dr,41.6921428,-88.0702883,1992-06-18,FALSE,imported
103,146,Corona,8066095605,10,4.49,FALSE,Bolingbrook,low,15,60439,271 S Bolingbrook Dr,41.6921428,-88.0702883,1992-06-25,FALSE,imported
103,147,Corona,8066095605,7,5.99,FALSE,Bolingbrook,low,15,60439,271 S Bolingbrook Dr,41.6921428,-88.0702883,1992-07-02,TRUE,imported
103,148,Corona,8066095605,11,5.99,FALSE,Bolingbrook,low,15,60439,271 S Bolingbrook Dr,41.6921428,-88.0702883,1992-07-09,FALSE,imported
103,149,Corona,8066095605,11,4.99,FALSE,Bolingbrook,low,15,60439,271 S Bolingbrook Dr,41.6921428,-88.0702883,1992-07-16,FALSE,imported
103,150,Corona,8066095605,7,5.99,FALSE,Bolingbrook,low,15,60439,271 S Bolingbrook Dr,41.6921428,-88.0702883,1992-07-23,FALSE,imported
103,151,Corona,8066095605,5,5.99,FALSE,Bolingbrook,low,15,60439,271 S Bolingbrook Dr,41.6921428,-88.0702883,1992-07-30,FALSE,imported
103,152,Corona,8066095605,9,5.99,FALSE,Bolingbrook,low,15,60439,271 S Bolingbrook Dr,41.6921428,-88.0702883,1992-08-06,FALSE,imported
103,153,Corona,8066095605,10,4.49,FALSE,Bolingbrook,low,15,60439,271 S Bolingbrook Dr,41.6921428,-88.0702883,1992-08-13,FALSE,imported
103,154,Corona,8066095605,16,4.49,FALSE,Bolingbrook,low,15,60439,271 S Bolingbrook Dr,41.6921428,-88.0702883,1992-08-20,FALSE,imported
103,155,Corona,8066095605,5,5.99,FALSE,Bolingbrook,low,15,60439,271 S Bolingbrook Dr,41.6921428,-88.0702883,1992-08-27,FALSE,imported
103,156,Corona,8066095605,14,5.99,FALSE,Bolingbrook,low,15,60439,271 S Bolingbrook Dr,41.6921428,-88.0702883,1992-09-03,TRUE,imported
103,157,Corona,8066095605,12,5.99,FALSE,Bolingbrook,low,15,60439,271 S Bolingbrook Dr,41.6921428,-88.0702883,1992-09-10,FALSE,imported
103,158,Corona,8066095605,4,5.99,FALSE,Bolingbrook,low,15,60439,271 S Bolingbrook Dr,41.6921428,-88.0702883,1992-09-17,FALSE,imported
103,159,Corona,8066095605,2,5.99,FALSE,Bolingbrook,low,15,60439,271 S Bolingbrook Dr,41.6921428,-88.0702883,1992-09-24,FALSE,imported
103,160,Corona,8066095605,4,5.99,FALSE,Bolingbrook,low,15,60439,271 S Bolingbrook Dr,41.6921428,-88.0702883,1992-10-01,FALSE,imported
103,161,Corona,8066095605,3,5.99,FALSE,Bolingbrook,low,15,60439,271 S Bolingbrook Dr,41.6921428,-88.0702883,1992-10-08,TRUE,imported
103,162,Corona,8066095605,7,5.99,FALSE,Bolingbrook,low,15,60439,271 S Bolingbrook Dr,41.6921428,-88.0702883,1992-10-15,FALSE,imported
103,163,Corona,8066095605,6,5.99,FALSE,Bolingbrook,low,15,60439,271 S Bolingbrook Dr,41.6921428,-88.0702883,1992-10-22,FALSE,imported
103,164,Corona,8066095605,2,5.99,FALSE,Bolingbrook,low,15,60439,271 S Bolingbrook Dr,41.6921428,-88.0702883,1992-10-29,TRUE,imported
103,165,Corona,8066095605,10,5.99,FALSE,Bolingbrook,low,15,60439,271 S Bolingbrook Dr,41.6921428,-88.0702883,1992-11-05,TRUE,imported
103,166,Corona,8066095605,2,5.99,FALSE,Bolingbrook,low,15,60439,271 S Bolingbrook Dr,41.6921428,-88.0702883,1992-11-12,FALSE,imported
103,167,Corona,8066095605,4,5.99,FALSE,Bolingbrook,low,15,60439,271 S Bolingbrook Dr,41.6921428,-88.0702883,1992-11-19,FALSE,imported
103,168,Corona,8066095605,9,5.99,FALSE,Bolingbrook,low,15,60439,271 S Bolingbrook Dr,41.6921428,-88.0702883,1992-11-26,TRUE,imported
103,169,Corona,8066095605,2,5.99,FALSE,Bolingbrook,low,15,60439,271 S Bolingbrook Dr,41.6921428,-88.0702883,1992-12-03,FALSE,imported
103,170,Corona,8066095605,7,4.99,FALSE,Bolingbrook,low,15,60439,271 S Bolingbrook Dr,41.6921428,-88.0702883,1992-12-10,FALSE,imported
103,171,Corona,8066095605,5,4.99,FALSE,Bolingbrook,low,15,60439,271 S Bolingbrook Dr,41.6921428,-88.0702883,1992-12-17,FALSE,imported
103,172,Corona,8066095605,8,4.99,FALSE,Bolingbrook,low,15,60439,271 S Bolingbrook Dr,41.6921428,-88.0702883,1992-12-24,TRUE,imported
103,173,Corona,8066095605,11,5.99,FALSE,Bolingbrook,low,15,60439,271 S Bolingbrook Dr,41.6921428,-88.0702883,1992-12-31,TRUE,imported
103,174,Corona,8066095605,2,5.99,FALSE,Bolingbrook,low,15,60439,271 S Bolingbrook Dr,41.6921428,-88.0702883,1993-01-07,FALSE,imported
103,175,Corona,8066095605,5,5.99,FALSE,Bolingbrook,low,15,60439,271 S Bolingbrook Dr,41.6921428,-88.0702883,1993-01-14,TRUE,imported
103,176,Corona,8066095605,4,5.99,FALSE,Bolingbrook,low,15,60439,271 S Bolingbrook Dr,41.6921428,-88.0702883,1993-01-21,FALSE,imported
103,177,Corona,8066095605,2,5.99,FALSE,Bolingbrook,low,15,60439,271 S Bolingbrook Dr,41.6921428,-88.0702883,1993-01-28,FALSE,imported
103,178,Corona,8066095605,3,5.99,FALSE,Bolingbrook,low,15,60439,271 S Bolingbrook Dr,41.6921428,-88.0702883,1993-02-04,FALSE,imported
103,179,Corona,8066095605,12,5.99,FALSE,Bolingbrook,low,15,60439,271 S Bolingbrook Dr,41.6921428,-88.0702883,1993-02-11,TRUE,imported
103,180,Corona,8066095605,11,5.99,FALSE,Bolingbrook,low,15,60439,271 S Bolingbrook Dr,41.6921428,-88.0702883,1993-02-18,TRUE,imported
103,181,Corona,8066095605,9,5.99,FALSE,Bolingbrook,low,15,60439,271 S Bolingbrook Dr,41.6921428,-88.0702883,1993-02-25,TRUE,imported
103,182,Corona,8066095605,2,5.99,FALSE,Bolingbrook,low,15,60439,271 S Bolingbrook Dr,41.6921428,-88.0702883,1993-03-04,FALSE,imported
103,183,Corona,8066095605,6,5.99,FALSE,Bolingbrook,low,15,60439,271 S Bolingbrook Dr,41.6921428,-88.0702883,1993-03-11,FALSE,imported
103,184,Corona,8066095605,6,5.99,FALSE,Bolingbrook,low,15,60439,271 S Bolingbrook Dr,41.6921428,-88.0702883,1993-03-18,FALSE,imported
103,185,Corona,8066095605,8,5.99,FALSE,Bolingbrook,low,15,60439,271 S Bolingbrook Dr,41.6921428,-88.0702883,1993-03-25,FALSE,imported
103,186,Corona,8066095605,4,5.99,FALSE,Bolingbrook,low,15,60439,271 S Bolingbrook Dr,41.6921428,-88.0702883,1993-04-01,FALSE,imported
103,187,Corona,8066095605,6,5.99,FALSE,Bolingbrook,low,15,60439,271 S Bolingbrook Dr,41.6921428,-88.0702883,1993-04-08,TRUE,imported
103,188,Corona,8066095605,2,5.99,FALSE,Bolingbrook,low,15,60439,271 S Bolingbrook Dr,41.6921428,-88.0702883,1993-04-15,FALSE,imported
103,189,Corona,8066095605,7,5.99,FALSE,Bolingbrook,low,15,60439,271 S Bolingbrook Dr,41.6921428,-88.0702883,1993-04-22,FALSE,imported
