data/beer.csv
store,week,brand,upc,qty,price,sales_indicator,city,price_tier,zone,zip,address,latitude,longtitude,start_of_week,is_holiday_week,imported
103,190,Corona,8066095605,25,4.49,TRUE,Bolingbrook,low,15,60439,271 S Bolingbrook Dr,41.6921428,-88.0702883,1993-04-29,FALSE,imported
103,191,Corona,8066095605,14,5.99,FALSE,Bolingbrook,low,15,60439,271 S Bolingbrook Dr,41.6921428,-88.0702883,1993-05-06,FALSE,imported
103,192,Corona,8066095605,8,5.99,FALSE,Bolingbrook,low,15,60439,271 S Bolingbrook Dr,41.6921428,-88.0702883,1993-05-13,FALSE,imported
103,193,Corona,8066095605,9,5.99,FALSE,Bolingbrook,low,15,60439,271 S Bolingbrook Dr,41.6921428,-88.0702883,1993-05-20,FALSE,imported
103,194,Corona,8066095605,11,5.99,FALSE,Bolingbrook,low,15,60439,271 S Bolingbrook Dr,41.6921428,-88.0702883,1993-05-27,TRUE,imported
103,195,Corona,8066095605,9,5.99,FALSE,Bolingbrook,low,15,60439,271 S Bolingbrook Dr,41.6921428,-88.0702883,1993-06-03,FALSE,imported
103,196,Corona,8066095605,6,5.99,FALSE,Bolingbrook,low,15,60439,271 S Bolingbrook Dr,41.6921428,-88.0702883,1993-06-10,FALSE,imported
103,197,Corona,8066095605,13,4.99,FALSE,Bolingbrook,low,15,60439,271 S Bolingbrook Dr,41.6921428,-88.0702883,1993-06-17,FALSE,imported
103,198,Corona,8066095605,6,4.99,FALSE,Bolingbrook,low,15,60439,271 S Bolingbrook Dr,41.6921428,-88.0702883,1993-06-24,FALSE,imported
103,199,Corona,8066095605,10,5.99,FALSE,Bolingbrook,low,15,60439,271 S Bolingbrook Dr,41.6921428,-88.0702883,1993-07-01,TRUE,imported
103,200,Corona,8066095605,12,5.99,FALSE,Bolingbrook,low,15,60439,271 S Bolingbrook Dr,41.6921428,-88.0702883,1993-07-08,FALSE,imported
103,201,Corona,8066095605,5,5.99,FALSE,Bolingbrook,low,15,60439,271 S Bolingbrook Dr,41.6921428,-88.0702883,1993-07-15,FALSE,imported
103,203,Corona,8066095605,2,5.99,FALSE,Bolingbrook,low,15,60439,271 S Bolingbrook Dr,41.6921428,-88.0702883,1993-07-29,FALSE,imported
103,204,Corona,8066095605,7,5.99,FALSE,Bolingbrook,low,15,60439,271 S Bolingbrook Dr,41.6921428,-88.0702883,1993-08-05,FALSE,imported
103,205,Corona,8066095605,26,4.49,FALSE,Bolingbrook,low,15,60439,271 S Bolingbrook Dr,41.6921428,-88.0702883,1993-08-12,FALSE,imported
103,206,Corona,8066095605,20,4.49,FALSE,Bolingbrook,low,15,60439,271 S Bolingbrook Dr,41.6921428,-88.0702883,1993-08-19,FALSE,imported
103,207,Corona,8066095605,10,5.99,FALSE,Bolingbrook,low,15,60439,271 S Bolingbrook Dr,41.6921428,-88.0702883,1993-08-26,FALSE,imported
103,208,Corona,8066095605,6,5.99,FALSE,Bolingbrook,low,15,60439,271 S Bolingbrook Dr,41.6921428,-88.0702883,1993-09-02,TRUE,imported
103,209,Corona,8066095605,9,5.99,FALSE,Bolingbrook,low,15,60439,271 S Bolingbrook Dr,41.6921428,-88.0702883,1993-09-09,FALSE,imported
103,210,Corona,8066095605,3,5.99,FALSE,Bolingbrook,low,15,60439,271 S Bolingbrook Dr,41.6921428,-88.0702883,1993-09-16,FALSE,imported
103,211,Corona,8066095605,3,5.99,FALSE,Bolingbrook,low,15,60439,271 S Bolingbrook Dr,41.6921428,-88.0702883,1993-09-23,FALSE,imported
103,212,Corona,8066095605,4,5.99,FALSE,Bolingbrook,low,15,60439,271 S Bolingbrook Dr,41.6921428,-88.0702883,1993-09-30,FALSE,imported
103,213,Corona,8066095605,3,5.99,FALSE,Bolingbrook,low,15,60439,271 S Bolingbrook Dr,41.6921428,-88.0702883,1993-10-07,TRUE,imported
103,214,Corona,8066095605,2,5.99,FALSE,Bolingbrook,low,15,60439,271 S Bolingbrook Dr,41.6921428,-88.0702883,1993-10-14,FALSE,imported
103,215,Corona,8066095605,1,5.99,FALSE,Bolingbrook,low,15,60439,271 S Bolingbrook Dr,41.6921428,-88.0702883,1993-10-21,FALSE,imported
103,216,Corona,8066095605,7,5.99,FALSE,Bolingbrook,low,15,60439,271 S Bolingbrook Dr,41.6921428,-88.0702883,1993-10-28,TRUE,imported
103,217,Corona,8066095605,7,5.99,FALSE,Bolingbrook,low,15,60439,271 S Bolingbrook Dr,41.6921428,-88.0702883,1993-11-04,FALSE,imported
103,218,Corona,8066095605,5,5.99,FALSE,Bolingbrook,low,15,60439,271 S Bolingbrook Dr,41.6921428,-88.0702883,1993-11-11,TRUE,imported
103,220,Corona,8066095605,7,5.99,FALSE,Bolingbrook,low,15,60439,271 S Bolingbrook Dr,41.6921428,-88.0702883,1993-11-25,TRUE,imported
103,221,Corona,8066095605,16,4.49,FALSE,Bolingbrook,low,15,60439,271 S Bolingbrook Dr,41.6921428,-88.0702883,1993-12-02,FALSE,imported
103,222,Corona,8066095605,18,4.49,FALSE,Bolingbrook,low,15,60439,271 S Bolingbrook Dr,41.6921428,-88.0702883,1993-12-09,FALSE,imported
103,223,Corona,8066095605,5,5.69,FALSE,Bolingbrook,low,15,60439,271 S Bolingbrook Dr,41.6921428,-88.0702883,1993-12-16,FALSE,imported
103,224,Corona,8066095605,5,5.99,FALSE,Bolingbrook,low,15,60439,271 S Bolingbrook Dr,41.6921428,-88.0702883,1993-12-23,TRUE,imported
103,225,Corona,8066095605,2,5.99,FALSE,Bolingbrook,low,15,60439,271 S Bolingbrook Dr,41.6921428,-88.0702883,1993-12-30,TRUE,imported
103,226,Corona,8066095605,3,5.99,FALSE,Bolingbrook,low,15,60439,271 S Bolingbrook Dr,41.6921428,-88.0702883,1994-01-06,FALSE,imported
103,227,Corona,8066095605,3,5.99,FALSE,Bolingbrook,low,15,60439,271 S Bolingbrook Dr,41.6921428,-88.0702883,1994-01-13,TRUE,imported
103,228,Corona,8066095605,6,5.99,FALSE,Bolingbrook,low,15,60439,271 S Bolingbrook Dr,41.6921428,-88.0702883,1994-01-20,TRUE,imported
103,229,Corona,8066095605,4,5.99,FALSE,Bolingbrook,low,15,60439,271 S Bolingbrook Dr,41.6921428,-88.0702883,1994-01-27,FALSE,imported
103,230,Corona,8066095605,19,4.56,FALSE,Bolingbrook,low,15,60439,271 S Bolingbrook Dr,41.6921428,-88.0702883,1994-02-03,FALSE,imported
103,231,Corona,8066095605,19,4.49,FALSE,Bolingbrook,low,15,60439,271 S Bolingbrook Dr,41.6921428,-88.0702883,1994-02-10,TRUE,imported
103,232,Corona,8066095605,19,4.56,FALSE,Bolingbrook,low,15,60439,271 S Bolingbrook Dr,41.6921428,-88.0702883,1994-02-17,TRUE,imported
103,233,Corona,8066095605,19,4.49,FALSE,Bolingbrook,low,15,60439,271 S Bolingbrook Dr,41.6921428,-88.0702883,1994-02-24,FALSE,imported
103,234,Corona,8066095605,12,5.99,FALSE,Bolingbrook,low,15,60439,271 S Bolingbrook Dr,41.6921428,-88.0702883,1994-03-03,TRUE,imported
103,235,Corona,8066095605,3,5.99,FALSE,Bolingbrook,low,15,60439,271 S Bolingbrook Dr,41.6921428,-88.0702883,1994-03-10,FALSE,imported
103,236,Corona,8066095605,7,5.99,FALSE,Bolingbrook,low,15,60439,271 S Bolingbrook Dr,41.6921428,-88.0702883,1994-03-17,FALSE,imported
103,237,Corona,8066095605,10,5.99,FALSE,Bolingbrook,low,15,60439,271 S Bolingbrook Dr,41.6921428,-88.0702883,1994-03-24,FALSE,imported
103,238,Corona,8066095605,3,5.99,FALSE,Bolingbrook,low,15,60439,271 S Bolingbrook Dr,41.6921428,-88.0702883,1994-03-31,TRUE,imported
103,239,Corona,8066095605,8,5.99,FALSE,Bolingbrook,low,15,60439,271 S Bolingbrook Dr,41.6921428,-88.0702883,1994-04-07,FALSE,imported
103,240,Corona,8066095605,8,5.99,FALSE,Bolingbrook,low,15,60439,271 S Bolingbrook Dr,41.6921428,-88.0702883,1994-04-14,FALSE,imported
103,241,Corona,8066095605,2,5.99,FALSE,Bolingbrook,low,15,60439,271 S Bolingbrook Dr,41.6921428,-88.0702883,1994-04-21,FALSE,imported
103,242,Corona,8066095605,9,5.99,FALSE,Bolingbrook,low,15,60439,271 S Bolingbrook Dr,41.6921428,-88.0702883,1994-04-28,FALSE,imported
103,243,Corona,8066095605,12,5.99,FALSE,Bolingbrook,low,15,60439,271 S Bolingbrook Dr,41.6921428,-88.0702883,1994-05-05,FALSE,imported
103,244,Corona,8066095605,7,5.99,FALSE,Bolingbrook,low,15,60439,271 S Bolingbrook Dr,41.6921428,-88.0702883,1994-05-12,FALSE,imported
103,245,Corona,8066095605,21,5.99,FALSE,Bolingbrook,low,15,60439,271 S Bolingbrook Dr,41.6921428,-88.0702883,1994-05-19,FALSE,imported
103,246,Corona,8066095605,30,5.94,FALSE,Bolingbrook,low,15,60439,271 S Bolingbrook Dr,41.6921428,-88.0702883,1994-05-26,TRUE,imported
103,247,Corona,8066095605,26,4.69,FALSE,Bolingbrook,low,15,60439,271 S Bolingbrook Dr,41.6921428,-88.0702883,1994-06-02,FALSE,imported
103,248,Corona,8066095605,30,4.69,FALSE,Bolingbrook,low,15,60439,271 S Bolingbrook Dr,41.6921428,-88.0702883,1994-06-09,FALSE,imported
103,249,Corona,8066095605,27,4.69,FALSE,Bolingbrook,low,15,60439,271 S Bolingbrook Dr,41.6921428,-88.0702883,1994-06-16,FALSE,imported
103,250,Corona,8066095605,18,4.69,FALSE,Bolingbrook,low,15,60439,271 S Bolingbrook Dr,41.6921428,-88.0702883,1994-06-23,FALSE,imported
103,251,Corona,8066095605,8,5.99,FALSE,Bolingbrook,low,15,60439,271 S Bolingbrook Dr,41.6921428,-88.0702883,1994-06-30,TRUE,imported
103,252,Corona,8066095605,15,6.03,FALSE,Bolingbrook,low,15,60439,271 S Bolingbrook Dr,41.6921428,-88.0702883,1994-07-07,FALSE,imported
103,253,Corona,8066095605,15,6.19,FALSE,Bolingbrook,low,15,60439,271 S Bolingbrook Dr,41.6921428,-88.0702883,1994-07-14,FALSE,imported
103,254,Corona,8066095605,6,6.19,FALSE,Bolingbrook,low,15,60439,271 S Bolingbrook Dr,41.6921428,-88.0702883,1994-07-21,FALSE,imported
103,255,Corona,8066095605,10,6.19,FALSE,Bolingbrook,low,15,60439,271 S Bolingbrook Dr,41.6921428,-88.0702883,1994-07-28,FALSE,imported
103,256,Corona,8066095605,5,5.85,FALSE,Bolingbrook,low,15,60439,271 S Bolingbrook Dr,41.6921428,-88.0702883,1994-08-04,FALSE,imported
103,257,Corona,8066095605,19,4.49,FALSE,Bolingbrook,low,15,60439,271 S Bolingbrook Dr,41.6921428,-88.0702883,1994-08-11,FALSE,imported
103,258,Corona,8066095605,7,4.49,FALSE,Bolingbrook,low,15,60439,271 S Bolingbrook Dr,41.6921428,-88.0702883,1994-08-18,FALSE,imported
103,259,Corona,8066095605,6,6.19,FALSE,Bolingbrook,low,15,60439,271 S Bolingbrook Dr,41.6921428,-88.0702883,1994-08-25,FALSE,imported
103,260,Corona,8066095605,9,6.19,FALSE,Bolingbrook,low,15,60439,271 S Bolingbrook Dr,41.6921428,-88.0702883,1994-09-01,TRUE,imported
103,261,Corona,8066095605,6,6.19,FALSE,Bolingbrook,low,15,60439,271 S Bolingbrook Dr,41.6921428,-88.0702883,1994-09-08,FALSE,imported
103,266,Corona,8066095605,16,6.19,FALSE,Bolingbrook,low,15,60439,271 S Bolingbrook Dr,41.6921428,-88.0702883,1994-10-13,FALSE,imported
103,267,Corona,8066095605,7,6.19,FALSE,Bolingbrook,low,15,60439,271 S Bolingbrook Dr,41.6921428,-88.0702883,1994-10-20,FALSE,imported
103,268,Corona,8066095605,7,6.19,FALSE,Bolingbrook,low,15,60439,271 S Bolingbrook Dr,41.6921428,-88.0702883,1994-10-27,TRUE,imported
103,269,Corona,8066095605,8,6.19,FALSE,Bolingbrook,low,15,60439,271 S Bolingbrook Dr,41.6921428,-88.0702883,1994-11-03,TRUE,imported
103,270,Corona,8066095605,9,6.19,FALSE,Bolingbrook,low,15,60439,271 S Bolingbrook Dr,41.6921428,-88.0702883,1994-11-10,TRUE,imported
103,271,Corona,8066095605,6,6.19,FALSE,Bolingbrook,low,15,60439,271 S Bolingbrook Dr,41.6921428,-88.0702883,1994-11-17,FALSE,imported
103,272,Corona,8066095605,9,6.19,FALSE,Bolingbrook,low,15,60439,271 S Bolingbrook Dr,41.6921428,-88.0702883,1994-11-24,TRUE,imported
103,273,Corona,8066095605,10,6.19,FALSE,Bolingbrook,low,15,60439,271 S Bolingbrook Dr,41.6921428,-88.0702883,1994-12-01,FALSE,imported
103,274,Corona,8066095605,7,6.19,FALSE,Bolingbrook,low,15,60439,271 S Bolingbrook Dr,41.6921428,-88.0702883,1994-12-08,FALSE,imported
103,275,Corona,8066095605,7,6.19,FALSE,Bolingbrook,low,15,60439,271 S Bolingbrook Dr,41.6921428,-88.0702883,1994-12-15,FALSE,imported
103,276,Corona,8066095605,8,6.19,FALSE,Bolingbrook,low,15,60439,271 S Bolingbrook Dr,41.6921428,-88.0702883,1994-12-22,TRUE,imported
103,277,Corona,8066095605,10,5.68,FALSE,Bolingbrook,low,15,60439,271 S Bolingbrook Dr,41.6921428,-88.0702883,1994-12-29,TRUE,imported
103,278,Corona,8066095605,5,6.19,FALSE,Bolingbrook,low,15,60439,271 S Bolingbrook Dr,41.6921428,-88.0702883,1995-01-05,FALSE,imported
103,279,Corona,8066095605,6,6.19,FALSE,Bolingbrook,low,15,60439,271 S Bolingbrook Dr,41.6921428,-88.0702883,1995-01-12,TRUE,imported
103,280,Corona,8066095605,6,6.19,FALSE,Bolingbrook,low,15,60439,271 S Bolingbrook Dr,41.6921428,-88.0702883,1995-01-19,TRUE,imported
103,281,Corona,8066095605,7,6.19,FALSE,Bolingbrook,low,15,60439,271 S Bolingbrook Dr,41.6921428,-88.0702883,1995-01-26,FALSE,imported
103,282,Corona,8066095605,5,6.19,FALSE,Bolingbrook,low,15,60439,271 S Bolingbrook Dr,41.6921428,-88.0702883,1995-02-02,FALSE,imported
103,283,Corona,8066095605,6,6.19,FALSE,Bolingbrook,low,15,60439,271 S Bolingbrook Dr,41.6921428,-88.0702883,1995-02-09,TRUE,imported
103,286,Corona,8066095605,9,6.19,FALSE,Bolingbrook,low,15,60439,271 S Bolingbrook Dr,41.6921428,-88.0702883,1995-03-02,TRUE,imported
103,287,Corona,8066095605,5,6.11,FALSE,Bolingbrook,low,15,60439,271 S Bolingbrook Dr,41.6921428,-88.0702883,1995-03-09,FALSE,imported
103,288,Corona,8066095605,11,5.99,FALSE,Bolingbrook,low,15,60439,271 S Bolingbrook Dr,41.6921428,-88.0702883,1995-03-16,FALSE,imported
103,289,Corona,8066095605,9,5.99,FALSE,Bolingbrook,low,15,60439,271 S Bolingbrook Dr,41.6921428,-88.0702883,1995-03-23,FALSE,imported
103,290,Corona,8066095605,15,5.99,FALSE,Bolingbrook,low,15,60439,271 S Bolingbrook Dr,41.6921428,-88.0702883,1995-03-30,FALSE,imported
103,291,Corona,8066095605,10,5.99,FALSE,Bolingbrook,low,15,60439,271 S Bolingbrook Dr,41.6921428,-88.0702883,1995-04-06,FALSE,imported
103,292,Corona,8066095605,9,5.99,FALSE,Bolingbrook,low,15,60439,271 S Bolingbrook Dr,41.6921428,-88.0702883,1995-04-13,TRUE,imported
103,293,Corona,8066095605,13,5.99,FALSE,Bolingbrook,low,15,60439,271 S Bolingbrook Dr,41.6921428,-88.0702883,1995-04-20,FALSE,imported
103,294,Corona,8066095605,21,4.99,FALSE,Bolingbrook,low,15,60439,271 S Bolingbrook Dr,41.6921428,-88.0702883,1995-04-27,FALSE,imported
103,295,Corona,8066095605,35,4.99,FALSE,Bolingbrook,low,15,60439,271 S Bolingbrook Dr,41.6921428,-88.0702883,1995-05-04,FALSE,imported
103,296,Corona,8066095605,28,5.99,FALSE,Bolingbrook,low,15,60439,271 S Bolingbrook Dr,41.6921428,-88.0702883,1995-05-11,FALSE,imported
103,297,Corona,8066095605,15,5.89,FALSE,Bolingbrook,low,15,60439,271 S Bolingbrook Dr,41.6921428,-88.0702883,1995-05-18,FALSE,imported
103,298,Corona,8066095605,22,5.49,FALSE,Bolingbrook,low,15,60439,271 S Bolingbrook Dr,41.6921428,-88.0702883,1995-05-25,TRUE,imported
103,299,Corona,8066095605,27,5.49,FALSE,Bolingbrook,low,15,60439,271 S Bolingbrook Dr,41.6921428,-88.0702883,1995-06-01,FALSE,imported
103,300,Corona,8066095605,37,4.99,FALSE,Bolingbrook,low,15,60439,271 S Bolingbrook Dr,41.6921428,-88.0702883,1995-06-08,FALSE,imported
103,91,Lowenbrau,3410021505,13,3.99,FALSE,Bolingbrook,low,15,60439,271 S Bolingbrook Dr,41.6921428,-88.0702883,1991-06-06,FALSE,imported
103,92,Lowenbrau,3410021505,20,3.99,FALSE,Bolingbrook,low,15,60439,271 S Bolingbrook Dr,41.6921428,-88.0702883,1991-06-13,FALSE,imported
103,93,Lowenbrau,3410021505,27,3.49,FALSE,Bolingbrook,low,15,60439,271 S Bolingbrook Dr,41.6921428,-88.0702883,1991-06-20,FALSE,imported
103,94,Lowenbrau,3410021505,27,3.49,FALSE,Bolingbrook,low,15,60439,271 S Bolingbrook Dr,41.6921428,-88.0702883,1991-06-27,FALSE,imported
103,95,Lowenbrau,3410021505,28,3.99,FALSE,Bolingbrook,low,15,60439,271 S Bolingbrook Dr,41.6921428,-88.0702883,1991-07-04,TRUE,imported
103,96,Lowenbrau,3410021505,17,3.99,FALSE,Bolingbrook,low,15,60439,271 S Bolingbrook Dr,41.6921428,-88.0702883,1991-07-11,FALSE,imported
103,97,Lowenbrau,3410021505,20,3.99,FALSE,Bolingbrook,low,15,60439,271 S Bolingbrook Dr,41.6921428,-88.0702883,1991-07-18,FALSE,imported
103,98,Lowenbrau,3410021505,27,3.49,FALSE,Bolingbrook,low,15,60439,271 S Bolingbrook Dr,41.6921428,-88.0702883,1991-07-25,FALSE,imported
103,99,Lowenbrau,3410021505,20,3.49,FALSE,Bolingbrook,low,15,60439,271 S Bolingbrook Dr,41.6921428,-88.0702883,1991-08-01,FALSE,imported
103,100,Lowenbrau,3410021505,8,3.99,FALSE,Bolingbrook,low,15,60439,271 S Bolingbrook Dr,41.6921428,-88.0702883,1991-08-08,FALSE,imported
103,101,Lowenbrau,3410021505,15,3.92,FALSE,Bolingbrook,low,15,60439,271 S Bolingbrook Dr,41.6921428,-88.0702883,1991-08-15,FALSE,imported
103,102,Lowenbrau,3410021505,28,3.49,FALSE,Bolingbrook,low,15,60439,271 S Bolingbrook Dr,41.6921428,-88.0702883,1991-08-22,FALSE,imported
103,103,Lowenbrau,3410021505,50,3.49,FALSE,Bolingbrook,low,15,60439,271 S Bolingbrook Dr,41.6921428,-88.0702883,1991-08-29,TRUE,imported
103,104,Lowenbrau,3410021505,15,3.99,FALSE,Bolingbrook,low,15,60439,271 S Bolingbrook Dr,41.6921428,-88.0702883,1991-09-05,FALSE,imported
103,105,Lowenbrau,3410021505,15,3.99,FALSE,Bolingbrook,low,15,60439,271 S Bolingbrook Dr,41.6921428,-88.0702883,1991-09-12,FALSE,imported
103,106,Lowenbrau,3410021505,14,3.99,FALSE,Bolingbrook,low,15,60439,271 S Bolingbrook Dr,41.6921428,-88.0702883,1991-09-19,FALSE,imported
103,107,Lowenbrau,3410021505,33,3.29,FALSE,Bolingbrook,low,15,60439,271 S Bolingbrook Dr,41.6921428,-88.0702883,1991-09-26,FALSE,imported
103,108,Lowenbrau,3410021505,35,3.29,FALSE,Bolingbrook,low,15,60439,271 S Bolingbrook Dr,41.6921428,-88.0702883,1991-10-03,FALSE,imported
103,109,Lowenbrau,3410021505,11,3.99,FALSE,Bolingbrook,low,15,60439,271 S Bolingbrook Dr,41.6921428,-88.0702883,1991-10-10,TRUE,imported
103,110,Lowenbrau,3410021505,7,3.99,FALSE,Bolingbrook,low,15,60439,271 S Bolingbrook Dr,41.6921428,-88.0702883,1991-10-17,FALSE,imported
103,111,Lowenbrau,3410021505,16,3.99,FALSE,Bolingbrook,low,15,60439,271 S Bolingbrook Dr,41.6921428,-88.0702883,1991-10-24,FALSE,imported
103,112,Lowenbrau,3410021505,40,3.29,FALSE,Bolingbrook,low,15,60439,271 S Bolingbrook Dr,41.6921428,-88.0702883,1991-10-31,TRUE,imported
103,113,Lowenbrau,3410021505,48,3.29,FALSE,Bolingbrook,low,15,60439,271 S Bolingbrook Dr,41.6921428,-88.0702883,1991-11-07,TRUE,imported
103,114,Lowenbrau,3410021505,10,3.99,FALSE,Bolingbrook,low,15,60439,271 S Bolingbrook Dr,41.6921428,-88.0702883,1991-11-14,FALSE,imported
103,115,Lowenbrau,3410021505,10,3.99,FALSE,Bolingbrook,low,15,60439,271 S Bolingbrook Dr,41.6921428,-88.0702883,1991-11-21,FALSE,imported
103,116,Lowenbrau,3410021505,46,3.29,FALSE,Bolingbrook,low,15,60439,271 S Bolingbrook Dr,41.6921428,-88.0702883,1991-11-28,TRUE,imported
103,117,Lowenbrau,3410021505,21,3.29,FALSE,Bolingbrook,low,15,60439,271 S Bolingbrook Dr,41.6921428,-88.0702883,1991-12-05,FALSE,imported
103,118,Lowenbrau,3410021505,10,3.99,FALSE,Bolingbrook,low,15,60439,271 S Bolingbrook Dr,41.6921428,-88.0702883,1991-12-12,FALSE,imported
103,119,Lowenbrau,3410021505,6,3.99,FALSE,Bolingbrook,low,15,60439,271 S Bolingbrook Dr,41.6921428,-88.0702883,1991-12-19,TRUE,imported
