data/beer.csv
store,week,brand,upc,qty,price,sales_indicator,city,price_tier,zone,zip,address,latitude,longtitude,start_of_week,is_holiday_week,imported
103,120,Lowenbrau,3410021505,32,3.29,FALSE,Bolingbrook,low,15,60439,271 S Bolingbrook Dr,41.6921428,-88.0702883,1991-12-26,TRUE,imported
103,121,Lowenbrau,3410021505,51,3.29,FALSE,Bolingbrook,low,15,60439,271 S Bolingbrook Dr,41.6921428,-88.0702883,1992-01-02,FALSE,imported
103,122,Lowenbrau,3410021505,4,4.06,FALSE,Bolingbrook,low,15,60439,271 S Bolingbrook Dr,41.6921428,-88.0702883,1992-01-09,FALSE,imported
103,123,Lowenbrau,3410021505,8,4.29,FALSE,Bolingbrook,low,15,60439,271 S Bolingbrook Dr,41.6921428,-88.0702883,1992-01-16,TRUE,imported
103,124,Lowenbrau,3410021505,33,3.49,FALSE,Bolingbrook,low,15,60439,271 S Bolingbrook Dr,41.6921428,-88.0702883,1992-01-23,FALSE,imported
103,125,Lowenbrau,3410021505,31,3.49,FALSE,Bolingbrook,low,15,60439,271 S Bolingbrook Dr,41.6921428,-88.0702883,1992-01-30,FALSE,imported
103,126,Lowenbrau,3410021505,22,3.49,FALSE,Bolingbrook,low,15,60439,271 S Bolingbrook Dr,41.6921428,-88.0702883,1992-02-06,TRUE,imported
103,127,Lowenbrau,3410021505,8,4.29,FALSE,Bolingbrook,low,15,60439,271 S Bolingbrook Dr,41.6921428,-88.0702883,1992-02-13,TRUE,imported
103,128,Lowenbrau,3410021505,8,4.29,FALSE,Bolingbrook,low,15,60439,271 S Bolingbrook Dr,41.6921428,-88.0702883,1992-02-20,TRUE,imported
103,129,Lowenbrau,3410021505,32,3.49,FALSE,Bolingbrook,low,15,60439,271 S Bolingbrook Dr,41.6921428,-88.0702883,1992-02-27,TRUE,imported
103,130,Lowenbrau,3410021505,48,3.49,FALSE,Bolingbrook,low,15,60439,271 S Bolingbrook Dr,41.6921428,-88.0702883,1992-03-05,FALSE,imported
103,131,Lowenbrau,3410021505,9,4.29,FALSE,Bolingbrook,low,15,60439,271 S Bolingbrook Dr,41.6921428,-88.0702883,1992-03-12,FALSE,imported
103,132,Lowenbrau,3410021505,4,4.29,FALSE,Bolingbrook,low,15,60439,271 S Bolingbrook Dr,41.6921428,-88.0702883,1992-03-19,FALSE,imported
103,133,Lowenbrau,3410021505,50,3.49,FALSE,Bolingbrook,low,15,60439,271 S Bolingbrook Dr,41.6921428,-88.0702883,1992-03-26,FALSE,imported
103,134,Lowenbrau,3410021505,28,3.49,FALSE,Bolingbrook,low,15,60439,271 S Bolingbrook Dr,41.6921428,-88.0702883,1992-04-02,FALSE,imported
103,135,Lowenbrau,3410021505,2,4.29,FALSE,Bolingbrook,low,15,60439,271 S Bolingbrook Dr,41.6921428,-88.0702883,1992-04-09,FALSE,imported
103,136,Lowenbrau,3410021505,12,4.29,FALSE,Bolingbrook,low,15,60439,271 S Bolingbrook Dr,41.6921428,-88.0702883,1992-04-16,TRUE,imported
103,137,Lowenbrau,3410021505,28,3.49,FALSE,Bolingbrook,low,15,60439,271 S Bolingbrook Dr,41.6921428,-88.0702883,1992-04-23,FALSE,imported
103,138,Lowenbrau,3410021505,27,3.49,FALSE,Bolingbrook,low,15,60439,271 S Bolingbrook Dr,41.6921428,-88.0702883,1992-04-30,FALSE,imported
103,139,Lowenbrau,3410021505,6,4.29,FALSE,Bolingbrook,low,15,60439,271 S Bolingbrook Dr,41.6921428,-88.0702883,1992-05-07,FALSE,imported
103,140,Lowenbrau,3410021505,12,4.29,FALSE,Bolingbrook,low,15,60439,271 S Bolingbrook Dr,41.6921428,-88.0702883,1992-05-14,FALSE,imported
103,141,Lowenbrau,3410021505,8,4.29,FALSE,Bolingbrook,low,15,60439,271 S Bolingbrook Dr,41.6921428,-88.0702883,1992-05-21,TRUE,imported
103,142,Lowenbrau,3410021505,40,3.49,FALSE,Bolingbrook,low,15,60439,271 S Bolingbrook Dr,41.6921428,-88.0702883,1992-05-28,TRUE,imported
103,143,Lowenbrau,3410021505,53,3.49,FALSE,Bolingbrook,low,15,60439,271 S Bolingbrook Dr,41.6921428,-88.0702883,1992-06-04,FALSE,imported
103,144,Lowenbrau,3410021505,5,4.29,FALSE,Bolingbrook,low,15,60439,271 S Bolingbrook Dr,41.6921428,-88.0702883,1992-06-11,FALSE,imported
103,145,Lowenbrau,3410021505,9,4.29,FALSE,Bolingbrook,low,15,60439,271 S Bolingbrook Dr,41.6921428,-88.0702883,1992-06-18,FALSE,imported
103,146,Lowenbrau,3410021505,21,3.29,FALSE,Bolingbrook,low,15,60439,271 S Bolingbrook Dr,41.6921428,-88.0702883,1992-06-25,FALSE,imported
103,147,Lowenbrau,3410021505,26,3.29,FALSE,Bolingbrook,low,15,60439,271 S Bolingbrook Dr,41.6921428,-88.0702883,1992-07-02,TRUE,imported
103,148,Lowenbrau,3410021505,9,4.29,FALSE,Bolingbrook,low,15,60439,271 S Bolingbrook Dr,41.6921428,-88.0702883,1992-07-09,FALSE,imported
103,149,Lowenbrau,3410021505,5,4.29,FALSE,Bolingbrook,low,15,60439,271 S Bolingbrook Dr,41.6921428,-88.0702883,1992-07-16,FALSE,imported
103,150,Lowenbrau,3410021505,35,3.49,FALSE,Bolingbrook,low,15,60439,271 S Bolingbrook Dr,41.6921428,-88.0702883,1992-07-23,FALSE,imported
103,151,Lowenbrau,3410021505,29,3.49,FALSE,Bolingbrook,low,15,60439,271 S Bolingbrook Dr,41.6921428,-88.0702883,1992-07-30,FALSE,imported
103,152,Lowenbrau,3410021505,30,3.49,TRUE,Bolingbrook,low,15,60439,271 S Bolingbrook Dr,41.6921428,-88.0702883,1992-08-06,FALSE,imported
103,153,Lowenbrau,3410021505,3,4.29,FALSE,Bolingbrook,low,15,60439,271 S Bolingbrook Dr,41.6921428,-88.0702883,1992-08-13,FALSE,imported
103,154,Lowenbrau,3410021505,25,3.49,FALSE,Bolingbrook,low,15,60439,271 S Bolingbrook Dr,41.6921428,-88.0702883,1992-08-20,FALSE,imported
103,155,Lowenbrau,3410021505,13,3.49,FALSE,Bolingbrook,low,15,60439,271 S Bolingbrook Dr,41.6921428,-88.0702883,1992-08-27,FALSE,imported
103,156,Lowenbrau,3410021505,5,4.29,FALSE,Bolingbrook,low,15,60439,271 S Bolingbrook Dr,41.6921428,-88.0702883,1992-09-03,TRUE,imported
103,157,Lowenbrau,3410021505,9,4.29,FALSE,Bolingbrook,low,15,60439,271 S Bolingbrook Dr,41.6921428,-88.0702883,1992-09-10,FALSE,imported
103,158,Lowenbrau,3410021505,6,4.29,FALSE,Bolingbrook,low,15,60439,271 S Bolingbrook Dr,41.6921428,-88.0702883,1992-09-17,FALSE,imported
103,159,Lowenbrau,3410021505,34,3.49,FALSE,Bolingbrook,low,15,60439,271 S Bolingbrook Dr,41.6921428,-88.0702883,1992-09-24,FALSE,imported
103,160,Lowenbrau,3410021505,25,3.49,FALSE,Bolingbrook,low,15,60439,271 S Bolingbrook Dr,41.6921428,-88.0702883,1992-10-01,FALSE,imported
103,161,Lowenbrau,3410021505,8,4.29,FALSE,Bolingbrook,low,15,60439,271 S Bolingbrook Dr,41.6921428,-88.0702883,1992-10-08,TRUE,imported
103,162,Lowenbrau,3410021505,7,4.29,FALSE,Bolingbrook,low,15,60439,271 S Bolingbrook Dr,41.6921428,-88.0702883,1992-10-15,FALSE,imported
103,163,Lowenbrau,3410021505,6,4.29,FALSE,Bolingbrook,low,15,60439,271 S Bolingbrook Dr,41.6921428,-88.0702883,1992-10-22,FALSE,imported
103,164,Lowenbrau,3410021505,29,3.29,FALSE,Bolingbrook,low,15,60439,271 S Bolingbrook Dr,41.6921428,-88.0702883,1992-10-29,TRUE,imported
103,165,Lowenbrau,3410021505,54,3.29,FALSE,Bolingbrook,low,15,60439,271 S Bolingbrook Dr,41.6921428,-88.0702883,1992-11-05,TRUE,imported
103,166,Lowenbrau,3410021505,8,4.29,FALSE,Bolingbrook,low,15,60439,271 S Bolingbrook Dr,41.6921428,-88.0702883,1992-11-12,FALSE,imported
103,167,Lowenbrau,3410021505,24,3.49,FALSE,Bolingbrook,low,15,60439,271 S Bolingbrook Dr,41.6921428,-88.0702883,1992-11-19,FALSE,imported
103,168,Lowenbrau,3410021505,41,3.49,FALSE,Bolingbrook,low,15,60439,271 S Bolingbrook Dr,41.6921428,-88.0702883,1992-11-26,TRUE,imported
103,169,Lowenbrau,3410021505,4,4.09,FALSE,Bolingbrook,low,15,60439,271 S Bolingbrook Dr,41.6921428,-88.0702883,1992-12-03,FALSE,imported
103,170,Lowenbrau,3410021505,1,4.29,FALSE,Bolingbrook,low,15,60439,271 S Bolingbrook Dr,41.6921428,-88.0702883,1992-12-10,FALSE,imported
103,171,Lowenbrau,3410021505,5,4.13,FALSE,Bolingbrook,low,15,60439,271 S Bolingbrook Dr,41.6921428,-88.0702883,1992-12-17,FALSE,imported
103,172,Lowenbrau,3410021505,20,3.49,FALSE,Bolingbrook,low,15,60439,271 S Bolingbrook Dr,41.6921428,-88.0702883,1992-12-24,TRUE,imported
103,173,Lowenbrau,3410021505,18,3.49,FALSE,Bolingbrook,low,15,60439,271 S Bolingbrook Dr,41.6921428,-88.0702883,1992-12-31,TRUE,imported
103,174,Lowenbrau,3410021505,6,4.29,FALSE,Bolingbrook,low,15,60439,271 S Bolingbrook Dr,41.6921428,-88.0702883,1993-01-07,FALSE,imported
103,175,Lowenbrau,3410021505,9,4.29,FALSE,Bolingbrook,low,15,60439,271 S Bolingbrook Dr,41.6921428,-88.0702883,1993-01-14,TRUE,imported
103,177,Lowenbrau,3410021505,8,4.29,FALSE,Bolingbrook,low,15,60439,271 S Bolingbrook Dr,41.6921428,-88.0702883,1993-01-28,FALSE,imported
103,178,Lowenbrau,3410021505,11,4.29,FALSE,Bolingbrook,low,15,60439,271 S Bolingbrook Dr,41.6921428,-88.0702883,1993-02-04,FALSE,imported
103,179,Lowenbrau,3410021505,8,4.29,FALSE,Bolingbrook,low,15,60439,271 S Bolingbrook Dr,41.6921428,-88.0702883,1993-02-11,TRUE,imported
103,180,Lowenbrau,3410021505,8,4.29,FALSE,Bolingbrook,low,15,60439,271 S Bolingbrook Dr,41.6921428,-88.0702883,1993-02-18,TRUE,imported
103,181,Lowenbrau,3410021505,7,4.29,FALSE,Bolingbrook,low,15,60439,271 S Bolingbrook Dr,41.6921428,-88.0702883,1993-02-25,TRUE,imported
103,182,Lowenbrau,3410021505,18,3.49,FALSE,Bolingbrook,low,15,60439,271 S Bolingbrook Dr,41.6921428,-88.0702883,1993-03-04,FALSE,imported
103,183,Lowenbrau,3410021505,15,3.49,FALSE,Bolingbrook,low,15,60439,271 S Bolingbrook Dr,41.6921428,-88.0702883,1993-03-11,FALSE,imported
103,184,Lowenbrau,3410021505,8,4.29,FALSE,Bolingbrook,low,15,60439,271 S Bolingbrook Dr,41.6921428,-88.0702883,1993-03-18,FALSE,imported
103,185,Lowenbrau,3410021505,9,4.29,FALSE,Bolingbrook,low,15,60439,271 S Bolingbrook Dr,41.6921428,-88.0702883,1993-03-25,FALSE,imported
103,186,Lowenbrau,3410021505,56,3.29,FALSE,Bolingbrook,low,15,60439,271 S Bolingbrook Dr,41.6921428,-88.0702883,1993-04-01,FALSE,imported
103,187,Lowenbrau,3410021505,51,3.29,FALSE,Bolingbrook,low,15,60439,271 S Bolingbrook Dr,41.6921428,-88.0702883,1993-04-08,TRUE,imported
103,188,Lowenbrau,3410021505,7,4.29,FALSE,Bolingbrook,low,15,60439,271 S Bolingbrook Dr,41.6921428,-88.0702883,1993-04-15,FALSE,imported
103,189,Lowenbrau,3410021505,8,4.29,FALSE,Bolingbrook,low,15,60439,271 S Bolingbrook Dr,41.6921428,-88.0702883,1993-04-22,FALSE,imported
103,190,Lowenbrau,3410021505,10,4.29,FALSE,Bolingbrook,low,15,60439,271 S Bolingbrook Dr,41.6921428,-88.0702883,1993-04-29,FALSE,imported
103,191,Lowenbrau,3410021505,8,4.29,FALSE,Bolingbrook,low,15,60439,271 S Bolingbrook Dr,41.6921428,-88.0702883,1993-05-06,FALSE,imported
103,192,Lowenbrau,3410021505,11,4.29,FALSE,Bolingbrook,low,15,60439,271 S Bolingbrook Dr,41.6921428,-88.0702883,1993-05-13,FALSE,imported
103,193,Lowenbrau,3410021505,28,3.49,FALSE,Bolingbrook,low,15,60439,271 S Bolingbrook Dr,41.6921428,-88.0702883,1993-05-20,FALSE,imported
103,194,Lowenbrau,3410021505,40,3.49,FALSE,Bolingbrook,low,15,60439,271 S Bolingbrook Dr,41.6921428,-88.0702883,1993-05-27,TRUE,imported
103,195,Lowenbrau,3410021505,11,4.29,FALSE,Bolingbrook,low,15,60439,271 S Bolingbrook Dr,41.6921428,-88.0702883,1993-06-03,FALSE,imported
103,196,Lowenbrau,3410021505,13,4.29,FALSE,Bolingbrook,low,15,60439,271 S Bolingbrook Dr,41.6921428,-88.0702883,1993-06-10,FALSE,imported
103,197,Lowenbrau,3410021505,11,4.29,FALSE,Bolingbrook,low,15,60439,271 S Bolingbrook Dr,41.6921428,-88.0702883,1993-06-17,FALSE,imported
103,198,Lowenbrau,3410021505,11,4.29,FALSE,Bolingbrook,low,15,60439,271 S Bolingbrook Dr,41.6921428,-88.0702883,1993-06-24,FALSE,imported
103,199,Lowenbrau,3410021505,13,4.29,FALSE,Bolingbrook,low,15,60439,271 S Bolingbrook Dr,41.6921428,-88.0702883,1993-07-01,TRUE,imported
103,200,Lowenbrau,3410021505,6,4.29,FALSE,Bolingbrook,low,15,60439,271 S Bolingbrook Dr,41.6921428,-88.0702883,1993-07-08,FALSE,imported
103,201,Lowenbrau,3410021505,6,4.29,FALSE,Bolingbrook,low,15,60439,271 S Bolingbrook Dr,41.6921428,-88.0702883,1993-07-15,FALSE,imported
103,202,Lowenbrau,3410021505,2,4.29,FALSE,Bolingbrook,low,15,60439,271 S Bolingbrook Dr,41.6921428,-88.0702883,1993-07-22,FALSE,imported
103,203,Lowenbrau,3410021505,11,4.09,FALSE,Bolingbrook,low,15,60439,271 S Bolingbrook Dr,41.6921428,-88.0702883,1993-07-29,FALSE,imported
103,204,Lowenbrau,3410021505,11,4.09,FALSE,Bolingbrook,low,15,60439,271 S Bolingbrook Dr,41.6921428,-88.0702883,1993-08-05,FALSE,imported
103,205,Lowenbrau,3410021505,8,4.09,FALSE,Bolingbrook,low,15,60439,271 S Bolingbrook Dr,41.6921428,-88.0702883,1993-08-12,FALSE,imported
103,206,Lowenbrau,3410021505,3,4.09,FALSE,Bolingbrook,low,15,60439,271 S Bolingbrook Dr,41.6921428,-88.0702883,1993-08-19,FALSE,imported
103,207,Lowenbrau,3410021505,5,4.09,FALSE,Bolingbrook,low,15,60439,271 S Bolingbrook Dr,41.6921428,-88.0702883,1993-08-26,FALSE,imported
103,208,Lowenbrau,3410021505,10,4.09,FALSE,Bolingbrook,low,15,60439,271 S Bolingbrook Dr,41.6921428,-88.0702883,1993-09-02,TRUE,imported
103,209,Lowenbrau,3410021505,5,4.09,FALSE,Bolingbrook,low,15,60439,271 S Bolingbrook Dr,41.6921428,-88.0702883,1993-09-09,FALSE,imported
103,210,Lowenbrau,3410021505,5,4.09,FALSE,Bolingbrook,low,15,60439,271 S Bolingbrook Dr,41.6921428,-88.0702883,1993-09-16,FALSE,imported
103,211,Lowenbrau,3410021505,6,4.09,FALSE,Bolingbrook,low,15,60439,271 S Bolingbrook Dr,41.6921428,-88.0702883,1993-09-23,FALSE,imported
103,212,Lowenbrau,3410021505,8,4.09,FALSE,Bolingbrook,low,15,60439,271 S Bolingbrook Dr,41.6921428,-88.0702883,1993-09-30,FALSE,imported
103,213,Lowenbrau,3410021505,26,3.49,FALSE,Bolingbrook,low,15,60439,271 S Bolingbrook Dr,41.6921428,-88.0702883,1993-10-07,TRUE,imported
103,214,Lowenbrau,3410021505,28,3.49,FALSE,Bolingbrook,low,15,60439,271 S Bolingbrook Dr,41.6921428,-88.0702883,1993-10-14,FALSE,imported
103,215,Lowenbrau,3410021505,3,4.09,FALSE,Bolingbrook,low,15,60439,271 S Bolingbrook Dr,41.6921428,-88.0702883,1993-10-21,FALSE,imported
103,216,Lowenbrau,3410021505,7,4.09,FALSE,Bolingbrook,low,15,60439,271 S Bolingbrook Dr,41.6921428,-88.0702883,1993-10-28,TRUE,imported
103,217,Lowenbrau,3410021505,6,4.09,FALSE,Bolingbrook,low,15,60439,271 S Bolingbrook Dr,41.6921428,-88.0702883,1993-11-04,FALSE,imported
103,218,Lowenbrau,3410021505,5,4.09,FALSE,Bolingbrook,low,15,60439,271 S Bolingbrook Dr,41.6921428,-88.0702883,1993-11-11,TRUE,imported
103,220,Lowenbrau,3410021505,7,4.09,FALSE,Bolingbrook,low,15,60439,271 S Bolingbrook Dr,41.6921428,-88.0702883,1993-11-25,TRUE,imported
103,221,Lowenbrau,3410021505,5,4.09,FALSE,Bolingbrook,low,15,60439,271 S Bolingbrook Dr,41.6921428,-88.0702883,1993-12-02,FALSE,imported
103,222,Lowenbrau,3410021505,2,4.09,FALSE,Bolingbrook,low,15,60439,271 S Bolingbrook Dr,41.6921428,-88.0702883,1993-12-09,FALSE,imported
103,223,Lowenbrau,3410021505,9,4.17,FALSE,Bolingbrook,low,15,60439,271 S Bolingbrook Dr,41.6921428,-88.0702883,1993-12-16,FALSE,imported
103,224,Lowenbrau,3410021505,6,4.29,FALSE,Bolingbrook,low,15,60439,271 S Bolingbrook Dr,41.6921428,-88.0702883,1993-12-23,TRUE,imported
103,225,Lowenbrau,3410021505,6,4.29,FALSE,Bolingbrook,low,15,60439,271 S Bolingbrook Dr,41.6921428,-88.0702883,1993-12-30,TRUE,imported
103,226,Lowenbrau,3410021505,8,4.29,FALSE,Bolingbrook,low,15,60439,271 S Bolingbrook Dr,41.6921428,-88.0702883,1994-01-06,FALSE,imported
103,227,Lowenbrau,3410021505,10,4.31,FALSE,Bolingbrook,low,15,60439,271 S Bolingbrook Dr,41.6921428,-88.0702883,1994-01-13,TRUE,imported
103,228,Lowenbrau,3410021505,5,4.39,FALSE,Bolingbrook,low,15,60439,271 S Bolingbrook Dr,41.6921428,-88.0702883,1994-01-20,TRUE,imported
103,229,Lowenbrau,3410021505,6,4.39,FALSE,Bolingbrook,low,15,60439,271 S Bolingbrook Dr,41.6921428,-88.0702883,1994-01-27,FALSE,imported
103,230,Lowenbrau,3410021505,5,4.39,FALSE,Bolingbrook,low,15,60439,271 S Bolingbrook Dr,41.6921428,-88.0702883,1994-02-03,FALSE,imported
103,231,Lowenbrau,3410021505,21,3.49,FALSE,Bolingbrook,low,15,60439,271 S Bolingbrook Dr,41.6921428,-88.0702883,1994-02-10,TRUE,imported
103,232,Lowenbrau,3410021505,5,4.39,FALSE,Bolingbrook,low,15,60439,271 S Bolingbrook Dr,41.6921428,-88.0702883,1994-02-17,TRUE,imported
103,233,Lowenbrau,3410021505,21,3.49,FALSE,Bolingbrook,low,15,60439,271 S Bolingbrook Dr,41.6921428,-88.0702883,1994-02-24,FALSE,imported
103,234,Lowenbrau,3410021505,6,4.39,FALSE,Bolingbrook,low,15,60439,271 S Bolingbrook Dr,41.6921428,-88.0702883,1994-03-03,TRUE,imported
103,235,Lowenbrau,3410021505,5,4.39,FALSE,Bolingbrook,low,15,60439,271 S Bolingbrook Dr,41.6921428,-88.0702883,1994-03-10,FALSE,imported
103,236,Lowenbrau,3410021505,5,4.39,FALSE,Bolingbrook,low,15,60439,271 S Bolingbrook Dr,41.6921428,-88.0702883,1994-03-17,FALSE,imported
103,237,Lowenbrau,3410021505,8,4.39,FALSE,Bolingbrook,low,15,60439,271 S Bolingbrook Dr,41.6921428,-88.0702883,1994-03-24,FALSE,imported
103,238,Lowenbrau,3410021505,2,4.39,FALSE,Bolingbrook,low,15,60439,271 S Bolingbrook Dr,41.6921428,-88.0702883,1994-03-31,TRUE,imported
103,239,Lowenbrau,3410021505,37,3.51,FALSE,Bolingbrook,low,15,60439,271 S Bolingbrook Dr,41.6921428,-88.0702883,1994-04-07,FALSE,imported
103,240,Lowenbrau,3410021505,23,3.49,FALSE,Bolingbrook,low,15,60439,271 S Bolingbrook Dr,41.6921428,-88.0702883,1994-04-14,FALSE,imported
103,241,Lowenbrau,3410021505,8,4.39,FALSE,Bolingbrook,low,15,60439,271 S Bolingbrook Dr,41.6921428,-88.0702883,1994-04-21,FALSE,imported
103,244,Lowenbrau,3410021505,6,4.39,FALSE,Bolingbrook,low,15,60439,271 S Bolingbrook Dr,41.6921428,-88.0702883,1994-05-12,FALSE,imported
103,245,Lowenbrau,3410021505,6,4.39,FALSE,Bolingbrook,low,15,60439,271 S Bolingbrook Dr,41.6921428,-88.0702883,1994-05-19,FALSE,imported
103,246,Lowenbrau,3410021505,20,4.39,FALSE,Bolingbrook,low,15,60439,271 S Bolingbrook Dr,41.6921428,-88.0702883,1994-05-26,TRUE,imported
103,247,Lowenbrau,3410021505,25,3.49,FALSE,Bolingbrook,low,15,60439,271 S Bolingbrook Dr,41.6921428,-88.0702883,1994-06-02,FALSE,imported
103,248,Lowenbrau,3410021505,39,3.49,FALSE,Bolingbrook,low,15,60439,271 S Bolingbrook Dr,41.6921428,-88.0702883,1994-06-09,FALSE,imported
103,249,Lowenbrau,3410021505,15,4.39,FALSE,Bolingbrook,low,15,60439,271 S Bolingbrook Dr,41.6921428,-88.0702883,1994-06-16,FALSE,imported
103,250,Lowenbrau,3410021505,8,4.39,FALSE,Bolingbrook,low,15,60439,271 S Bolingbrook Dr,41.6921428,-88.0702883,1994-06-23,FALSE,imported
103,251,Lowenbrau,3410021505,10,4.39,FALSE,Bolingbrook,low,15,60439,271 S Bolingbrook Dr,41.6921428,-88.0702883,1994-06-30,TRUE,imported
103,252,Lowenbrau,3410021505,14,4.39,FALSE,Bolingbrook,low,15,60439,271 S Bolingbrook Dr,41.6921428,-88.0702883,1994-07-07,FALSE,imported
103,253,Lowenbrau,3410021505,14,4.39,FALSE,Bolingbrook,low,15,60439,271 S Bolingbrook Dr,41.6921428,-88.0702883,1994-07-14,FALSE,imported
