data/beer.csv
store,week,brand,upc,qty,price,sales_indicator,city,price_tier,zone,zip,address,latitude,longtitude,start_of_week,is_holiday_week,imported
103,254,Lowenbrau,3410021505,7,4.39,FALSE,Bolingbrook,low,15,60439,271 S Bolingbrook Dr,41.6921428,-88.0702883,1994-07-21,FALSE,imported
103,255,Lowenbrau,3410021505,9,4.39,FALSE,Bolingbrook,low,15,60439,271 S Bolingbrook Dr,41.6921428,-88.0702883,1994-07-28,FALSE,imported
103,256,Lowenbrau,3410021505,12,4.16,FALSE,Bolingbrook,low,15,60439,271 S Bolingbrook Dr,41.6921428,-88.0702883,1994-08-04,FALSE,imported
103,257,Lowenbrau,3410021505,34,3.49,FALSE,Bolingbrook,low,15,60439,271 S Bolingbrook Dr,41.6921428,-88.0702883,1994-08-11,FALSE,imported
103,258,Lowenbrau,3410021505,22,3.49,FALSE,Bolingbrook,low,15,60439,271 S Bolingbrook Dr,41.6921428,-88.0702883,1994-08-18,FALSE,imported
103,259,Lowenbrau,3410021505,4,4.39,FALSE,Bolingbrook,low,15,60439,271 S Bolingbrook Dr,41.6921428,-88.0702883,1994-08-25,FALSE,imported
103,260,Lowenbrau,3410021505,3,4.39,FALSE,Bolingbrook,low,15,60439,271 S Bolingbrook Dr,41.6921428,-88.0702883,1994-09-01,TRUE,imported
103,261,Lowenbrau,3410021505,7,4.39,FALSE,Bolingbrook,low,15,60439,271 S Bolingbrook Dr,41.6921428,-88.0702883,1994-09-08,FALSE,imported
103,266,Lowenbrau,3410021505,6,4.39,FALSE,Bolingbrook,low,15,60439,271 S Bolingbrook Dr,41.6921428,-88.0702883,1994-10-13,FALSE,imported
103,267,Lowenbrau,3410021505,7,4.39,FALSE,Bolingbrook,low,15,60439,271 S Bolingbrook Dr,41.6921428,-88.0702883,1994-10-20,FALSE,imported
103,268,Lowenbrau,3410021505,10,3.85,FALSE,Bolingbrook,low,15,60439,271 S Bolingbrook Dr,41.6921428,-88.0702883,1994-10-27,TRUE,imported
103,269,Lowenbrau,3410021505,31,3.49,FALSE,Bolingbrook,low,15,60439,271 S Bolingbrook Dr,41.6921428,-88.0702883,1994-11-03,TRUE,imported
103,270,Lowenbrau,3410021505,28,3.49,FALSE,Bolingbrook,low,15,60439,271 S Bolingbrook Dr,41.6921428,-88.0702883,1994-11-10,TRUE,imported
103,271,Lowenbrau,3410021505,6,4.39,FALSE,Bolingbrook,low,15,60439,271 S Bolingbrook Dr,41.6921428,-88.0702883,1994-11-17,FALSE,imported
103,272,Lowenbrau,3410021505,6,4.39,FALSE,Bolingbrook,low,15,60439,271 S Bolingbrook Dr,41.6921428,-88.0702883,1994-11-24,TRUE,imported
103,273,Lowenbrau,3410021505,8,4.39,FALSE,Bolingbrook,low,15,60439,271 S Bolingbrook Dr,41.6921428,-88.0702883,1994-12-01,FALSE,imported
103,274,Lowenbrau,3410021505,8,4.39,FALSE,Bolingbrook,low,15,60439,271 S Bolingbrook Dr,41.6921428,-88.0702883,1994-12-08,FALSE,imported
103,275,Lowenbrau,3410021505,8,4.39,FALSE,Bolingbrook,low,15,60439,271 S Bolingbrook Dr,41.6921428,-88.0702883,1994-12-15,FALSE,imported
103,276,Lowenbrau,3410021505,6,4.39,FALSE,Bolingbrook,low,15,60439,271 S Bolingbrook Dr,41.6921428,-88.0702883,1994-12-22,TRUE,imported
103,277,Lowenbrau,3410021505,7,4.39,FALSE,Bolingbrook,low,15,60439,271 S Bolingbrook Dr,41.6921428,-88.0702883,1994-12-29,TRUE,imported
103,278,Lowenbrau,3410021505,32,3.49,FALSE,Bolingbrook,low,15,60439,271 S Bolingbrook Dr,41.6921428,-88.0702883,1995-01-05,FALSE,imported
103,279,Lowenbrau,3410021505,29,3.49,FALSE,Bolingbrook,low,15,60439,271 S Bolingbrook Dr,41.6921428,-88.0702883,1995-01-12,TRUE,imported
103,280,Lowenbrau,3410021505,31,3.49,FALSE,Bolingbrook,low,15,60439,271 S Bolingbrook Dr,41.6921428,-88.0702883,1995-01-19,TRUE,imported
103,281,Lowenbrau,3410021505,4,3.94,FALSE,Bolingbrook,low,15,60439,271 S Bolingbrook Dr,41.6921428,-88.0702883,1995-01-26,FALSE,imported
103,282,Lowenbrau,3410021505,32,3.49,FALSE,Bolingbrook,low,15,60439,271 S Bolingbrook Dr,41.6921428,-88.0702883,1995-02-02,FALSE,imported
103,283,Lowenbrau,3410021505,29,3.49,FALSE,Bolingbrook,low,15,60439,271 S Bolingbrook Dr,41.6921428,-88.0702883,1995-02-09,TRUE,imported
103,286,Lowenbrau,3410021505,4,4.59,FALSE,Bolingbrook,low,15,60439,271 S Bolingbrook Dr,41.6921428,-88.0702883,1995-03-02,TRUE,imported
103,287,Lowenbrau,3410021505,20,3.99,FALSE,Bolingbrook,low,15,60439,271 S Bolingbrook Dr,41.6921428,-88.0702883,1995-03-09,FALSE,imported
103,288,Lowenbrau,3410021505,28,3.99,FALSE,Bolingbrook,low,15,60439,271 S Bolingbrook Dr,41.6921428,-88.0702883,1995-03-16,FALSE,imported
103,289,Lowenbrau,3410021505,6,4.59,FALSE,Bolingbrook,low,15,60439,271 S Bolingbrook Dr,41.6921428,-88.0702883,1995-03-23,FALSE,imported
103,290,Lowenbrau,3410021505,7,4.54,FALSE,Bolingbrook,low,15,60439,271 S Bolingbrook Dr,41.6921428,-88.0702883,1995-03-30,FALSE,imported
103,291,Lowenbrau,3410021505,9,4.49,FALSE,Bolingbrook,low,15,60439,271 S Bolingbrook Dr,41.6921428,-88.0702883,1995-04-06,FALSE,imported
103,292,Lowenbrau,3410021505,10,4.49,FALSE,Bolingbrook,low,15,60439,271 S Bolingbrook Dr,41.6921428,-88.0702883,1995-04-13,TRUE,imported
103,293,Lowenbrau,3410021505,13,4.49,FALSE,Bolingbrook,low,15,60439,271 S Bolingbrook Dr,41.6921428,-88.0702883,1995-04-20,FALSE,imported
103,294,Lowenbrau,3410021505,6,4.49,FALSE,Bolingbrook,low,15,60439,271 S Bolingbrook Dr,41.6921428,-88.0702883,1995-04-27,FALSE,imported
103,295,Lowenbrau,3410021505,10,4.49,FALSE,Bolingbrook,low,15,60439,271 S Bolingbrook Dr,41.6921428,-88.0702883,1995-05-04,FALSE,imported
103,296,Lowenbrau,3410021505,7,4.49,FALSE,Bolingbrook,low,15,60439,271 S Bolingbrook Dr,41.6921428,-88.0702883,1995-05-11,FALSE,imported
103,297,Lowenbrau,3410021505,12,4.49,FALSE,Bolingbrook,low,15,60439,271 S Bolingbrook Dr,41.6921428,-88.0702883,1995-05-18,FALSE,imported
103,298,Lowenbrau,3410021505,9,4.49,FALSE,Bolingbrook,low,15,60439,271 S Bolingbrook Dr,41.6921428,-88.0702883,1995-05-25,TRUE,imported
103,299,Lowenbrau,3410021505,4,4.49,FALSE,Bolingbrook,low,15,60439,271 S Bolingbrook Dr,41.6921428,-88.0702883,1995-06-01,FALSE,imported
103,300,Lowenbrau,3410021505,8,4.49,FALSE,Bolingbrook,low,15,60439,271 S Bolingbrook Dr,41.6921428,-88.0702883,1995-06-08,FALSE,imported
103,91,Miller,3410000554,45,3.69,FALSE,Bolingbrook,low,15,60439,271 S Bolingbrook Dr,41.6921428,-88.0702883,1991-06-06,FALSE,domestic
103,92,Miller,3410000554,157,2.99,FALSE,Bolingbrook,low,15,60439,271 S Bolingbrook Dr,41.6921428,-88.0702883,1991-06-13,FALSE,domestic
103,93,Miller,3410000554,95,2.99,FALSE,Bolingbrook,low,15,60439,271 S Bolingbrook Dr,41.6921428,-88.0702883,1991-06-20,FALSE,domestic
103,94,Miller,3410000554,10,3.69,FALSE,Bolingbrook,low,15,60439,271 S Bolingbrook Dr,41.6921428,-88.0702883,1991-06-27,FALSE,domestic
103,95,Miller,3410000554,43,3.69,FALSE,Bolingbrook,low,15,60439,271 S Bolingbrook Dr,41.6921428,-88.0702883,1991-07-04,TRUE,domestic
103,96,Miller,3410000554,58,3.69,FALSE,Bolingbrook,low,15,60439,271 S Bolingbrook Dr,41.6921428,-88.0702883,1991-07-11,FALSE,domestic
103,97,Miller,3410000554,21,3.69,FALSE,Bolingbrook,low,15,60439,271 S Bolingbrook Dr,41.6921428,-88.0702883,1991-07-18,FALSE,domestic
103,98,Miller,3410000554,7,3.69,FALSE,Bolingbrook,low,15,60439,271 S Bolingbrook Dr,41.6921428,-88.0702883,1991-07-25,FALSE,domestic
103,99,Miller,3410000554,128,2.99,FALSE,Bolingbrook,low,15,60439,271 S Bolingbrook Dr,41.6921428,-88.0702883,1991-08-01,FALSE,domestic
103,100,Miller,3410000554,107,2.99,FALSE,Bolingbrook,low,15,60439,271 S Bolingbrook Dr,41.6921428,-88.0702883,1991-08-08,FALSE,domestic
103,101,Miller,3410000554,32,3.59,FALSE,Bolingbrook,low,15,60439,271 S Bolingbrook Dr,41.6921428,-88.0702883,1991-08-15,FALSE,domestic
103,102,Miller,3410000554,61,3.59,FALSE,Bolingbrook,low,15,60439,271 S Bolingbrook Dr,41.6921428,-88.0702883,1991-08-22,FALSE,domestic
103,103,Miller,3410000554,19,3.59,FALSE,Bolingbrook,low,15,60439,271 S Bolingbrook Dr,41.6921428,-88.0702883,1991-08-29,TRUE,domestic
103,104,Miller,3410000554,27,3.59,FALSE,Bolingbrook,low,15,60439,271 S Bolingbrook Dr,41.6921428,-88.0702883,1991-09-05,FALSE,domestic
103,105,Miller,3410000554,126,2.99,FALSE,Bolingbrook,low,15,60439,271 S Bolingbrook Dr,41.6921428,-88.0702883,1991-09-12,FALSE,domestic
103,106,Miller,3410000554,92,2.99,FALSE,Bolingbrook,low,15,60439,271 S Bolingbrook Dr,41.6921428,-88.0702883,1991-09-19,FALSE,domestic
103,107,Miller,3410000554,17,3.58,FALSE,Bolingbrook,low,15,60439,271 S Bolingbrook Dr,41.6921428,-88.0702883,1991-09-26,FALSE,domestic
103,108,Miller,3410000554,37,3.49,FALSE,Bolingbrook,low,15,60439,271 S Bolingbrook Dr,41.6921428,-88.0702883,1991-10-03,FALSE,domestic
103,109,Miller,3410000554,24,3.49,FALSE,Bolingbrook,low,15,60439,271 S Bolingbrook Dr,41.6921428,-88.0702883,1991-10-10,TRUE,domestic
103,110,Miller,3410000554,28,3.49,FALSE,Bolingbrook,low,15,60439,271 S Bolingbrook Dr,41.6921428,-88.0702883,1991-10-17,FALSE,domestic
103,111,Miller,3410000554,27,2.89,FALSE,Bolingbrook,low,15,60439,271 S Bolingbrook Dr,41.6921428,-88.0702883,1991-10-24,FALSE,domestic
103,112,Miller,3410000554,14,3.27,FALSE,Bolingbrook,low,15,60439,271 S Bolingbrook Dr,41.6921428,-88.0702883,1991-10-31,TRUE,domestic
103,113,Miller,3410000554,28,3.49,FALSE,Bolingbrook,low,15,60439,271 S Bolingbrook Dr,41.6921428,-88.0702883,1991-11-07,TRUE,domestic
103,114,Miller,3410000554,29,3.49,FALSE,Bolingbrook,low,15,60439,271 S Bolingbrook Dr,41.6921428,-88.0702883,1991-11-14,FALSE,domestic
103,115,Miller,3410000554,30,3.49,FALSE,Bolingbrook,low,15,60439,271 S Bolingbrook Dr,41.6921428,-88.0702883,1991-11-21,FALSE,domestic
103,116,Miller,3410000554,13,3.49,FALSE,Bolingbrook,low,15,60439,271 S Bolingbrook Dr,41.6921428,-88.0702883,1991-11-28,TRUE,domestic
103,117,Miller,3410000554,20,3.49,FALSE,Bolingbrook,low,15,60439,271 S Bolingbrook Dr,41.6921428,-88.0702883,1991-12-05,FALSE,domestic
103,118,Miller,3410000554,80,2.99,FALSE,Bolingbrook,low,15,60439,271 S Bolingbrook Dr,41.6921428,-88.0702883,1991-12-12,FALSE,domestic
103,119,Miller,3410000554,52,2.99,FALSE,Bolingbrook,low,15,60439,271 S Bolingbrook Dr,41.6921428,-88.0702883,1991-12-19,TRUE,domestic
103,120,Miller,3410000554,13,3.49,FALSE,Bolingbrook,low,15,60439,271 S Bolingbrook Dr,41.6921428,-88.0702883,1991-12-26,TRUE,domestic
103,121,Miller,3410000554,23,3.49,FALSE,Bolingbrook,low,15,60439,271 S Bolingbrook Dr,41.6921428,-88.0702883,1992-01-02,FALSE,domestic
103,122,Miller,3410000554,37,3.59,FALSE,Bolingbrook,low,15,60439,271 S Bolingbrook Dr,41.6921428,-88.0702883,1992-01-09,FALSE,domestic
103,123,Miller,3410000554,23,3.79,FALSE,Bolingbrook,low,15,60439,271 S Bolingbrook Dr,41.6921428,-88.0702883,1992-01-16,TRUE,domestic
103,124,Miller,3410000554,14,3.79,FALSE,Bolingbrook,low,15,60439,271 S Bolingbrook Dr,41.6921428,-88.0702883,1992-01-23,FALSE,domestic
103,125,Miller,3410000554,22,3.79,FALSE,Bolingbrook,low,15,60439,271 S Bolingbrook Dr,41.6921428,-88.0702883,1992-01-30,FALSE,domestic
103,126,Miller,3410000554,107,3.19,FALSE,Bolingbrook,low,15,60439,271 S Bolingbrook Dr,41.6921428,-88.0702883,1992-02-06,TRUE,domestic
103,127,Miller,3410000554,80,3.19,FALSE,Bolingbrook,low,15,60439,271 S Bolingbrook Dr,41.6921428,-88.0702883,1992-02-13,TRUE,domestic
103,128,Miller,3410000554,29,3.69,FALSE,Bolingbrook,low,15,60439,271 S Bolingbrook Dr,41.6921428,-88.0702883,1992-02-20,TRUE,domestic
103,129,Miller,3410000554,38,3.69,FALSE,Bolingbrook,low,15,60439,271 S Bolingbrook Dr,41.6921428,-88.0702883,1992-02-27,TRUE,domestic
103,130,Miller,3410000554,24,3.69,FALSE,Bolingbrook,low,15,60439,271 S Bolingbrook Dr,41.6921428,-88.0702883,1992-03-05,FALSE,domestic
103,131,Miller,3410000554,15,3.69,FALSE,Bolingbrook,low,15,60439,271 S Bolingbrook Dr,41.6921428,-88.0702883,1992-03-12,FALSE,domestic
103,132,Miller,3410000554,15,3.69,FALSE,Bolingbrook,low,15,60439,271 S Bolingbrook Dr,41.6921428,-88.0702883,1992-03-19,FALSE,domestic
103,133,Miller,3410000554,39,3.69,FALSE,Bolingbrook,low,15,60439,271 S Bolingbrook Dr,41.6921428,-88.0702883,1992-03-26,FALSE,domestic
103,134,Miller,3410000554,117,3.19,FALSE,Bolingbrook,low,15,60439,271 S Bolingbrook Dr,41.6921428,-88.0702883,1992-04-02,FALSE,domestic
103,135,Miller,3410000554,93,3.19,FALSE,Bolingbrook,low,15,60439,271 S Bolingbrook Dr,41.6921428,-88.0702883,1992-04-09,FALSE,domestic
103,136,Miller,3410000554,41,3.69,FALSE,Bolingbrook,low,15,60439,271 S Bolingbrook Dr,41.6921428,-88.0702883,1992-04-16,TRUE,domestic
103,137,Miller,3410000554,17,3.69,FALSE,Bolingbrook,low,15,60439,271 S Bolingbrook Dr,41.6921428,-88.0702883,1992-04-23,FALSE,domestic
103,138,Miller,3410000554,12,3.69,FALSE,Bolingbrook,low,15,60439,271 S Bolingbrook Dr,41.6921428,-88.0702883,1992-04-30,FALSE,domestic
103,139,Miller,3410000554,34,3.69,FALSE,Bolingbrook,low,15,60439,271 S Bolingbrook Dr,41.6921428,-88.0702883,1992-05-07,FALSE,domestic
103,140,Miller,3410000554,20,3.69,FALSE,Bolingbrook,low,15,60439,271 S Bolingbrook Dr,41.6921428,-88.0702883,1992-05-14,FALSE,domestic
103,141,Miller,3410000554,23,3.69,FALSE,Bolingbrook,low,15,60439,271 S Bolingbrook Dr,41.6921428,-88.0702883,1992-05-21,TRUE,domestic
103,142,Miller,3410000554,30,3.69,FALSE,Bolingbrook,low,15,60439,271 S Bolingbrook Dr,41.6921428,-88.0702883,1992-05-28,TRUE,domestic
103,143,Miller,3410000554,54,3.69,FALSE,Bolingbrook,low,15,60439,271 S Bolingbrook Dr,41.6921428,-88.0702883,1992-06-04,FALSE,domestic
103,144,Miller,3410000554,27,3.69,FALSE,Bolingbrook,low,15,60439,271 S Bolingbrook Dr,41.6921428,-88.0702883,1992-06-11,FALSE,domestic
103,145,Miller,3410000554,32,3.69,FALSE,Bolingbrook,low,15,60439,271 S Bolingbrook Dr,41.6921428,-88.0702883,1992-06-18,FALSE,domestic
103,146,Miller,3410000554,20,3.69,FALSE,Bolingbrook,low,15,60439,271 S Bolingbrook Dr,41.6921428,-88.0702883,1992-06-25,FALSE,domestic
103,147,Miller,3410000554,32,3.69,FALSE,Bolingbrook,low,15,60439,271 S Bolingbrook Dr,41.6921428,-88.0702883,1992-07-02,TRUE,domestic
103,148,Miller,3410000554,28,3.69,FALSE,Bolingbrook,low,15,60439,271 S Bolingbrook Dr,41.6921428,-88.0702883,1992-07-09,FALSE,domestic
103,149,Miller,3410000554,20,3.69,FALSE,Bolingbrook,low,15,60439,271 S Bolingbrook Dr,41.6921428,-88.0702883,1992-07-16,FALSE,domestic
103,150,Miller,3410000554,59,3.19,FALSE,Bolingbrook,low,15,60439,271 S Bolingbrook Dr,41.6921428,-88.0702883,1992-07-23,FALSE,domestic
103,151,Miller,3410000554,270,2.79,TRUE,Bolingbrook,low,15,60439,271 S Bolingbrook Dr,41.6921428,-88.0702883,1992-07-30,FALSE,domestic
103,152,Miller,3410000554,33,3.79,FALSE,Bolingbrook,low,15,60439,271 S Bolingbrook Dr,41.6921428,-88.0702883,1992-08-06,FALSE,domestic
103,153,Miller,3410000554,23,3.79,FALSE,Bolingbrook,low,15,60439,271 S Bolingbrook Dr,41.6921428,-88.0702883,1992-08-13,FALSE,domestic
103,154,Miller,3410000554,51,3.79,FALSE,Bolingbrook,low,15,60439,271 S Bolingbrook Dr,41.6921428,-88.0702883,1992-08-20,FALSE,domestic
103,155,Miller,3410000554,11,3.79,FALSE,Bolingbrook,low,15,60439,271 S Bolingbrook Dr,41.6921428,-88.0702883,1992-08-27,FALSE,domestic
103,156,Miller,3410000554,27,3.79,FALSE,Bolingbrook,low,15,60439,271 S Bolingbrook Dr,41.6921428,-88.0702883,1992-09-03,TRUE,domestic
103,157,Miller,3410000554,105,2.99,FALSE,Bolingbrook,low,15,60439,271 S Bolingbrook Dr,41.6921428,-88.0702883,1992-09-10,FALSE,domestic
103,158,Miller,3410000554,168,2.99,FALSE,Bolingbrook,low,15,60439,271 S Bolingbrook Dr,41.6921428,-88.0702883,1992-09-17,FALSE,domestic
103,159,Miller,3410000554,25,3.89,FALSE,Bolingbrook,low,15,60439,271 S Bolingbrook Dr,41.6921428,-88.0702883,1992-09-24,FALSE,domestic
103,160,Miller,3410000554,25,3.99,FALSE,Bolingbrook,low,15,60439,271 S Bolingbrook Dr,41.6921428,-88.0702883,1992-10-01,FALSE,domestic
103,161,Miller,3410000554,24,3.99,FALSE,Bolingbrook,low,15,60439,271 S Bolingbrook Dr,41.6921428,-88.0702883,1992-10-08,TRUE,domestic
103,162,Miller,3410000554,19,3.99,FALSE,Bolingbrook,low,15,60439,271 S Bolingbrook Dr,41.6921428,-88.0702883,1992-10-15,FALSE,domestic
103,163,Miller,3410000554,12,3.99,FALSE,Bolingbrook,low,15,60439,271 S Bolingbrook Dr,41.6921428,-88.0702883,1992-10-22,FALSE,domestic
103,164,Miller,3410000554,9,3.99,FALSE,Bolingbrook,low,15,60439,271 S Bolingbrook Dr,41.6921428,-88.0702883,1992-10-29,TRUE,domestic
103,165,Miller,3410000554,19,3.99,FALSE,Bolingbrook,low,15,60439,271 S Bolingbrook Dr,41.6921428,-88.0702883,1992-11-05,TRUE,domestic
103,166,Miller,3410000554,9,3.99,FALSE,Bolingbrook,low,15,60439,271 S Bolingbrook Dr,41.6921428,-88.0702883,1992-11-12,FALSE,domestic
103,167,Miller,3410000554,11,3.99,FALSE,Bolingbrook,low,15,60439,271 S Bolingbrook Dr,41.6921428,-88.0702883,1992-11-19,FALSE,domestic
103,168,Miller,3410000554,20,3.99,FALSE,Bolingbrook,low,15,60439,271 S Bolingbrook Dr,41.6921428,-88.0702883,1992-11-26,TRUE,domestic
103,169,Miller,3410000554,89,3.19,FALSE,Bolingbrook,low,15,60439,271 S Bolingbrook Dr,41.6921428,-88.0702883,1992-12-03,FALSE,domestic
103,170,Miller,3410000554,83,3.19,FALSE,Bolingbrook,low,15,60439,271 S Bolingbrook Dr,41.6921428,-88.0702883,1992-12-10,FALSE,domestic
103,171,Miller,3410000554,13,3.99,FALSE,Bolingbrook,low,15,60439,271 S Bolingbrook Dr,41.6921428,-88.0702883,1992-12-17,FALSE,domestic
103,172,Miller,3410000554,17,3.99,FALSE,Bolingbrook,low,15,60439,271 S Bolingbrook Dr,41.6921428,-88.0702883,1992-12-24,TRUE,domestic
103,173,Miller,3410000554,9,3.99,FALSE,Bolingbrook,low,15,60439,271 S Bolingbrook Dr,41.6921428,-88.0702883,1992-12-31,TRUE,domestic
103,174,Miller,3410000554,20,3.99,FALSE,Bolingbrook,low,15,60439,271 S Bolingbrook Dr,41.6921428,-88.0702883,1993-01-07,FALSE,domestic
103,175,Miller,3410000554,18,3.99,FALSE,Bolingbrook,low,15,60439,271 S Bolingbrook Dr,41.6921428,-88.0702883,1993-01-14,TRUE,domestic
103,176,Miller,3410000554,9,3.99,FALSE,Bolingbrook,low,15,60439,271 S Bolingbrook Dr,41.6921428,-88.0702883,1993-01-21,FALSE,domestic
103,177,Miller,3410000554,9,3.99,FALSE,Bolingbrook,low,15,60439,271 S Bolingbrook Dr,41.6921428,-88.0702883,1993-01-28,FALSE,domestic
103,178,Miller,3410000554,113,3.19,FALSE,Bolingbrook,low,15,60439,271 S Bolingbrook Dr,41.6921428,-88.0702883,1993-02-04,FALSE,domestic
103,179,Miller,3410000554,47,3.99,FALSE,Bolingbrook,low,15,60439,271 S Bolingbrook Dr,41.6921428,-88.0702883,1993-02-11,TRUE,domestic
103,180,Miller,3410000554,20,3.99,FALSE,Bolingbrook,low,15,60439,271 S Bolingbrook Dr,41.6921428,-88.0702883,1993-02-18,TRUE,domestic
