data/beer.csv
store,week,brand,upc,qty,price,sales_indicator,city,price_tier,zone,zip,address,latitude,longtitude,start_of_week,is_holiday_week,imported
103,181,Miller,3410000554,57,3.19,TRUE,Bolingbrook,low,15,60439,271 S Bolingbrook Dr,41.6921428,-88.0702883,1993-02-25,TRUE,domestic
103,182,Miller,3410000554,7,3.99,FALSE,Bolingbrook,low,15,60439,271 S Bolingbrook Dr,41.6921428,-88.0702883,1993-03-04,FALSE,domestic
103,183,Miller,3410000554,9,3.99,FALSE,Bolingbrook,low,15,60439,271 S Bolingbrook Dr,41.6921428,-88.0702883,1993-03-11,FALSE,domestic
103,184,Miller,3410000554,23,3.99,FALSE,Bolingbrook,low,15,60439,271 S Bolingbrook Dr,41.6921428,-88.0702883,1993-03-18,FALSE,domestic
103,185,Miller,3410000554,80,3.49,FALSE,Bolingbrook,low,15,60439,271 S Bolingbrook Dr,41.6921428,-88.0702883,1993-03-25,FALSE,domestic
103,186,Miller,3410000554,62,3.49,FALSE,Bolingbrook,low,15,60439,271 S Bolingbrook Dr,41.6921428,-88.0702883,1993-04-01,FALSE,domestic
103,187,Miller,3410000554,24,3.99,FALSE,Bolingbrook,low,15,60439,271 S Bolingbrook Dr,41.6921428,-88.0702883,1993-04-08,TRUE,domestic
103,188,Miller,3410000554,22,3.99,FALSE,Bolingbrook,low,15,60439,271 S Bolingbrook Dr,41.6921428,-88.0702883,1993-04-15,FALSE,domestic
103,189,Miller,3410000554,27,3.99,FALSE,Bolingbrook,low,15,60439,271 S Bolingbrook Dr,41.6921428,-88.0702883,1993-04-22,FALSE,domestic
103,190,Miller,3410000554,26,3.99,FALSE,Bolingbrook,low,15,60439,271 S Bolingbrook Dr,41.6921428,-88.0702883,1993-04-29,FALSE,domestic
103,191,Miller,3410000554,11,3.99,FALSE,Bolingbrook,low,15,60439,271 S Bolingbrook Dr,41.6921428,-88.0702883,1993-05-06,FALSE,domestic
103,192,Miller,3410000554,9,3.99,FALSE,Bolingbrook,low,15,60439,271 S Bolingbrook Dr,41.6921428,-88.0702883,1993-05-13,FALSE,domestic
103,193,Miller,3410000554,22,3.99,FALSE,Bolingbrook,low,15,60439,271 S Bolingbrook Dr,41.6921428,-88.0702883,1993-05-20,FALSE,domestic
103,194,Miller,3410000554,17,3.99,FALSE,Bolingbrook,low,15,60439,271 S Bolingbrook Dr,41.6921428,-88.0702883,1993-05-27,TRUE,domestic
103,195,Miller,3410000554,163,3.19,FALSE,Bolingbrook,low,15,60439,271 S Bolingbrook Dr,41.6921428,-88.0702883,1993-06-03,FALSE,domestic
103,196,Miller,3410000554,122,3.19,FALSE,Bolingbrook,low,15,60439,271 S Bolingbrook Dr,41.6921428,-88.0702883,1993-06-10,FALSE,domestic
103,197,Miller,3410000554,32,3.99,FALSE,Bolingbrook,low,15,60439,271 S Bolingbrook Dr,41.6921428,-88.0702883,1993-06-17,FALSE,domestic
103,198,Miller,3410000554,17,3.84,FALSE,Bolingbrook,low,15,60439,271 S Bolingbrook Dr,41.6921428,-88.0702883,1993-06-24,FALSE,domestic
103,199,Miller,3410000554,21,3.59,FALSE,Bolingbrook,low,15,60439,271 S Bolingbrook Dr,41.6921428,-88.0702883,1993-07-01,TRUE,domestic
103,200,Miller,3410000554,152,3.09,FALSE,Bolingbrook,low,15,60439,271 S Bolingbrook Dr,41.6921428,-88.0702883,1993-07-08,FALSE,domestic
103,201,Miller,3410000554,110,3.09,FALSE,Bolingbrook,low,15,60439,271 S Bolingbrook Dr,41.6921428,-88.0702883,1993-07-15,FALSE,domestic
103,202,Miller,3410000554,43,3.59,FALSE,Bolingbrook,low,15,60439,271 S Bolingbrook Dr,41.6921428,-88.0702883,1993-07-22,FALSE,domestic
103,203,Miller,3410000554,16,3.59,FALSE,Bolingbrook,low,15,60439,271 S Bolingbrook Dr,41.6921428,-88.0702883,1993-07-29,FALSE,domestic
103,204,Miller,3410000554,17,3.59,FALSE,Bolingbrook,low,15,60439,271 S Bolingbrook Dr,41.6921428,-88.0702883,1993-08-05,FALSE,domestic
103,205,Miller,3410000554,33,3.59,FALSE,Bolingbrook,low,15,60439,271 S Bolingbrook Dr,41.6921428,-88.0702883,1993-08-12,FALSE,domestic
103,206,Miller,3410000554,45,3.59,FALSE,Bolingbrook,low,15,60439,271 S Bolingbrook Dr,41.6921428,-88.0702883,1993-08-19,FALSE,domestic
103,207,Miller,3410000554,26,3.59,FALSE,Bolingbrook,low,15,60439,271 S Bolingbrook Dr,41.6921428,-88.0702883,1993-08-26,FALSE,domestic
103,208,Miller,3410000554,54,3.59,FALSE,Bolingbrook,low,15,60439,271 S Bolingbrook Dr,41.6921428,-88.0702883,1993-09-02,TRUE,domestic
103,209,Miller,3410000554,20,3.59,FALSE,Bolingbrook,low,15,60439,271 S Bolingbrook Dr,41.6921428,-88.0702883,1993-09-09,FALSE,domestic
103,210,Miller,3410000554,15,3.59,FALSE,Bolingbrook,low,15,60439,271 S Bolingbrook Dr,41.6921428,-88.0702883,1993-09-16,FALSE,domestic
103,211,Miller,3410000554,30,3.59,FALSE,Bolingbrook,low,15,60439,271 S Bolingbrook Dr,41.6921428,-88.0702883,1993-09-23,FALSE,domestic
103,212,Miller,3410000554,28,3.59,FALSE,Bolingbrook,low,15,60439,271 S Bolingbrook Dr,41.6921428,-88.0702883,1993-09-30,FALSE,domestic
103,213,Miller,3410000554,23,3.59,FALSE,Bolingbrook,low,15,60439,271 S Bolingbrook Dr,41.6921428,-88.0702883,1993-10-07,TRUE,domestic
103,214,Miller,3410000554,21,3.59,FALSE,Bolingbrook,low,15,60439,271 S Bolingbrook Dr,41.6921428,-88.0702883,1993-10-14,FALSE,domestic
103,215,Miller,3410000554,5,3.59,FALSE,Bolingbrook,low,15,60439,271 S Bolingbrook Dr,41.6921428,-88.0702883,1993-10-21,FALSE,domestic
103,216,Miller,3410000554,14,3.59,FALSE,Bolingbrook,low,15,60439,271 S Bolingbrook Dr,41.6921428,-88.0702883,1993-10-28,TRUE,domestic
103,217,Miller,3410000554,54,3.19,FALSE,Bolingbrook,low,15,60439,271 S Bolingbrook Dr,41.6921428,-88.0702883,1993-11-04,FALSE,domestic
103,218,Miller,3410000554,57,3.19,FALSE,Bolingbrook,low,15,60439,271 S Bolingbrook Dr,41.6921428,-88.0702883,1993-11-11,TRUE,domestic
103,220,Miller,3410000554,17,3.59,FALSE,Bolingbrook,low,15,60439,271 S Bolingbrook Dr,41.6921428,-88.0702883,1993-11-25,TRUE,domestic
103,221,Miller,3410000554,25,3.59,FALSE,Bolingbrook,low,15,60439,271 S Bolingbrook Dr,41.6921428,-88.0702883,1993-12-02,FALSE,domestic
103,222,Miller,3410000554,25,3.59,FALSE,Bolingbrook,low,15,60439,271 S Bolingbrook Dr,41.6921428,-88.0702883,1993-12-09,FALSE,domestic
103,223,Miller,3410000554,20,3.64,FALSE,Bolingbrook,low,15,60439,271 S Bolingbrook Dr,41.6921428,-88.0702883,1993-12-16,FALSE,domestic
103,224,Miller,3410000554,16,3.79,FALSE,Bolingbrook,low,15,60439,271 S Bolingbrook Dr,41.6921428,-88.0702883,1993-12-23,TRUE,domestic
103,225,Miller,3410000554,6,3.79,FALSE,Bolingbrook,low,15,60439,271 S Bolingbrook Dr,41.6921428,-88.0702883,1993-12-30,TRUE,domestic
103,226,Miller,3410000554,5,3.79,FALSE,Bolingbrook,low,15,60439,271 S Bolingbrook Dr,41.6921428,-88.0702883,1994-01-06,FALSE,domestic
103,227,Miller,3410000554,27,3.79,FALSE,Bolingbrook,low,15,60439,271 S Bolingbrook Dr,41.6921428,-88.0702883,1994-01-13,TRUE,domestic
103,228,Miller,3410000554,29,3.79,FALSE,Bolingbrook,low,15,60439,271 S Bolingbrook Dr,41.6921428,-88.0702883,1994-01-20,TRUE,domestic
103,229,Miller,3410000554,28,3.81,FALSE,Bolingbrook,low,15,60439,271 S Bolingbrook Dr,41.6921428,-88.0702883,1994-01-27,FALSE,domestic
103,230,Miller,3410000554,25,3.89,FALSE,Bolingbrook,low,15,60439,271 S Bolingbrook Dr,41.6921428,-88.0702883,1994-02-03,FALSE,domestic
103,231,Miller,3410000554,35,3.89,FALSE,Bolingbrook,low,15,60439,271 S Bolingbrook Dr,41.6921428,-88.0702883,1994-02-10,TRUE,domestic
103,232,Miller,3410000554,25,3.89,FALSE,Bolingbrook,low,15,60439,271 S Bolingbrook Dr,41.6921428,-88.0702883,1994-02-17,TRUE,domestic
103,233,Miller,3410000554,35,3.89,FALSE,Bolingbrook,low,15,60439,271 S Bolingbrook Dr,41.6921428,-88.0702883,1994-02-24,FALSE,domestic
103,234,Miller,3410000554,23,3.89,FALSE,Bolingbrook,low,15,60439,271 S Bolingbrook Dr,41.6921428,-88.0702883,1994-03-03,TRUE,domestic
103,235,Miller,3410000554,20,3.89,FALSE,Bolingbrook,low,15,60439,271 S Bolingbrook Dr,41.6921428,-88.0702883,1994-03-10,FALSE,domestic
103,236,Miller,3410000554,28,3.89,FALSE,Bolingbrook,low,15,60439,271 S Bolingbrook Dr,41.6921428,-88.0702883,1994-03-17,FALSE,domestic
103,237,Miller,3410000554,132,3.19,FALSE,Bolingbrook,low,15,60439,271 S Bolingbrook Dr,41.6921428,-88.0702883,1994-03-24,FALSE,domestic
103,238,Miller,3410000554,109,3.19,FALSE,Bolingbrook,low,15,60439,271 S Bolingbrook Dr,41.6921428,-88.0702883,1994-03-31,TRUE,domestic
103,239,Miller,3410000554,48,3.89,FALSE,Bolingbrook,low,15,60439,271 S Bolingbrook Dr,41.6921428,-88.0702883,1994-04-07,FALSE,domestic
103,240,Miller,3410000554,40,3.89,FALSE,Bolingbrook,low,15,60439,271 S Bolingbrook Dr,41.6921428,-88.0702883,1994-04-14,FALSE,domestic
103,241,Miller,3410000554,28,3.89,FALSE,Bolingbrook,low,15,60439,271 S Bolingbrook Dr,41.6921428,-88.0702883,1994-04-21,FALSE,domestic
103,242,Miller,3410000554,49,3.33,FALSE,Bolingbrook,low,15,60439,271 S Bolingbrook Dr,41.6921428,-88.0702883,1994-04-28,FALSE,domestic
103,243,Miller,3410000554,44,3.89,FALSE,Bolingbrook,low,15,60439,271 S Bolingbrook Dr,41.6921428,-88.0702883,1994-05-05,FALSE,domestic
103,244,Miller,3410000554,22,3.89,FALSE,Bolingbrook,low,15,60439,271 S Bolingbrook Dr,41.6921428,-88.0702883,1994-05-12,FALSE,domestic
103,245,Miller,3410000554,41,3.89,FALSE,Bolingbrook,low,15,60439,271 S Bolingbrook Dr,41.6921428,-88.0702883,1994-05-19,FALSE,domestic
103,246,Miller,3410000554,35,3.89,FALSE,Bolingbrook,low,15,60439,271 S Bolingbrook Dr,41.6921428,-88.0702883,1994-05-26,TRUE,domestic
103,247,Miller,3410000554,18,3.89,FALSE,Bolingbrook,low,15,60439,271 S Bolingbrook Dr,41.6921428,-88.0702883,1994-06-02,FALSE,domestic
103,248,Miller,3410000554,25,3.89,FALSE,Bolingbrook,low,15,60439,271 S Bolingbrook Dr,41.6921428,-88.0702883,1994-06-09,FALSE,domestic
103,249,Miller,3410000554,22,3.89,FALSE,Bolingbrook,low,15,60439,271 S Bolingbrook Dr,41.6921428,-88.0702883,1994-06-16,FALSE,domestic
103,250,Miller,3410000554,25,3.89,FALSE,Bolingbrook,low,15,60439,271 S Bolingbrook Dr,41.6921428,-88.0702883,1994-06-23,FALSE,domestic
103,251,Miller,3410000554,35,3.89,FALSE,Bolingbrook,low,15,60439,271 S Bolingbrook Dr,41.6921428,-88.0702883,1994-06-30,TRUE,domestic
103,252,Miller,3410000554,16,3.89,FALSE,Bolingbrook,low,15,60439,271 S Bolingbrook Dr,41.6921428,-88.0702883,1994-07-07,FALSE,domestic
103,253,Miller,3410000554,19,3.89,FALSE,Bolingbrook,low,15,60439,271 S Bolingbrook Dr,41.6921428,-88.0702883,1994-07-14,FALSE,domestic
103,254,Miller,3410000554,14,3.89,FALSE,Bolingbrook,low,15,60439,271 S Bolingbrook Dr,41.6921428,-88.0702883,1994-07-21,FALSE,domestic
103,255,Miller,3410000554,25,3.89,FALSE,Bolingbrook,low,15,60439,271 S Bolingbrook Dr,41.6921428,-88.0702883,1994-07-28,FALSE,domestic
103,256,Miller,3410000554,16,3.89,FALSE,Bolingbrook,low,15,60439,271 S Bolingbrook Dr,41.6921428,-88.0702883,1994-08-04,FALSE,domestic
103,257,Miller,3410000554,14,3.89,FALSE,Bolingbrook,low,15,60439,271 S Bolingbrook Dr,41.6921428,-88.0702883,1994-08-11,FALSE,domestic
103,258,Miller,3410000554,23,3.89,FALSE,Bolingbrook,low,15,60439,271 S Bolingbrook Dr,41.6921428,-88.0702883,1994-08-18,FALSE,domestic
103,259,Miller,3410000554,34,3.89,FALSE,Bolingbrook,low,15,60439,271 S Bolingbrook Dr,41.6921428,-88.0702883,1994-08-25,FALSE,domestic
103,260,Miller,3410000554,20,3.89,FALSE,Bolingbrook,low,15,60439,271 S Bolingbrook Dr,41.6921428,-88.0702883,1994-09-01,TRUE,domestic
103,261,Miller,3410000554,26,3.89,FALSE,Bolingbrook,low,15,60439,271 S Bolingbrook Dr,41.6921428,-88.0702883,1994-09-08,FALSE,domestic
103,266,Miller,3410000554,22,3.89,FALSE,Bolingbrook,low,15,60439,271 S Bolingbrook Dr,41.6921428,-88.0702883,1994-10-13,FALSE,domestic
103,267,Miller,3410000554,35,3.89,FALSE,Bolingbrook,low,15,60439,271 S Bolingbrook Dr,41.6921428,-88.0702883,1994-10-20,FALSE,domestic
103,268,Miller,3410000554,29,3.89,FALSE,Bolingbrook,low,15,60439,271 S Bolingbrook Dr,41.6921428,-88.0702883,1994-10-27,TRUE,domestic
103,269,Miller,3410000554,18,3.89,FALSE,Bolingbrook,low,15,60439,271 S Bolingbrook Dr,41.6921428,-88.0702883,1994-11-03,TRUE,domestic
103,270,Miller,3410000554,20,3.89,FALSE,Bolingbrook,low,15,60439,271 S Bolingbrook Dr,41.6921428,-88.0702883,1994-11-10,TRUE,domestic
103,271,Miller,3410000554,27,3.89,FALSE,Bolingbrook,low,15,60439,271 S Bolingbrook Dr,41.6921428,-88.0702883,1994-11-17,FALSE,domestic
103,272,Miller,3410000554,10,3.89,FALSE,Bolingbrook,low,15,60439,271 S Bolingbrook Dr,41.6921428,-88.0702883,1994-11-24,TRUE,domestic
103,273,Miller,3410000554,10,3.89,FALSE,Bolingbrook,low,15,60439,271 S Bolingbrook Dr,41.6921428,-88.0702883,1994-12-01,FALSE,domestic
103,274,Miller,3410000554,5,3.89,FALSE,Bolingbrook,low,15,60439,271 S Bolingbrook Dr,41.6921428,-88.0702883,1994-12-08,FALSE,domestic
103,275,Miller,3410000554,12,3.89,FALSE,Bolingbrook,low,15,60439,271 S Bolingbrook Dr,41.6921428,-88.0702883,1994-12-15,FALSE,domestic
103,276,Miller,3410000554,9,3.89,FALSE,Bolingbrook,low,15,60439,271 S Bolingbrook Dr,41.6921428,-88.0702883,1994-12-22,TRUE,domestic
103,277,Miller,3410000554,9,3.89,FALSE,Bolingbrook,low,15,60439,271 S Bolingbrook Dr,41.6921428,-88.0702883,1994-12-29,TRUE,domestic
103,278,Miller,3410000554,5,3.89,FALSE,Bolingbrook,low,15,60439,271 S Bolingbrook Dr,41.6921428,-88.0702883,1995-01-05,FALSE,domestic
103,279,Miller,3410000554,10,3.92,FALSE,Bolingbrook,low,15,60439,271 S Bolingbrook Dr,41.6921428,-88.0702883,1995-01-12,TRUE,domestic
103,280,Miller,3410000554,9,3.89,FALSE,Bolingbrook,low,15,60439,271 S Bolingbrook Dr,41.6921428,-88.0702883,1995-01-19,TRUE,domestic
103,281,Miller,3410000554,7,3.89,FALSE,Bolingbrook,low,15,60439,271 S Bolingbrook Dr,41.6921428,-88.0702883,1995-01-26,FALSE,domestic
103,282,Miller,3410000554,5,3.89,FALSE,Bolingbrook,low,15,60439,271 S Bolingbrook Dr,41.6921428,-88.0702883,1995-02-02,FALSE,domestic
103,283,Miller,3410000554,10,3.92,FALSE,Bolingbrook,low,15,60439,271 S Bolingbrook Dr,41.6921428,-88.0702883,1995-02-09,TRUE,domestic
103,286,Miller,3410000554,9,3.99,FALSE,Bolingbrook,low,15,60439,271 S Bolingbrook Dr,41.6921428,-88.0702883,1995-03-02,TRUE,domestic
103,287,Miller,3410000554,14,3.99,FALSE,Bolingbrook,low,15,60439,271 S Bolingbrook Dr,41.6921428,-88.0702883,1995-03-09,FALSE,domestic
103,288,Miller,3410000554,11,3.99,FALSE,Bolingbrook,low,15,60439,271 S Bolingbrook Dr,41.6921428,-88.0702883,1995-03-16,FALSE,domestic
103,289,Miller,3410000554,17,3.99,FALSE,Bolingbrook,low,15,60439,271 S Bolingbrook Dr,41.6921428,-88.0702883,1995-03-23,FALSE,domestic
103,290,Miller,3410000554,13,3.99,FALSE,Bolingbrook,low,15,60439,271 S Bolingbrook Dr,41.6921428,-88.0702883,1995-03-30,FALSE,domestic
103,291,Miller,3410000554,11,3.99,FALSE,Bolingbrook,low,15,60439,271 S Bolingbrook Dr,41.6921428,-88.0702883,1995-04-06,FALSE,domestic
103,292,Miller,3410000554,17,3.99,FALSE,Bolingbrook,low,15,60439,271 S Bolingbrook Dr,41.6921428,-88.0702883,1995-04-13,TRUE,domestic
103,293,Miller,3410000554,12,3.99,FALSE,Bolingbrook,low,15,60439,271 S Bolingbrook Dr,41.6921428,-88.0702883,1995-04-20,FALSE,domestic
103,294,Miller,3410000554,2,3.99,FALSE,Bolingbrook,low,15,60439,271 S Bolingbrook Dr,41.6921428,-88.0702883,1995-04-27,FALSE,domestic
103,295,Miller,3410000554,20,3.99,FALSE,Bolingbrook,low,15,60439,271 S Bolingbrook Dr,41.6921428,-88.0702883,1995-05-04,FALSE,domestic
103,296,Miller,3410000554,20,3.99,FALSE,Bolingbrook,low,15,60439,271 S Bolingbrook Dr,41.6921428,-88.0702883,1995-05-11,FALSE,domestic
103,297,Miller,3410000554,7,3.99,FALSE,Bolingbrook,low,15,60439,271 S Bolingbrook Dr,41.6921428,-88.0702883,1995-05-18,FALSE,domestic
103,298,Miller,3410000554,14,3.99,FALSE,Bolingbrook,low,15,60439,271 S Bolingbrook Dr,41.6921428,-88.0702883,1995-05-25,TRUE,domestic
103,299,Miller,3410000554,11,3.99,FALSE,Bolingbrook,low,15,60439,271 S Bolingbrook Dr,41.6921428,-88.0702883,1995-06-01,FALSE,domestic
103,300,Miller,3410000554,20,3.99,FALSE,Bolingbrook,low,15,60439,271 S Bolingbrook Dr,41.6921428,-88.0702883,1995-06-08,FALSE,domestic
122,91,Budweiser,1820000016,19,3.49,FALSE,Hoffman Estates,cub_fighter,16,60194,2575 W Golf Rd,42.0451202,-88.1430159,1991-06-06,FALSE,domestic
122,92,Budweiser,1820000016,7,3.49,FALSE,Hoffman Estates,cub_fighter,16,60194,2575 W Golf Rd,42.0451202,-88.1430159,1991-06-13,FALSE,domestic
122,93,Budweiser,1820000016,12,3.49,FALSE,Hoffman Estates,cub_fighter,16,60194,2575 W Golf Rd,42.0451202,-88.1430159,1991-06-20,FALSE,domestic
122,94,Budweiser,1820000016,12,3.59,FALSE,Hoffman Estates,cub_fighter,16,60194,2575 W Golf Rd,42.0451202,-88.1430159,1991-06-27,FALSE,domestic
122,95,Budweiser,1820000016,7,3.59,FALSE,Hoffman Estates,cub_fighter,16,60194,2575 W Golf Rd,42.0451202,-88.1430159,1991-07-04,TRUE,domestic
122,96,Budweiser,1820000016,20,3.59,FALSE,Hoffman Estates,cub_fighter,16,60194,2575 W Golf Rd,42.0451202,-88.1430159,1991-07-11,FALSE,domestic
122,97,Budweiser,1820000016,12,3.59,FALSE,Hoffman Estates,cub_fighter,16,60194,2575 W Golf Rd,42.0451202,-88.1430159,1991-07-18,FALSE,domestic
122,98,Budweiser,1820000016,22,3.59,FALSE,Hoffman Estates,cub_fighter,16,60194,2575 W Golf Rd,42.0451202,-88.1430159,1991-07-25,FALSE,domestic
122,99,Budweiser,1820000016,6,3.59,FALSE,Hoffman Estates,cub_fighter,16,60194,2575 W Golf Rd,42.0451202,-88.1430159,1991-08-01,FALSE,domestic
122,100,Budweiser,1820000016,6,3.59,FALSE,Hoffman Estates,cub_fighter,16,60194,2575 W Golf Rd,42.0451202,-88.1430159,1991-08-08,FALSE,domestic
122,101,Budweiser,1820000016,9,3.59,FALSE,Hoffman Estates,cub_fighter,16,60194,2575 W Golf Rd,42.0451202,-88.1430159,1991-08-15,FALSE,domestic
122,102,Budweiser,1820000016,14,3.59,FALSE,Hoffman Estates,cub_fighter,16,60194,2575 W Golf Rd,42.0451202,-88.1430159,1991-08-22,FALSE,domestic
122,103,Budweiser,1820000016,12,3.59,FALSE,Hoffman Estates,cub_fighter,16,60194,2575 W Golf Rd,42.0451202,-88.1430159,1991-08-29,TRUE,domestic
122,104,Budweiser,1820000016,9,3.59,FALSE,Hoffman Estates,cub_fighter,16,60194,2575 W Golf Rd,42.0451202,-88.1430159,1991-09-05,FALSE,domestic
122,105,Budweiser,1820000016,18,3.59,FALSE,Hoffman Estates,cub_fighter,16,60194,2575 W Golf Rd,42.0451202,-88.1430159,1991-09-12,FALSE,domestic
122,106,Budweiser,1820000016,8,3.59,FALSE,Hoffman Estates,cub_fighter,16,60194,2575 W Golf Rd,42.0451202,-88.1430159,1991-09-19,FALSE,domestic
122,107,Budweiser,1820000016,8,3.54,FALSE,Hoffman Estates,cub_fighter,16,60194,2575 W Golf Rd,42.0451202,-88.1430159,1991-09-26,FALSE,domestic
122,108,Budweiser,1820000016,10,3.49,FALSE,Hoffman Estates,cub_fighter,16,60194,2575 W Golf Rd,42.0451202,-88.1430159,1991-10-03,FALSE,domestic
