data/beer.csv
store,week,brand,upc,qty,price,sales_indicator,city,price_tier,zone,zip,address,latitude,longtitude,start_of_week,is_holiday_week,imported
122,109,Budweiser,1820000016,5,3.49,FALSE,Hoffman Estates,cub_fighter,16,60194,2575 W Golf Rd,42.0451202,-88.1430159,1991-10-10,TRUE,domestic
122,110,Budweiser,1820000016,6,3.49,FALSE,Hoffman Estates,cub_fighter,16,60194,2575 W Golf Rd,42.0451202,-88.1430159,1991-10-17,FALSE,domestic
122,111,Budweiser,1820000016,11,3.49,FALSE,Hoffman Estates,cub_fighter,16,60194,2575 W Golf Rd,42.0451202,-88.1430159,1991-10-24,FALSE,domestic
122,112,Budweiser,1820000016,9,3.49,FALSE,Hoffman Estates,cub_fighter,16,60194,2575 W Golf Rd,42.0451202,-88.1430159,1991-10-31,TRUE,domestic
122,113,Budweiser,1820000016,8,3.49,FALSE,Hoffman Estates,cub_fighter,16,60194,2575 W Golf Rd,42.0451202,-88.1430159,1991-11-07,TRUE,domestic
122,114,Budweiser,1820000016,13,3.49,FALSE,Hoffman Estates,cub_fighter,16,60194,2575 W Golf Rd,42.0451202,-88.1430159,1991-11-14,FALSE,domestic
122,115,Budweiser,1820000016,11,3.49,FALSE,Hoffman Estates,cub_fighter,16,60194,2575 W Golf Rd,42.0451202,-88.1430159,1991-11-21,FALSE,domestic
122,116,Budweiser,1820000016,12,3.49,FALSE,Hoffman Estates,cub_fighter,16,60194,2575 W Golf Rd,42.0451202,-88.1430159,1991-11-28,TRUE,domestic
122,117,Budweiser,1820000016,9,3.49,FALSE,Hoffman Estates,cub_fighter,16,60194,2575 W Golf Rd,42.0451202,-88.1430159,1991-12-05,FALSE,domestic
122,118,Budweiser,1820000016,8,3.49,FALSE,Hoffman Estates,cub_fighter,16,60194,2575 W Golf Rd,42.0451202,-88.1430159,1991-12-12,FALSE,domestic
122,119,Budweiser,1820000016,9,3.49,FALSE,Hoffman Estates,cub_fighter,16,60194,2575 W Golf Rd,42.0451202,-88.1430159,1991-12-19,TRUE,domestic
122,120,Budweiser,1820000016,7,3.49,FALSE,Hoffman Estates,cub_fighter,16,60194,2575 W Golf Rd,42.0451202,-88.1430159,1991-12-26,TRUE,domestic
122,121,Budweiser,1820000016,15,3.49,FALSE,Hoffman Estates,cub_fighter,16,60194,2575 W Golf Rd,42.0451202,-88.1430159,1992-01-02,FALSE,domestic
122,122,Budweiser,1820000016,4,3.56,FALSE,Hoffman Estates,cub_fighter,16,60194,2575 W Golf Rd,42.0451202,-88.1430159,1992-01-09,FALSE,domestic
122,123,Budweiser,1820000016,5,3.79,FALSE,Hoffman Estates,cub_fighter,16,60194,2575 W Golf Rd,42.0451202,-88.1430159,1992-01-16,TRUE,domestic
122,124,Budweiser,1820000016,4,3.79,FALSE,Hoffman Estates,cub_fighter,16,60194,2575 W Golf Rd,42.0451202,-88.1430159,1992-01-23,FALSE,domestic
122,125,Budweiser,1820000016,8,3.79,FALSE,Hoffman Estates,cub_fighter,16,60194,2575 W Golf Rd,42.0451202,-88.1430159,1992-01-30,FALSE,domestic
122,126,Budweiser,1820000016,10,3.79,FALSE,Hoffman Estates,cub_fighter,16,60194,2575 W Golf Rd,42.0451202,-88.1430159,1992-02-06,TRUE,domestic
122,127,Budweiser,1820000016,7,3.79,FALSE,Hoffman Estates,cub_fighter,16,60194,2575 W Golf Rd,42.0451202,-88.1430159,1992-02-13,TRUE,domestic
122,128,Budweiser,1820000016,9,3.69,FALSE,Hoffman Estates,cub_fighter,16,60194,2575 W Golf Rd,42.0451202,-88.1430159,1992-02-20,TRUE,domestic
122,129,Budweiser,1820000016,12,3.69,FALSE,Hoffman Estates,cub_fighter,16,60194,2575 W Golf Rd,42.0451202,-88.1430159,1992-02-27,TRUE,domestic
122,130,Budweiser,1820000016,10,3.69,FALSE,Hoffman Estates,cub_fighter,16,60194,2575 W Golf Rd,42.0451202,-88.1430159,1992-03-05,FALSE,domestic
122,131,Budweiser,1820000016,7,3.69,FALSE,Hoffman Estates,cub_fighter,16,60194,2575 W Golf Rd,42.0451202,-88.1430159,1992-03-12,FALSE,domestic
122,132,Budweiser,1820000016,4,3.69,FALSE,Hoffman Estates,cub_fighter,16,60194,2575 W Golf Rd,42.0451202,-88.1430159,1992-03-19,FALSE,domestic
122,133,Budweiser,1820000016,15,3.69,FALSE,Hoffman Estates,cub_fighter,16,60194,2575 W Golf Rd,42.0451202,-88.1430159,1992-03-26,FALSE,domestic
122,134,Budweiser,1820000016,12,3.69,FALSE,Hoffman Estates,cub_fighter,16,60194,2575 W Golf Rd,42.0451202,-88.1430159,1992-04-02,FALSE,domestic
122,135,Budweiser,1820000016,10,3.69,FALSE,Hoffman Estates,cub_fighter,16,60194,2575 W Golf Rd,42.0451202,-88.1430159,1992-04-09,FALSE,domestic
122,136,Budweiser,1820000016,11,3.69,FALSE,Hoffman Estates,cub_fighter,16,60194,2575 W Golf Rd,42.0451202,-88.1430159,1992-04-16,TRUE,domestic
122,137,Budweiser,1820000016,7,3.69,FALSE,Hoffman Estates,cub_fighter,16,60194,2575 W Golf Rd,42.0451202,-88.1430159,1992-04-23,FALSE,domestic
122,138,Budweiser,1820000016,10,3.69,FALSE,Hoffman Estates,cub_fighter,16,60194,2575 W Golf Rd,42.0451202,-88.1430159,1992-04-30,FALSE,domestic
122,139,Budweiser,1820000016,9,3.69,FALSE,Hoffman Estates,cub_fighter,16,60194,2575 W Golf Rd,42.0451202,-88.1430159,1992-05-07,FALSE,domestic
122,140,Budweiser,1820000016,9,3.69,FALSE,Hoffman Estates,cub_fighter,16,60194,2575 W Golf Rd,42.0451202,-88.1430159,1992-05-14,FALSE,domestic
122,141,Budweiser,1820000016,12,3.69,FALSE,Hoffman Estates,cub_fighter,16,60194,2575 W Golf Rd,42.0451202,-88.1430159,1992-05-21,TRUE,domestic
122,142,Budweiser,1820000016,10,3.69,FALSE,Hoffman Estates,cub_fighter,16,60194,2575 W Golf Rd,42.0451202,-88.1430159,1992-05-28,TRUE,domestic
122,143,Budweiser,1820000016,22,3.69,FALSE,Hoffman Estates,cub_fighter,16,60194,2575 W Golf Rd,42.0451202,-88.1430159,1992-06-04,FALSE,domestic
122,144,Budweiser,1820000016,19,3.69,FALSE,Hoffman Estates,cub_fighter,16,60194,2575 W Golf Rd,42.0451202,-88.1430159,1992-06-11,FALSE,domestic
122,145,Budweiser,1820000016,22,3.69,FALSE,Hoffman Estates,cub_fighter,16,60194,2575 W Golf Rd,42.0451202,-88.1430159,1992-06-18,FALSE,domestic
122,146,Budweiser,1820000016,10,3.69,FALSE,Hoffman Estates,cub_fighter,16,60194,2575 W Golf Rd,42.0451202,-88.1430159,1992-06-25,FALSE,domestic
122,147,Budweiser,1820000016,11,3.69,FALSE,Hoffman Estates,cub_fighter,16,60194,2575 W Golf Rd,42.0451202,-88.1430159,1992-07-02,TRUE,domestic
122,148,Budweiser,1820000016,10,3.69,FALSE,Hoffman Estates,cub_fighter,16,60194,2575 W Golf Rd,42.0451202,-88.1430159,1992-07-09,FALSE,domestic
122,149,Budweiser,1820000016,14,3.69,FALSE,Hoffman Estates,cub_fighter,16,60194,2575 W Golf Rd,42.0451202,-88.1430159,1992-07-16,FALSE,domestic
122,150,Budweiser,1820000016,11,3.79,FALSE,Hoffman Estates,cub_fighter,16,60194,2575 W Golf Rd,42.0451202,-88.1430159,1992-07-23,FALSE,domestic
122,151,Budweiser,1820000016,15,3.79,FALSE,Hoffman Estates,cub_fighter,16,60194,2575 W Golf Rd,42.0451202,-88.1430159,1992-07-30,FALSE,domestic
122,152,Budweiser,1820000016,11,3.79,FALSE,Hoffman Estates,cub_fighter,16,60194,2575 W Golf Rd,42.0451202,-88.1430159,1992-08-06,FALSE,domestic
122,153,Budweiser,1820000016,9,3.79,FALSE,Hoffman Estates,cub_fighter,16,60194,2575 W Golf Rd,42.0451202,-88.1430159,1992-08-13,FALSE,domestic
122,154,Budweiser,1820000016,7,3.79,FALSE,Hoffman Estates,cub_fighter,16,60194,2575 W Golf Rd,42.0451202,-88.1430159,1992-08-20,FALSE,domestic
122,155,Budweiser,1820000016,8,3.79,FALSE,Hoffman Estates,cub_fighter,16,60194,2575 W Golf Rd,42.0451202,-88.1430159,1992-08-27,FALSE,domestic
122,156,Budweiser,1820000016,14,3.79,FALSE,Hoffman Estates,cub_fighter,16,60194,2575 W Golf Rd,42.0451202,-88.1430159,1992-09-03,TRUE,domestic
122,157,Budweiser,1820000016,13,3.82,FALSE,Hoffman Estates,cub_fighter,16,60194,2575 W Golf Rd,42.0451202,-88.1430159,1992-09-10,FALSE,domestic
122,158,Budweiser,1820000016,7,3.99,FALSE,Hoffman Estates,cub_fighter,16,60194,2575 W Golf Rd,42.0451202,-88.1430159,1992-09-17,FALSE,domestic
122,159,Budweiser,1820000016,16,3.99,FALSE,Hoffman Estates,cub_fighter,16,60194,2575 W Golf Rd,42.0451202,-88.1430159,1992-09-24,FALSE,domestic
122,160,Budweiser,1820000016,9,3.99,FALSE,Hoffman Estates,cub_fighter,16,60194,2575 W Golf Rd,42.0451202,-88.1430159,1992-10-01,FALSE,domestic
122,161,Budweiser,1820000016,7,3.99,FALSE,Hoffman Estates,cub_fighter,16,60194,2575 W Golf Rd,42.0451202,-88.1430159,1992-10-08,TRUE,domestic
122,162,Budweiser,1820000016,9,3.99,FALSE,Hoffman Estates,cub_fighter,16,60194,2575 W Golf Rd,42.0451202,-88.1430159,1992-10-15,FALSE,domestic
122,163,Budweiser,1820000016,10,3.99,FALSE,Hoffman Estates,cub_fighter,16,60194,2575 W Golf Rd,42.0451202,-88.1430159,1992-10-22,FALSE,domestic
122,164,Budweiser,1820000016,11,3.99,FALSE,Hoffman Estates,cub_fighter,16,60194,2575 W Golf Rd,42.0451202,-88.1430159,1992-10-29,TRUE,domestic
122,165,Budweiser,1820000016,7,3.99,FALSE,Hoffman Estates,cub_fighter,16,60194,2575 W Golf Rd,42.0451202,-88.1430159,1992-11-05,TRUE,domestic
122,166,Budweiser,1820000016,5,3.99,FALSE,Hoffman Estates,cub_fighter,16,60194,2575 W Golf Rd,42.0451202,-88.1430159,1992-11-12,FALSE,domestic
122,167,Budweiser,1820000016,10,3.99,FALSE,Hoffman Estates,cub_fighter,16,60194,2575 W Golf Rd,42.0451202,-88.1430159,1992-11-19,FALSE,domestic
122,168,Budweiser,1820000016,14,3.99,FALSE,Hoffman Estates,cub_fighter,16,60194,2575 W Golf Rd,42.0451202,-88.1430159,1992-11-26,TRUE,domestic
122,169,Budweiser,1820000016,10,3.99,FALSE,Hoffman Estates,cub_fighter,16,60194,2575 W Golf Rd,42.0451202,-88.1430159,1992-12-03,FALSE,domestic
122,170,Budweiser,1820000016,12,3.99,FALSE,Hoffman Estates,cub_fighter,16,60194,2575 W Golf Rd,42.0451202,-88.1430159,1992-12-10,FALSE,domestic
122,171,Budweiser,1820000016,6,3.99,FALSE,Hoffman Estates,cub_fighter,16,60194,2575 W Golf Rd,42.0451202,-88.1430159,1992-12-17,FALSE,domestic
122,172,Budweiser,1820000016,3,3.99,FALSE,Hoffman Estates,cub_fighter,16,60194,2575 W Golf Rd,42.0451202,-88.1430159,1992-12-24,TRUE,domestic
122,173,Budweiser,1820000016,3,3.99,FALSE,Hoffman Estates,cub_fighter,16,60194,2575 W Golf Rd,42.0451202,-88.1430159,1992-12-31,TRUE,domestic
122,174,Budweiser,1820000016,8,3.99,FALSE,Hoffman Estates,cub_fighter,16,60194,2575 W Golf Rd,42.0451202,-88.1430159,1993-01-07,FALSE,domestic
122,175,Budweiser,1820000016,8,3.99,FALSE,Hoffman Estates,cub_fighter,16,60194,2575 W Golf Rd,42.0451202,-88.1430159,1993-01-14,TRUE,domestic
122,176,Budweiser,1820000016,7,3.99,FALSE,Hoffman Estates,cub_fighter,16,60194,2575 W Golf Rd,42.0451202,-88.1430159,1993-01-21,FALSE,domestic
122,177,Budweiser,1820000016,11,3.99,FALSE,Hoffman Estates,cub_fighter,16,60194,2575 W Golf Rd,42.0451202,-88.1430159,1993-01-28,FALSE,domestic
122,178,Budweiser,1820000016,6,3.99,FALSE,Hoffman Estates,cub_fighter,16,60194,2575 W Golf Rd,42.0451202,-88.1430159,1993-02-04,FALSE,domestic
122,179,Budweiser,1820000016,17,3.99,FALSE,Hoffman Estates,cub_fighter,16,60194,2575 W Golf Rd,42.0451202,-88.1430159,1993-02-11,TRUE,domestic
122,180,Budweiser,1820000016,17,3.99,FALSE,Hoffman Estates,cub_fighter,16,60194,2575 W Golf Rd,42.0451202,-88.1430159,1993-02-18,TRUE,domestic
122,181,Budweiser,1820000016,13,3.99,FALSE,Hoffman Estates,cub_fighter,16,60194,2575 W Golf Rd,42.0451202,-88.1430159,1993-02-25,TRUE,domestic
122,182,Budweiser,1820000016,13,3.99,FALSE,Hoffman Estates,cub_fighter,16,60194,2575 W Golf Rd,42.0451202,-88.1430159,1993-03-04,FALSE,domestic
122,183,Budweiser,1820000016,5,3.99,FALSE,Hoffman Estates,cub_fighter,16,60194,2575 W Golf Rd,42.0451202,-88.1430159,1993-03-11,FALSE,domestic
122,184,Budweiser,1820000016,7,3.99,FALSE,Hoffman Estates,cub_fighter,16,60194,2575 W Golf Rd,42.0451202,-88.1430159,1993-03-18,FALSE,domestic
122,185,Budweiser,1820000016,9,3.99,FALSE,Hoffman Estates,cub_fighter,16,60194,2575 W Golf Rd,42.0451202,-88.1430159,1993-03-25,FALSE,domestic
122,186,Budweiser,1820000016,6,3.99,FALSE,Hoffman Estates,cub_fighter,16,60194,2575 W Golf Rd,42.0451202,-88.1430159,1993-04-01,FALSE,domestic
122,187,Budweiser,1820000016,10,3.99,FALSE,Hoffman Estates,cub_fighter,16,60194,2575 W Golf Rd,42.0451202,-88.1430159,1993-04-08,TRUE,domestic
122,188,Budweiser,1820000016,9,3.99,FALSE,Hoffman Estates,cub_fighter,16,60194,2575 W Golf Rd,42.0451202,-88.1430159,1993-04-15,FALSE,domestic
122,189,Budweiser,1820000016,15,3.99,FALSE,Hoffman Estates,cub_fighter,16,60194,2575 W Golf Rd,42.0451202,-88.1430159,1993-04-22,FALSE,domestic
122,190,Budweiser,1820000016,9,3.99,FALSE,Hoffman Estates,cub_fighter,16,60194,2575 W Golf Rd,42.0451202,-88.1430159,1993-04-29,FALSE,domestic
122,191,Budweiser,1820000016,12,3.99,FALSE,Hoffman Estates,cub_fighter,16,60194,2575 W Golf Rd,42.0451202,-88.1430159,1993-05-06,FALSE,domestic
122,192,Budweiser,1820000016,9,3.99,FALSE,Hoffman Estates,cub_fighter,16,60194,2575 W Golf Rd,42.0451202,-88.1430159,1993-05-13,FALSE,domestic
122,193,Budweiser,1820000016,9,3.99,FALSE,Hoffman Estates,cub_fighter,16,60194,2575 W Golf Rd,42.0451202,-88.1430159,1993-05-20,FALSE,domestic
122,194,Budweiser,1820000016,8,3.99,FALSE,Hoffman Estates,cub_fighter,16,60194,2575 W Golf Rd,42.0451202,-88.1430159,1993-05-27,TRUE,domestic
122,195,Budweiser,1820000016,8,3.99,FALSE,Hoffman Estates,cub_fighter,16,60194,2575 W Golf Rd,42.0451202,-88.1430159,1993-06-03,FALSE,domestic
122,196,Budweiser,1820000016,2,3.99,FALSE,Hoffman Estates,cub_fighter,16,60194,2575 W Golf Rd,42.0451202,-88.1430159,1993-06-10,FALSE,domestic
122,197,Budweiser,1820000016,12,3.99,FALSE,Hoffman Estates,cub_fighter,16,60194,2575 W Golf Rd,42.0451202,-88.1430159,1993-06-17,FALSE,domestic
122,198,Budweiser,1820000016,5,3.99,FALSE,Hoffman Estates,cub_fighter,16,60194,2575 W Golf Rd,42.0451202,-88.1430159,1993-06-24,FALSE,domestic
122,199,Budweiser,1820000016,9,3.99,FALSE,Hoffman Estates,cub_fighter,16,60194,2575 W Golf Rd,42.0451202,-88.1430159,1993-07-01,TRUE,domestic
122,200,Budweiser,1820000016,13,3.95,FALSE,Hoffman Estates,cub_fighter,16,60194,2575 W Golf Rd,42.0451202,-88.1430159,1993-07-08,FALSE,domestic
122,201,Budweiser,1820000016,8,3.79,FALSE,Hoffman Estates,cub_fighter,16,60194,2575 W Golf Rd,42.0451202,-88.1430159,1993-07-15,FALSE,domestic
122,202,Budweiser,1820000016,9,3.79,FALSE,Hoffman Estates,cub_fighter,16,60194,2575 W Golf Rd,42.0451202,-88.1430159,1993-07-22,FALSE,domestic
122,203,Budweiser,1820000016,11,3.79,FALSE,Hoffman Estates,cub_fighter,16,60194,2575 W Golf Rd,42.0451202,-88.1430159,1993-07-29,FALSE,domestic
122,204,Budweiser,1820000016,9,3.79,FALSE,Hoffman Estates,cub_fighter,16,60194,2575 W Golf Rd,42.0451202,-88.1430159,1993-08-05,FALSE,domestic
122,205,Budweiser,1820000016,7,3.79,FALSE,Hoffman Estates,cub_fighter,16,60194,2575 W Golf Rd,42.0451202,-88.1430159,1993-08-12,FALSE,domestic
122,206,Budweiser,1820000016,12,3.79,FALSE,Hoffman Estates,cub_fighter,16,60194,2575 W Golf Rd,42.0451202,-88.1430159,1993-08-19,FALSE,domestic
122,207,Budweiser,1820000016,9,3.79,FALSE,Hoffman Estates,cub_fighter,16,60194,2575 W Golf Rd,42.0451202,-88.1430159,1993-08-26,FALSE,domestic
122,208,Budweiser,1820000016,8,3.79,FALSE,Hoffman Estates,cub_fighter,16,60194,2575 W Golf Rd,42.0451202,-88.1430159,1993-09-02,TRUE,domestic
122,209,Budweiser,1820000016,7,3.79,FALSE,Hoffman Estates,cub_fighter,16,60194,2575 W Golf Rd,42.0451202,-88.1430159,1993-09-09,FALSE,domestic
122,210,Budweiser,1820000016,6,3.79,FALSE,Hoffman Estates,cub_fighter,16,60194,2575 W Golf Rd,42.0451202,-88.1430159,1993-09-16,FALSE,domestic
122,211,Budweiser,1820000016,10,3.79,FALSE,Hoffman Estates,cub_fighter,16,60194,2575 W Golf Rd,42.0451202,-88.1430159,1993-09-23,FALSE,domestic
122,212,Budweiser,1820000016,8,3.79,FALSE,Hoffman Estates,cub_fighter,16,60194,2575 W Golf Rd,42.0451202,-88.1430159,1993-09-30,FALSE,domestic
122,213,Budweiser,1820000016,6,3.79,FALSE,Hoffman Estates,cub_fighter,16,60194,2575 W Golf Rd,42.0451202,-88.1430159,1993-10-07,TRUE,domestic
122,214,Budweiser,1820000016,11,3.79,FALSE,Hoffman Estates,cub_fighter,16,60194,2575 W Golf Rd,42.0451202,-88.1430159,1993-10-14,FALSE,domestic
122,215,Budweiser,1820000016,16,3.79,FALSE,Hoffman Estates,cub_fighter,16,60194,2575 W Golf Rd,42.0451202,-88.1430159,1993-10-21,FALSE,domestic
122,216,Budweiser,1820000016,3,3.79,FALSE,Hoffman Estates,cub_fighter,16,60194,2575 W Golf Rd,42.0451202,-88.1430159,1993-10-28,TRUE,domestic
122,217,Budweiser,1820000016,6,3.79,FALSE,Hoffman Estates,cub_fighter,16,60194,2575 W Golf Rd,42.0451202,-88.1430159,1993-11-04,FALSE,domestic
122,218,Budweiser,1820000016,4,3.79,FALSE,Hoffman Estates,cub_fighter,16,60194,2575 W Golf Rd,42.0451202,-88.1430159,1993-11-11,TRUE,domestic
122,220,Budweiser,1820000016,7,3.79,FALSE,Hoffman Estates,cub_fighter,16,60194,2575 W Golf Rd,42.0451202,-88.1430159,1993-11-25,TRUE,domestic
122,221,Budweiser,1820000016,3,3.79,FALSE,Hoffman Estates,cub_fighter,16,60194,2575 W Golf Rd,42.0451202,-88.1430159,1993-12-02,FALSE,domestic
122,222,Budweiser,1820000016,3,3.79,FALSE,Hoffman Estates,cub_fighter,16,60194,2575 W Golf Rd,42.0451202,-88.1430159,1993-12-09,FALSE,domestic
122,223,Budweiser,1820000016,1,3.79,FALSE,Hoffman Estates,cub_fighter,16,60194,2575 W Golf Rd,42.0451202,-88.1430159,1993-12-16,FALSE,domestic
122,224,Budweiser,1820000016,6,3.79,FALSE,Hoffman Estates,cub_fighter,16,60194,2575 W Golf Rd,42.0451202,-88.1430159,1993-12-23,TRUE,domestic
122,91,Corona,8066095605,6,5.79,FALSE,Hoffman Estates,cub_fighter,16,60194,2575 W Golf Rd,42.0451202,-88.1430159,1991-06-06,FALSE,imported
122,92,Corona,8066095605,14,5.79,FALSE,Hoffman Estates,cub_fighter,16,60194,2575 W Golf Rd,42.0451202,-88.1430159,1991-06-13,FALSE,imported
122,93,Corona,8066095605,16,4.39,FALSE,Hoffman Estates,cub_fighter,16,60194,2575 W Golf Rd,42.0451202,-88.1430159,1991-06-20,FALSE,imported
122,94,Corona,8066095605,14,4.39,FALSE,Hoffman Estates,cub_fighter,16,60194,2575 W Golf Rd,42.0451202,-88.1430159,1991-06-27,FALSE,imported
122,95,Corona,8066095605,10,5.79,FALSE,Hoffman Estates,cub_fighter,16,60194,2575 W Golf Rd,42.0451202,-88.1430159,1991-07-04,TRUE,imported
122,96,Corona,8066095605,11,5.79,FALSE,Hoffman Estates,cub_fighter,16,60194,2575 W Golf Rd,42.0451202,-88.1430159,1991-07-11,FALSE,imported
122,97,Corona,8066095605,6,5.79,FALSE,Hoffman Estates,cub_fighter,16,60194,2575 W Golf Rd,42.0451202,-88.1430159,1991-07-18,FALSE,imported
122,98,Corona,8066095605,1,5.79,FALSE,Hoffman Estates,cub_fighter,16,60194,2575 W Golf Rd,42.0451202,-88.1430159,1991-07-25,FALSE,imported
122,99,Corona,8066095605,11,5.79,FALSE,Hoffman Estates,cub_fighter,16,60194,2575 W Golf Rd,42.0451202,-88.1430159,1991-08-01,FALSE,imported
