data/beer.csv
store,week,brand,upc,qty,price,sales_indicator,city,price_tier,zone,zip,address,latitude,longtitude,start_of_week,is_holiday_week,imported
122,100,Corona,8066095605,9,5.79,FALSE,Hoffman Estates,cub_fighter,16,60194,2575 W Golf Rd,42.0451202,-88.1430159,1991-08-08,FALSE,imported
122,101,Corona,8066095605,12,5.79,FALSE,Hoffman Estates,cub_fighter,16,60194,2575 W Golf Rd,42.0451202,-88.1430159,1991-08-15,FALSE,imported
122,102,Corona,8066095605,11,5.79,FALSE,Hoffman Estates,cub_fighter,16,60194,2575 W Golf Rd,42.0451202,-88.1430159,1991-08-22,FALSE,imported
122,103,Corona,8066095605,2,5.79,FALSE,Hoffman Estates,cub_fighter,16,60194,2575 W Golf Rd,42.0451202,-88.1430159,1991-08-29,TRUE,imported
122,104,Corona,8066095605,13,4.99,FALSE,Hoffman Estates,cub_fighter,16,60194,2575 W Golf Rd,42.0451202,-88.1430159,1991-09-05,FALSE,imported
122,105,Corona,8066095605,15,4.99,FALSE,Hoffman Estates,cub_fighter,16,60194,2575 W Golf Rd,42.0451202,-88.1430159,1991-09-12,FALSE,imported
122,107,Corona,8066095605,12,5.79,FALSE,Hoffman Estates,cub_fighter,16,60194,2575 W Golf Rd,42.0451202,-88.1430159,1991-09-26,FALSE,imported
122,108,Corona,8066095605,7,5.79,FALSE,Hoffman Estates,cub_fighter,16,60194,2575 W Golf Rd,42.0451202,-88.1430159,1991-10-03,FALSE,imported
122,109,Corona,8066095605,4,5.79,FALSE,Hoffman Estates,cub_fighter,16,60194,2575 W Golf Rd,42.0451202,-88.1430159,1991-10-10,TRUE,imported
122,110,Corona,8066095605,7,5.79,FALSE,Hoffman Estates,cub_fighter,16,60194,2575 W Golf Rd,42.0451202,-88.1430159,1991-10-17,FALSE,imported
122,111,Corona,8066095605,7,5.79,FALSE,Hoffman Estates,cub_fighter,16,60194,2575 W Golf Rd,42.0451202,-88.1430159,1991-10-24,FALSE,imported
122,112,Corona,8066095605,2,5.79,FALSE,Hoffman Estates,cub_fighter,16,60194,2575 W Golf Rd,42.0451202,-88.1430159,1991-10-31,TRUE,imported
122,113,Corona,8066095605,4,5.79,FALSE,Hoffman Estates,cub_fighter,16,60194,2575 W Golf Rd,42.0451202,-88.1430159,1991-11-07,TRUE,imported
122,114,Corona,8066095605,2,5.79,FALSE,Hoffman Estates,cub_fighter,16,60194,2575 W Golf Rd,42.0451202,-88.1430159,1991-11-14,FALSE,imported
122,115,Corona,8066095605,4,5.79,FALSE,Hoffman Estates,cub_fighter,16,60194,2575 W Golf Rd,42.0451202,-88.1430159,1991-11-21,FALSE,imported
122,116,Corona,8066095605,5,5.79,FALSE,Hoffman Estates,cub_fighter,16,60194,2575 W Golf Rd,42.0451202,-88.1430159,1991-11-28,TRUE,imported
122,117,Corona,8066095605,3,5.79,FALSE,Hoffman Estates,cub_fighter,16,60194,2575 W Golf Rd,42.0451202,-88.1430159,1991-12-05,FALSE,imported
122,118,Corona,8066095605,3,5.79,FALSE,Hoffman Estates,cub_fighter,16,60194,2575 W Golf Rd,42.0451202,-88.1430159,1991-12-12,FALSE,imported
122,119,Corona,8066095605,8,4.99,FALSE,Hoffman Estates,cub_fighter,16,60194,2575 W Golf Rd,42.0451202,-88.1430159,1991-12-19,TRUE,imported
122,120,Corona,8066095605,7,4.99,FALSE,Hoffman Estates,cub_fighter,16,60194,2575 W Golf Rd,42.0451202,-88.1430159,1991-12-26,TRUE,imported
122,121,Corona,8066095605,14,5.79,FALSE,Hoffman Estates,cub_fighter,16,60194,2575 W Golf Rd,42.0451202,-88.1430159,1992-01-02,FALSE,imported
122,122,Corona,8066095605,8,4.99,FALSE,Hoffman Estates,cub_fighter,16,60194,2575 W Golf Rd,42.0451202,-88.1430159,1992-01-09,FALSE,imported
122,123,Corona,8066095605,15,4.99,FALSE,Hoffman Estates,cub_fighter,16,60194,2575 W Golf Rd,42.0451202,-88.1430159,1992-01-16,TRUE,imported
122,124,Corona,8066095605,8,5.79,FALSE,Hoffman Estates,cub_fighter,16,60194,2575 W Golf Rd,42.0451202,-88.1430159,1992-01-23,FALSE,imported
122,125,Corona,8066095605,4,5.99,FALSE,Hoffman Estates,cub_fighter,16,60194,2575 W Golf Rd,42.0451202,-88.1430159,1992-01-30,FALSE,imported
122,126,Corona,8066095605,4,5.99,FALSE,Hoffman Estates,cub_fighter,16,60194,2575 W Golf Rd,42.0451202,-88.1430159,1992-02-06,TRUE,imported
122,127,Corona,8066095605,9,5.99,FALSE,Hoffman Estates,cub_fighter,16,60194,2575 W Golf Rd,42.0451202,-88.1430159,1992-02-13,TRUE,imported
122,128,Corona,8066095605,7,5.99,FALSE,Hoffman Estates,cub_fighter,16,60194,2575 W Golf Rd,42.0451202,-88.1430159,1992-02-20,TRUE,imported
122,129,Corona,8066095605,5,5.99,FALSE,Hoffman Estates,cub_fighter,16,60194,2575 W Golf Rd,42.0451202,-88.1430159,1992-02-27,TRUE,imported
122,130,Corona,8066095605,7,5.99,FALSE,Hoffman Estates,cub_fighter,16,60194,2575 W Golf Rd,42.0451202,-88.1430159,1992-03-05,FALSE,imported
122,131,Corona,8066095605,6,5.99,FALSE,Hoffman Estates,cub_fighter,16,60194,2575 W Golf Rd,42.0451202,-88.1430159,1992-03-12,FALSE,imported
122,132,Corona,8066095605,5,5.99,FALSE,Hoffman Estates,cub_fighter,16,60194,2575 W Golf Rd,42.0451202,-88.1430159,1992-03-19,FALSE,imported
122,133,Corona,8066095605,11,5.99,FALSE,Hoffman Estates,cub_fighter,16,60194,2575 W Golf Rd,42.0451202,-88.1430159,1992-03-26,FALSE,imported
122,134,Corona,8066095605,13,5.99,FALSE,Hoffman Estates,cub_fighter,16,60194,2575 W Golf Rd,42.0451202,-88.1430159,1992-04-02,FALSE,imported
122,135,Corona,8066095605,22,4.69,FALSE,Hoffman Estates,cub_fighter,16,60194,2575 W Golf Rd,42.0451202,-88.1430159,1992-04-09,FALSE,imported
122,136,Corona,8066095605,20,4.69,FALSE,Hoffman Estates,cub_fighter,16,60194,2575 W Golf Rd,42.0451202,-88.1430159,1992-04-16,TRUE,imported
122,137,Corona,8066095605,10,5.99,FALSE,Hoffman Estates,cub_fighter,16,60194,2575 W Golf Rd,42.0451202,-88.1430159,1992-04-23,FALSE,imported
122,138,Corona,8066095605,14,5.99,FALSE,Hoffman Estates,cub_fighter,16,60194,2575 W Golf Rd,42.0451202,-88.1430159,1992-04-30,FALSE,imported
122,139,Corona,8066095605,42,4.29,FALSE,Hoffman Estates,cub_fighter,16,60194,2575 W Golf Rd,42.0451202,-88.1430159,1992-05-07,FALSE,imported
122,140,Corona,8066095605,38,4.29,FALSE,Hoffman Estates,cub_fighter,16,60194,2575 W Golf Rd,42.0451202,-88.1430159,1992-05-14,FALSE,imported
122,141,Corona,8066095605,6,5.99,FALSE,Hoffman Estates,cub_fighter,16,60194,2575 W Golf Rd,42.0451202,-88.1430159,1992-05-21,TRUE,imported
122,142,Corona,8066095605,13,5.99,FALSE,Hoffman Estates,cub_fighter,16,60194,2575 W Golf Rd,42.0451202,-88.1430159,1992-05-28,TRUE,imported
122,143,Corona,8066095605,12,5.99,FALSE,Hoffman Estates,cub_fighter,16,60194,2575 W Golf Rd,42.0451202,-88.1430159,1992-06-04,FALSE,imported
122,144,Corona,8066095605,15,5.99,FALSE,Hoffman Estates,cub_fighter,16,60194,2575 W Golf Rd,42.0451202,-88.1430159,1992-06-11,FALSE,imported
122,145,Corona,8066095605,20,4.49,FALSE,Hoffman Estates,cub_fighter,16,60194,2575 W Golf Rd,42.0451202,-88.1430159,1992-06-18,FALSE,imported
122,146,Corona,8066095605,21,4.49,FALSE,Hoffman Estates,cub_fighter,16,60194,2575 W Golf Rd,42.0451202,-88.1430159,1992-06-25,FALSE,imported
122,147,Corona,8066095605,22,5.99,FALSE,Hoffman Estates,cub_fighter,16,60194,2575 W Golf Rd,42.0451202,-88.1430159,1992-07-02,TRUE,imported
122,148,Corona,8066095605,22,5.99,FALSE,Hoffman Estates,cub_fighter,16,60194,2575 W Golf Rd,42.0451202,-88.1430159,1992-07-09,FALSE,imported
122,149,Corona,8066095605,18,4.99,FALSE,Hoffman Estates,cub_fighter,16,60194,2575 W Golf Rd,42.0451202,-88.1430159,1992-07-16,FALSE,imported
122,150,Corona,8066095605,12,5.99,FALSE,Hoffman Estates,cub_fighter,16,60194,2575 W Golf Rd,42.0451202,-88.1430159,1992-07-23,FALSE,imported
122,151,Corona,8066095605,1,5.99,FALSE,Hoffman Estates,cub_fighter,16,60194,2575 W Golf Rd,42.0451202,-88.1430159,1992-07-30,FALSE,imported
122,152,Corona,8066095605,10,5.99,FALSE,Hoffman Estates,cub_fighter,16,60194,2575 W Golf Rd,42.0451202,-88.1430159,1992-08-06,FALSE,imported
122,153,Corona,8066095605,27,4.49,FALSE,Hoffman Estates,cub_fighter,16,60194,2575 W Golf Rd,42.0451202,-88.1430159,1992-08-13,FALSE,imported
122,154,Corona,8066095605,12,4.49,FALSE,Hoffman Estates,cub_fighter,16,60194,2575 W Golf Rd,42.0451202,-88.1430159,1992-08-20,FALSE,imported
122,155,Corona,8066095605,7,5.99,FALSE,Hoffman Estates,cub_fighter,16,60194,2575 W Golf Rd,42.0451202,-88.1430159,1992-08-27,FALSE,imported
122,156,Corona,8066095605,16,5.99,FALSE,Hoffman Estates,cub_fighter,16,60194,2575 W Golf Rd,42.0451202,-88.1430159,1992-09-03,TRUE,imported
122,157,Corona,8066095605,8,5.99,FALSE,Hoffman Estates,cub_fighter,16,60194,2575 W Golf Rd,42.0451202,-88.1430159,1992-09-10,FALSE,imported
122,158,Corona,8066095605,6,5.99,FALSE,Hoffman Estates,cub_fighter,16,60194,2575 W Golf Rd,42.0451202,-88.1430159,1992-09-17,FALSE,imported
122,159,Corona,8066095605,3,5.99,FALSE,Hoffman Estates,cub_fighter,16,60194,2575 W Golf Rd,42.0451202,-88.1430159,1992-09-24,FALSE,imported
122,160,Corona,8066095605,7,5.99,FALSE,Hoffman Estates,cub_fighter,16,60194,2575 W Golf Rd,42.0451202,-88.1430159,1992-10-01,FALSE,imported
122,161,Corona,8066095605,10,5.99,FALSE,Hoffman Estates,cub_fighter,16,60194,2575 W Golf Rd,42.0451202,-88.1430159,1992-10-08,TRUE,imported
122,162,Corona,8066095605,9,5.99,FALSE,Hoffman Estates,cub_fighter,16,60194,2575 W Golf Rd,42.0451202,-88.1430159,1992-10-15,FALSE,imported
122,163,Corona,8066095605,6,5.99,FALSE,Hoffman Estates,cub_fighter,16,60194,2575 W Golf Rd,42.0451202,-88.1430159,1992-10-22,FALSE,imported
122,164,Corona,8066095605,6,5.99,FALSE,Hoffman Estates,cub_fighter,16,60194,2575 W Golf Rd,42.0451202,-88.1430159,1992-10-29,TRUE,imported
122,165,Corona,8066095605,9,5.99,FALSE,Hoffman Estates,cub_fighter,16,60194,2575 W Golf Rd,42.0451202,-88.1430159,1992-11-05,TRUE,imported
122,166,Corona,8066095605,6,5.99,FALSE,Hoffman Estates,cub_fighter,16,60194,2575 W Golf Rd,42.0451202,-88.1430159,1992-11-12,FALSE,imported
122,167,Corona,8066095605,8,5.99,FALSE,Hoffman Estates,cub_fighter,16,60194,2575 W Golf Rd,42.0451202,-88.1430159,1992-11-19,FALSE,imported
122,168,Corona,8066095605,11,5.99,FALSE,Hoffman Estates,cub_fighter,16,60194,2575 W Golf Rd,42.0451202,-88.1430159,1992-11-26,TRUE,imported
122,169,Corona,8066095605,4,5.99,FALSE,Hoffman Estates,cub_fighter,16,60194,2575 W Golf Rd,42.0451202,-88.1430159,1992-12-03,FALSE,imported
122,170,Corona,8066095605,9,4.99,FALSE,Hoffman Estates,cub_fighter,16,60194,2575 W Golf Rd,42.0451202,-88.1430159,1992-12-10,FALSE,imported
122,171,Corona,8066095605,27,4.99,FALSE,Hoffman Estates,cub_fighter,16,60194,2575 W Golf Rd,42.0451202,-88.1430159,1992-12-17,FALSE,imported
122,172,Corona,8066095605,7,5.41,FALSE,Hoffman Estates,cub_fighter,16,60194,2575 W Golf Rd,42.0451202,-88.1430159,1992-12-24,TRUE,imported
122,173,Corona,8066095605,16,5.99,FALSE,Hoffman Estates,cub_fighter,16,60194,2575 W Golf Rd,42.0451202,-88.1430159,1992-12-31,TRUE,imported
122,174,Corona,8066095605,4,5.99,FALSE,Hoffman Estates,cub_fighter,16,60194,2575 W Golf Rd,42.0451202,-88.1430159,1993-01-07,FALSE,imported
122,175,Corona,8066095605,9,5.99,FALSE,Hoffman Estates,cub_fighter,16,60194,2575 W Golf Rd,42.0451202,-88.1430159,1993-01-14,TRUE,imported
122,176,Corona,8066095605,9,5.99,FALSE,Hoffman Estates,cub_fighter,16,60194,2575 W Golf Rd,42.0451202,-88.1430159,1993-01-21,FALSE,imported
122,177,Corona,8066095605,12,5.99,FALSE,Hoffman Estates,cub_fighter,16,60194,2575 W Golf Rd,42.0451202,-88.1430159,1993-01-28,FALSE,imported
122,178,Corona,8066095605,9,5.99,FALSE,Hoffman Estates,cub_fighter,16,60194,2575 W Golf Rd,42.0451202,-88.1430159,1993-02-04,FALSE,imported
122,179,Corona,8066095605,6,5.99,FALSE,Hoffman Estates,cub_fighter,16,60194,2575 W Golf Rd,42.0451202,-88.1430159,1993-02-11,TRUE,imported
122,180,Corona,8066095605,3,5.99,FALSE,Hoffman Estates,cub_fighter,16,60194,2575 W Golf Rd,42.0451202,-88.1430159,1993-02-18,TRUE,imported
122,181,Corona,8066095605,7,5.99,FALSE,Hoffman Estates,cub_fighter,16,60194,2575 W Golf Rd,42.0451202,-88.1430159,1993-02-25,TRUE,imported
122,182,Corona,8066095605,4,5.99,FALSE,Hoffman Estates,cub_fighter,16,60194,2575 W Golf Rd,42.0451202,-88.1430159,1993-03-04,FALSE,imported
122,183,Corona,8066095605,8,5.99,FALSE,Hoffman Estates,cub_fighter,16,60194,2575 W Golf Rd,42.0451202,-88.1430159,1993-03-11,FALSE,imported
122,184,Corona,8066095605,8,5.99,FALSE,Hoffman Estates,cub_fighter,16,60194,2575 W Golf Rd,42.0451202,-88.1430159,1993-03-18,FALSE,imported
122,185,Corona,8066095605,4,5.99,FALSE,Hoffman Estates,cub_fighter,16,60194,2575 W Golf Rd,42.0451202,-88.1430159,1993-03-25,FALSE,imported
122,186,Corona,8066095605,6,5.99,FALSE,Hoffman Estates,cub_fighter,16,60194,2575 W Golf Rd,42.0451202,-88.1430159,1993-04-01,FALSE,imported
122,187,Corona,8066095605,3,5.99,FALSE,Hoffman Estates,cub_fighter,16,60194,2575 W Golf Rd,42.0451202,-88.1430159,1993-04-08,TRUE,imported
122,188,Corona,8066095605,6,5.99,FALSE,Hoffman Estates,cub_fighter,16,60194,2575 W Golf Rd,42.0451202,-88.1430159,1993-04-15,FALSE,imported
122,189,Corona,8066095605,4,5.99,FALSE,Hoffman Estates,cub_fighter,16,60194,2575 W Golf Rd,42.0451202,-88.1430159,1993-04-22,FALSE,imported
122,190,Corona,8066095605,28,4.49,TRUE,Hoffman Estates,cub_fighter,16,60194,2575 W Golf Rd,42.0451202,-88.1430159,1993-04-29,FALSE,imported
122,191,Corona,8066095605,8,5.99,FALSE,Hoffman Estates,cub_fighter,16,60194,2575 W Golf Rd,42.0451202,-88.1430159,1993-05-06,FALSE,imported
122,192,Corona,8066095605,7,5.99,FALSE,Hoffman Estates,cub_fighter,16,60194,2575 W Golf Rd,42.0451202,-88.1430159,1993-05-13,FALSE,imported
122,193,Corona,8066095605,10,5.99,FALSE,Hoffman Estates,cub_fighter,16,60194,2575 W Golf Rd,42.0451202,-88.1430159,1993-05-20,FALSE,imported
122,194,Corona,8066095605,15,5.99,FALSE,Hoffman Estates,cub_fighter,16,60194,2575 W Golf Rd,42.0451202,-88.1430159,1993-05-27,TRUE,imported
122,195,Corona,8066095605,15,5.99,FALSE,Hoffman Estates,cub_fighter,16,60194,2575 W Golf Rd,42.0451202,-88.1430159,1993-06-03,FALSE,imported
122,196,Corona,8066095605,8,5.99,FALSE,Hoffman Estates,cub_fighter,16,60194,2575 W Golf Rd,42.0451202,-88.1430159,1993-06-10,FALSE,imported
122,197,Corona,8066095605,18,4.99,FALSE,Hoffman Estates,cub_fighter,16,60194,2575 W Golf Rd,42.0451202,-88.1430159,1993-06-17,FALSE,imported
122,198,Corona,8066095605,13,4.99,FALSE,Hoffman Estates,cub_fighter,16,60194,2575 W Golf Rd,42.0451202,-88.1430159,1993-06-24,FALSE,imported
122,199,Corona,8066095605,8,5.99,FALSE,Hoffman Estates,cub_fighter,16,60194,2575 W Golf Rd,42.0451202,-88.1430159,1993-07-01,TRUE,imported
122,200,Corona,8066095605,13,5.99,FALSE,Hoffman Estates,cub_fighter,16,60194,2575 W Golf Rd,42.0451202,-88.1430159,1993-07-08,FALSE,imported
122,201,Corona,8066095605,9,5.99,FALSE,Hoffman Estates,cub_fighter,16,60194,2575 W Golf Rd,42.0451202,-88.1430159,1993-07-15,FALSE,imported
122,202,Corona,8066095605,10,5.99,FALSE,Hoffman Estates,cub_fighter,16,60194,2575 W Golf Rd,42.0451202,-88.1430159,1993-07-22,FALSE,imported
122,203,Corona,8066095605,11,5.99,FALSE,Hoffman Estates,cub_fighter,16,60194,2575 W Golf Rd,42.0451202,-88.1430159,1993-07-29,FALSE,imported
122,204,Corona,8066095605,19,5.99,FALSE,Hoffman Estates,cub_fighter,16,60194,2575 W Golf Rd,42.0451202,-88.1430159,1993-08-05,FALSE,imported
122,205,Corona,8066095605,5,4.49,FALSE,Hoffman Estates,cub_fighter,16,60194,2575 W Golf Rd,42.0451202,-88.1430159,1993-08-12,FALSE,imported
122,206,Corona,8066095605,19,4.49,FALSE,Hoffman Estates,cub_fighter,16,60194,2575 W Golf Rd,42.0451202,-88.1430159,1993-08-19,FALSE,imported
122,207,Corona,8066095605,5,5.99,FALSE,Hoffman Estates,cub_fighter,16,60194,2575 W Golf Rd,42.0451202,-88.1430159,1993-08-26,FALSE,imported
122,208,Corona,8066095605,8,5.99,FALSE,Hoffman Estates,cub_fighter,16,60194,2575 W Golf Rd,42.0451202,-88.1430159,1993-09-02,TRUE,imported
122,209,Corona,8066095605,4,5.99,FALSE,Hoffman Estates,cub_fighter,16,60194,2575 W Golf Rd,42.0451202,-88.1430159,1993-09-09,FALSE,imported
122,210,Corona,8066095605,8,5.99,FALSE,Hoffman Estates,cub_fighter,16,60194,2575 W Golf Rd,42.0451202,-88.1430159,1993-09-16,FALSE,imported
122,211,Corona,8066095605,5,5.99,FALSE,Hoffman Estates,cub_fighter,16,60194,2575 W Golf Rd,42.0451202,-88.1430159,1993-09-23,FALSE,imported
122,212,Corona,8066095605,4,5.99,FALSE,Hoffman Estates,cub_fighter,16,60194,2575 W Golf Rd,42.0451202,-88.1430159,1993-09-30,FALSE,imported
122,213,Corona,8066095605,4,5.99,FALSE,Hoffman Estates,cub_fighter,16,60194,2575 W Golf Rd,42.0451202,-88.1430159,1993-10-07,TRUE,imported
122,214,Corona,8066095605,4,5.99,FALSE,Hoffman Estates,cub_fighter,16,60194,2575 W Golf Rd,42.0451202,-88.1430159,1993-10-14,FALSE,imported
122,215,Corona,8066095605,8,5.99,FALSE,Hoffman Estates,cub_fighter,16,60194,2575 W Golf Rd,42.0451202,-88.1430159,1993-10-21,FALSE,imported
122,216,Corona,8066095605,14,5.99,FALSE,Hoffman Estates,cub_fighter,16,60194,2575 W Golf Rd,42.0451202,-88.1430159,1993-10-28,TRUE,imported
122,217,Corona,8066095605,3,5.99,FALSE,Hoffman Estates,cub_fighter,16,60194,2575 W Golf Rd,42.0451202,-88.1430159,1993-11-04,FALSE,imported
122,218,Corona,8066095605,5,5.99,FALSE,Hoffman Estates,cub_fighter,16,60194,2575 W Golf Rd,42.0451202,-88.1430159,1993-11-11,TRUE,imported
122,220,Corona,8066095605,9,5.99,FALSE,Hoffman Estates,cub_fighter,16,60194,2575 W Golf Rd,42.0451202,-88.1430159,1993-11-25,TRUE,imported
122,221,Corona,8066095605,12,4.49,FALSE,Hoffman Estates,cub_fighter,16,60194,2575 W Golf Rd,42.0451202,-88.1430159,1993-12-02,FALSE,imported
122,222,Corona,8066095605,13,4.49,FALSE,Hoffman Estates,cub_fighter,16,60194,2575 W Golf Rd,42.0451202,-88.1430159,1993-12-09,FALSE,imported
122,223,Corona,8066095605,4,5.99,FALSE,Hoffman Estates,cub_fighter,16,60194,2575 W Golf Rd,42.0451202,-88.1430159,1993-12-16,FALSE,imported
122,91,Lowenbrau,3410021505,11,3.99,FALSE,Hoffman Estates,cub_fighter,16,60194,2575 W Golf Rd,42.0451202,-88.1430159,1991-06-06,FALSE,imported
122,92,Lowenbrau,3410021505,25,3.99,FALSE,Hoffman Estates,cub_fighter,16,60194,2575 W Golf Rd,42.0451202,-88.1430159,1991-06-13,FALSE,imported
122,93,Lowenbrau,3410021505,36,3.49,FALSE,Hoffman Estates,cub_fighter,16,60194,2575 W Golf Rd,42.0451202,-88.1430159,1991-06-20,FALSE,imported
122,94,Lowenbrau,3410021505,21,3.49,FALSE,Hoffman Estates,cub_fighter,16,60194,2575 W Golf Rd,42.0451202,-88.1430159,1991-06-27,FALSE,imported
122,95,Lowenbrau,3410021505,24,3.99,FALSE,Hoffman Estates,cub_fighter,16,60194,2575 W Golf Rd,42.0451202,-88.1430159,1991-07-04,TRUE,imported
