data/beer.csv
store,week,brand,upc,qty,price,sales_indicator,city,price_tier,zone,zip,address,latitude,longtitude,start_of_week,is_holiday_week,imported
122,96,Lowenbrau,3410021505,19,3.99,FALSE,Hoffman Estates,cub_fighter,16,60194,2575 W Golf Rd,42.0451202,-88.1430159,1991-07-11,FALSE,imported
122,97,Lowenbrau,3410021505,15,3.99,FALSE,Hoffman Estates,cub_fighter,16,60194,2575 W Golf Rd,42.0451202,-88.1430159,1991-07-18,FALSE,imported
122,98,Lowenbrau,3410021505,33,3.49,FALSE,Hoffman Estates,cub_fighter,16,60194,2575 W Golf Rd,42.0451202,-88.1430159,1991-07-25,FALSE,imported
122,99,Lowenbrau,3410021505,40,3.49,FALSE,Hoffman Estates,cub_fighter,16,60194,2575 W Golf Rd,42.0451202,-88.1430159,1991-08-01,FALSE,imported
122,100,Lowenbrau,3410021505,23,3.99,FALSE,Hoffman Estates,cub_fighter,16,60194,2575 W Golf Rd,42.0451202,-88.1430159,1991-08-08,FALSE,imported
122,101,Lowenbrau,3410021505,17,3.75,FALSE,Hoffman Estates,cub_fighter,16,60194,2575 W Golf Rd,42.0451202,-88.1430159,1991-08-15,FALSE,imported
122,102,Lowenbrau,3410021505,37,3.49,FALSE,Hoffman Estates,cub_fighter,16,60194,2575 W Golf Rd,42.0451202,-88.1430159,1991-08-22,FALSE,imported
122,103,Lowenbrau,3410021505,26,3.49,FALSE,Hoffman Estates,cub_fighter,16,60194,2575 W Golf Rd,42.0451202,-88.1430159,1991-08-29,TRUE,imported
122,104,Lowenbrau,3410021505,20,3.99,FALSE,Hoffman Estates,cub_fighter,16,60194,2575 W Golf Rd,42.0451202,-88.1430159,1991-09-05,FALSE,imported
122,105,Lowenbrau,3410021505,12,3.99,FALSE,Hoffman Estates,cub_fighter,16,60194,2575 W Golf Rd,42.0451202,-88.1430159,1991-09-12,FALSE,imported
122,106,Lowenbrau,3410021505,20,3.99,FALSE,Hoffman Estates,cub_fighter,16,60194,2575 W Golf Rd,42.0451202,-88.1430159,1991-09-19,FALSE,imported
122,107,Lowenbrau,3410021505,47,3.29,FALSE,Hoffman Estates,cub_fighter,16,60194,2575 W Golf Rd,42.0451202,-88.1430159,1991-09-26,FALSE,imported
122,108,Lowenbrau,3410021505,39,3.29,FALSE,Hoffman Estates,cub_fighter,16,60194,2575 W Golf Rd,42.0451202,-88.1430159,1991-10-03,FALSE,imported
122,109,Lowenbrau,3410021505,17,3.99,FALSE,Hoffman Estates,cub_fighter,16,60194,2575 W Golf Rd,42.0451202,-88.1430159,1991-10-10,TRUE,imported
122,110,Lowenbrau,3410021505,9,3.99,FALSE,Hoffman Estates,cub_fighter,16,60194,2575 W Golf Rd,42.0451202,-88.1430159,1991-10-17,FALSE,imported
122,111,Lowenbrau,3410021505,5,3.99,FALSE,Hoffman Estates,cub_fighter,16,60194,2575 W Golf Rd,42.0451202,-88.1430159,1991-10-24,FALSE,imported
122,112,Lowenbrau,3410021505,28,3.29,FALSE,Hoffman Estates,cub_fighter,16,60194,2575 W Golf Rd,42.0451202,-88.1430159,1991-10-31,TRUE,imported
122,113,Lowenbrau,3410021505,29,3.29,FALSE,Hoffman Estates,cub_fighter,16,60194,2575 W Golf Rd,42.0451202,-88.1430159,1991-11-07,TRUE,imported
122,114,Lowenbrau,3410021505,11,3.99,FALSE,Hoffman Estates,cub_fighter,16,60194,2575 W Golf Rd,42.0451202,-88.1430159,1991-11-14,FALSE,imported
122,115,Lowenbrau,3410021505,13,3.99,FALSE,Hoffman Estates,cub_fighter,16,60194,2575 W Golf Rd,42.0451202,-88.1430159,1991-11-21,FALSE,imported
122,116,Lowenbrau,3410021505,40,3.29,FALSE,Hoffman Estates,cub_fighter,16,60194,2575 W Golf Rd,42.0451202,-88.1430159,1991-11-28,TRUE,imported
122,117,Lowenbrau,3410021505,18,3.29,FALSE,Hoffman Estates,cub_fighter,16,60194,2575 W Golf Rd,42.0451202,-88.1430159,1991-12-05,FALSE,imported
122,118,Lowenbrau,3410021505,12,3.99,FALSE,Hoffman Estates,cub_fighter,16,60194,2575 W Golf Rd,42.0451202,-88.1430159,1991-12-12,FALSE,imported
122,119,Lowenbrau,3410021505,18,3.99,FALSE,Hoffman Estates,cub_fighter,16,60194,2575 W Golf Rd,42.0451202,-88.1430159,1991-12-19,TRUE,imported
122,120,Lowenbrau,3410021505,23,3.29,FALSE,Hoffman Estates,cub_fighter,16,60194,2575 W Golf Rd,42.0451202,-88.1430159,1991-12-26,TRUE,imported
122,121,Lowenbrau,3410021505,39,3.29,FALSE,Hoffman Estates,cub_fighter,16,60194,2575 W Golf Rd,42.0451202,-88.1430159,1992-01-02,FALSE,imported
122,122,Lowenbrau,3410021505,9,3.99,FALSE,Hoffman Estates,cub_fighter,16,60194,2575 W Golf Rd,42.0451202,-88.1430159,1992-01-09,FALSE,imported
122,123,Lowenbrau,3410021505,10,4.29,FALSE,Hoffman Estates,cub_fighter,16,60194,2575 W Golf Rd,42.0451202,-88.1430159,1992-01-16,TRUE,imported
122,124,Lowenbrau,3410021505,31,3.49,FALSE,Hoffman Estates,cub_fighter,16,60194,2575 W Golf Rd,42.0451202,-88.1430159,1992-01-23,FALSE,imported
122,125,Lowenbrau,3410021505,36,3.49,FALSE,Hoffman Estates,cub_fighter,16,60194,2575 W Golf Rd,42.0451202,-88.1430159,1992-01-30,FALSE,imported
122,126,Lowenbrau,3410021505,48,3.49,FALSE,Hoffman Estates,cub_fighter,16,60194,2575 W Golf Rd,42.0451202,-88.1430159,1992-02-06,TRUE,imported
122,127,Lowenbrau,3410021505,8,4.29,FALSE,Hoffman Estates,cub_fighter,16,60194,2575 W Golf Rd,42.0451202,-88.1430159,1992-02-13,TRUE,imported
122,128,Lowenbrau,3410021505,11,4.29,FALSE,Hoffman Estates,cub_fighter,16,60194,2575 W Golf Rd,42.0451202,-88.1430159,1992-02-20,TRUE,imported
122,129,Lowenbrau,3410021505,35,3.49,FALSE,Hoffman Estates,cub_fighter,16,60194,2575 W Golf Rd,42.0451202,-88.1430159,1992-02-27,TRUE,imported
122,130,Lowenbrau,3410021505,54,3.49,FALSE,Hoffman Estates,cub_fighter,16,60194,2575 W Golf Rd,42.0451202,-88.1430159,1992-03-05,FALSE,imported
122,131,Lowenbrau,3410021505,5,4.29,FALSE,Hoffman Estates,cub_fighter,16,60194,2575 W Golf Rd,42.0451202,-88.1430159,1992-03-12,FALSE,imported
122,132,Lowenbrau,3410021505,4,4.29,FALSE,Hoffman Estates,cub_fighter,16,60194,2575 W Golf Rd,42.0451202,-88.1430159,1992-03-19,FALSE,imported
122,133,Lowenbrau,3410021505,37,3.49,FALSE,Hoffman Estates,cub_fighter,16,60194,2575 W Golf Rd,42.0451202,-88.1430159,1992-03-26,FALSE,imported
122,134,Lowenbrau,3410021505,44,3.49,FALSE,Hoffman Estates,cub_fighter,16,60194,2575 W Golf Rd,42.0451202,-88.1430159,1992-04-02,FALSE,imported
122,135,Lowenbrau,3410021505,14,4.29,FALSE,Hoffman Estates,cub_fighter,16,60194,2575 W Golf Rd,42.0451202,-88.1430159,1992-04-09,FALSE,imported
122,136,Lowenbrau,3410021505,10,4.29,FALSE,Hoffman Estates,cub_fighter,16,60194,2575 W Golf Rd,42.0451202,-88.1430159,1992-04-16,TRUE,imported
122,137,Lowenbrau,3410021505,33,3.49,FALSE,Hoffman Estates,cub_fighter,16,60194,2575 W Golf Rd,42.0451202,-88.1430159,1992-04-23,FALSE,imported
122,138,Lowenbrau,3410021505,34,3.49,FALSE,Hoffman Estates,cub_fighter,16,60194,2575 W Golf Rd,42.0451202,-88.1430159,1992-04-30,FALSE,imported
122,139,Lowenbrau,3410021505,13,4.29,FALSE,Hoffman Estates,cub_fighter,16,60194,2575 W Golf Rd,42.0451202,-88.1430159,1992-05-07,FALSE,imported
122,140,Lowenbrau,3410021505,8,4.29,FALSE,Hoffman Estates,cub_fighter,16,60194,2575 W Golf Rd,42.0451202,-88.1430159,1992-05-14,FALSE,imported
122,141,Lowenbrau,3410021505,12,4.29,FALSE,Hoffman Estates,cub_fighter,16,60194,2575 W Golf Rd,42.0451202,-88.1430159,1992-05-21,TRUE,imported
122,142,Lowenbrau,3410021505,38,3.49,FALSE,Hoffman Estates,cub_fighter,16,60194,2575 W Golf Rd,42.0451202,-88.1430159,1992-05-28,TRUE,imported
122,143,Lowenbrau,3410021505,49,3.49,FALSE,Hoffman Estates,cub_fighter,16,60194,2575 W Golf Rd,42.0451202,-88.1430159,1992-06-04,FALSE,imported
122,144,Lowenbrau,3410021505,16,4.29,FALSE,Hoffman Estates,cub_fighter,16,60194,2575 W Golf Rd,42.0451202,-88.1430159,1992-06-11,FALSE,imported
122,145,Lowenbrau,3410021505,7,4.29,FALSE,Hoffman Estates,cub_fighter,16,60194,2575 W Golf Rd,42.0451202,-88.1430159,1992-06-18,FALSE,imported
122,146,Lowenbrau,3410021505,26,3.29,FALSE,Hoffman Estates,cub_fighter,16,60194,2575 W Golf Rd,42.0451202,-88.1430159,1992-06-25,FALSE,imported
122,147,Lowenbrau,3410021505,27,3.29,FALSE,Hoffman Estates,cub_fighter,16,60194,2575 W Golf Rd,42.0451202,-88.1430159,1992-07-02,TRUE,imported
122,148,Lowenbrau,3410021505,9,4.29,FALSE,Hoffman Estates,cub_fighter,16,60194,2575 W Golf Rd,42.0451202,-88.1430159,1992-07-09,FALSE,imported
122,149,Lowenbrau,3410021505,14,4.29,FALSE,Hoffman Estates,cub_fighter,16,60194,2575 W Golf Rd,42.0451202,-88.1430159,1992-07-16,FALSE,imported
122,150,Lowenbrau,3410021505,22,3.49,FALSE,Hoffman Estates,cub_fighter,16,60194,2575 W Golf Rd,42.0451202,-88.1430159,1992-07-23,FALSE,imported
122,151,Lowenbrau,3410021505,25,3.49,FALSE,Hoffman Estates,cub_fighter,16,60194,2575 W Golf Rd,42.0451202,-88.1430159,1992-07-30,FALSE,imported
122,152,Lowenbrau,3410021505,19,3.49,TRUE,Hoffman Estates,cub_fighter,16,60194,2575 W Golf Rd,42.0451202,-88.1430159,1992-08-06,FALSE,imported
122,153,Lowenbrau,3410021505,15,4.29,FALSE,Hoffman Estates,cub_fighter,16,60194,2575 W Golf Rd,42.0451202,-88.1430159,1992-08-13,FALSE,imported
122,154,Lowenbrau,3410021505,31,3.49,FALSE,Hoffman Estates,cub_fighter,16,60194,2575 W Golf Rd,42.0451202,-88.1430159,1992-08-20,FALSE,imported
122,155,Lowenbrau,3410021505,23,3.49,FALSE,Hoffman Estates,cub_fighter,16,60194,2575 W Golf Rd,42.0451202,-88.1430159,1992-08-27,FALSE,imported
122,156,Lowenbrau,3410021505,15,4.29,FALSE,Hoffman Estates,cub_fighter,16,60194,2575 W Golf Rd,42.0451202,-88.1430159,1992-09-03,TRUE,imported
122,157,Lowenbrau,3410021505,6,4.29,FALSE,Hoffman Estates,cub_fighter,16,60194,2575 W Golf Rd,42.0451202,-88.1430159,1992-09-10,FALSE,imported
122,158,Lowenbrau,3410021505,10,4.29,FALSE,Hoffman Estates,cub_fighter,16,60194,2575 W Golf Rd,42.0451202,-88.1430159,1992-09-17,FALSE,imported
122,159,Lowenbrau,3410021505,22,3.49,FALSE,Hoffman Estates,cub_fighter,16,60194,2575 W Golf Rd,42.0451202,-88.1430159,1992-09-24,FALSE,imported
122,160,Lowenbrau,3410021505,23,3.49,FALSE,Hoffman Estates,cub_fighter,16,60194,2575 W Golf Rd,42.0451202,-88.1430159,1992-10-01,FALSE,imported
122,161,Lowenbrau,3410021505,10,4.29,FALSE,Hoffman Estates,cub_fighter,16,60194,2575 W Golf Rd,42.0451202,-88.1430159,1992-10-08,TRUE,imported
122,162,Lowenbrau,3410021505,7,4.29,FALSE,Hoffman Estates,cub_fighter,16,60194,2575 W Golf Rd,42.0451202,-88.1430159,1992-10-15,FALSE,imported
122,163,Lowenbrau,3410021505,10,4.29,FALSE,Hoffman Estates,cub_fighter,16,60194,2575 W Golf Rd,42.0451202,-88.1430159,1992-10-22,FALSE,imported
122,164,Lowenbrau,3410021505,24,3.29,FALSE,Hoffman Estates,cub_fighter,16,60194,2575 W Golf Rd,42.0451202,-88.1430159,1992-10-29,TRUE,imported
122,165,Lowenbrau,3410021505,33,3.29,FALSE,Hoffman Estates,cub_fighter,16,60194,2575 W Golf Rd,42.0451202,-88.1430159,1992-11-05,TRUE,imported
122,166,Lowenbrau,3410021505,10,4.29,FALSE,Hoffman Estates,cub_fighter,16,60194,2575 W Golf Rd,42.0451202,-88.1430159,1992-11-12,FALSE,imported
122,167,Lowenbrau,3410021505,24,3.49,FALSE,Hoffman Estates,cub_fighter,16,60194,2575 W Golf Rd,42.0451202,-88.1430159,1992-11-19,FALSE,imported
122,168,Lowenbrau,3410021505,24,3.49,FALSE,Hoffman Estates,cub_fighter,16,60194,2575 W Golf Rd,42.0451202,-88.1430159,1992-11-26,TRUE,imported
122,169,Lowenbrau,3410021505,13,4.16,FALSE,Hoffman Estates,cub_fighter,16,60194,2575 W Golf Rd,42.0451202,-88.1430159,1992-12-03,FALSE,imported
122,170,Lowenbrau,3410021505,3,4.29,FALSE,Hoffman Estates,cub_fighter,16,60194,2575 W Golf Rd,42.0451202,-88.1430159,1992-12-10,FALSE,imported
122,171,Lowenbrau,3410021505,19,3.82,FALSE,Hoffman Estates,cub_fighter,16,60194,2575 W Golf Rd,42.0451202,-88.1430159,1992-12-17,FALSE,imported
122,172,Lowenbrau,3410021505,16,3.49,FALSE,Hoffman Estates,cub_fighter,16,60194,2575 W Golf Rd,42.0451202,-88.1430159,1992-12-24,TRUE,imported
122,173,Lowenbrau,3410021505,27,3.49,FALSE,Hoffman Estates,cub_fighter,16,60194,2575 W Golf Rd,42.0451202,-88.1430159,1992-12-31,TRUE,imported
122,174,Lowenbrau,3410021505,4,4.29,FALSE,Hoffman Estates,cub_fighter,16,60194,2575 W Golf Rd,42.0451202,-88.1430159,1993-01-07,FALSE,imported
122,176,Lowenbrau,3410021505,6,4.29,FALSE,Hoffman Estates,cub_fighter,16,60194,2575 W Golf Rd,42.0451202,-88.1430159,1993-01-21,FALSE,imported
122,177,Lowenbrau,3410021505,6,4.29,FALSE,Hoffman Estates,cub_fighter,16,60194,2575 W Golf Rd,42.0451202,-88.1430159,1993-01-28,FALSE,imported
122,178,Lowenbrau,3410021505,9,4.29,FALSE,Hoffman Estates,cub_fighter,16,60194,2575 W Golf Rd,42.0451202,-88.1430159,1993-02-04,FALSE,imported
122,179,Lowenbrau,3410021505,4,4.29,FALSE,Hoffman Estates,cub_fighter,16,60194,2575 W Golf Rd,42.0451202,-88.1430159,1993-02-11,TRUE,imported
122,180,Lowenbrau,3410021505,4,4.29,FALSE,Hoffman Estates,cub_fighter,16,60194,2575 W Golf Rd,42.0451202,-88.1430159,1993-02-18,TRUE,imported
122,181,Lowenbrau,3410021505,2,4.29,FALSE,Hoffman Estates,cub_fighter,16,60194,2575 W Golf Rd,42.0451202,-88.1430159,1993-02-25,TRUE,imported
122,182,Lowenbrau,3410021505,15,3.49,FALSE,Hoffman Estates,cub_fighter,16,60194,2575 W Golf Rd,42.0451202,-88.1430159,1993-03-04,FALSE,imported
122,183,Lowenbrau,3410021505,10,3.49,FALSE,Hoffman Estates,cub_fighter,16,60194,2575 W Golf Rd,42.0451202,-88.1430159,1993-03-11,FALSE,imported
122,184,Lowenbrau,3410021505,5,4.29,FALSE,Hoffman Estates,cub_fighter,16,60194,2575 W Golf Rd,42.0451202,-88.1430159,1993-03-18,FALSE,imported
122,185,Lowenbrau,3410021505,3,4.29,FALSE,Hoffman Estates,cub_fighter,16,60194,2575 W Golf Rd,42.0451202,-88.1430159,1993-03-25,FALSE,imported
122,186,Lowenbrau,3410021505,38,3.29,FALSE,Hoffman Estates,cub_fighter,16,60194,2575 W Golf Rd,42.0451202,-88.1430159,1993-04-01,FALSE,imported
122,187,Lowenbrau,3410021505,37,3.29,FALSE,Hoffman Estates,cub_fighter,16,60194,2575 W Golf Rd,42.0451202,-88.1430159,1993-04-08,TRUE,imported
122,188,Lowenbrau,3410021505,7,4.29,FALSE,Hoffman Estates,cub_fighter,16,60194,2575 W Golf Rd,42.0451202,-88.1430159,1993-04-15,FALSE,imported
122,189,Lowenbrau,3410021505,8,4.29,FALSE,Hoffman Estates,cub_fighter,16,60194,2575 W Golf Rd,42.0451202,-88.1430159,1993-04-22,FALSE,imported
122,190,Lowenbrau,3410021505,15,4.29,FALSE,Hoffman Estates,cub_fighter,16,60194,2575 W Golf Rd,42.0451202,-88.1430159,1993-04-29,FALSE,imported
122,191,Lowenbrau,3410021505,11,4.29,FALSE,Hoffman Estates,cub_fighter,16,60194,2575 W Golf Rd,42.0451202,-88.1430159,1993-05-06,FALSE,imported
122,192,Lowenbrau,3410021505,1,4.29,FALSE,Hoffman Estates,cub_fighter,16,60194,2575 W Golf Rd,42.0451202,-88.1430159,1993-05-13,FALSE,imported
122,193,Lowenbrau,3410021505,21,3.49,FALSE,Hoffman Estates,cub_fighter,16,60194,2575 W Golf Rd,42.0451202,-88.1430159,1993-05-20,FALSE,imported
122,194,Lowenbrau,3410021505,26,3.49,FALSE,Hoffman Estates,cub_fighter,16,60194,2575 W Golf Rd,42.0451202,-88.1430159,1993-05-27,TRUE,imported
122,195,Lowenbrau,3410021505,5,4.29,FALSE,Hoffman Estates,cub_fighter,16,60194,2575 W Golf Rd,42.0451202,-88.1430159,1993-06-03,FALSE,imported
122,196,Lowenbrau,3410021505,9,4.29,FALSE,Hoffman Estates,cub_fighter,16,60194,2575 W Golf Rd,42.0451202,-88.1430159,1993-06-10,FALSE,imported
122,197,Lowenbrau,3410021505,9,4.29,FALSE,Hoffman Estates,cub_fighter,16,60194,2575 W Golf Rd,42.0451202,-88.1430159,1993-06-17,FALSE,imported
122,198,Lowenbrau,3410021505,8,4.29,FALSE,Hoffman Estates,cub_fighter,16,60194,2575 W Golf Rd,42.0451202,-88.1430159,1993-06-24,FALSE,imported
122,199,Lowenbrau,3410021505,5,4.29,FALSE,Hoffman Estates,cub_fighter,16,60194,2575 W Golf Rd,42.0451202,-88.1430159,1993-07-01,TRUE,imported
122,200,Lowenbrau,3410021505,10,4.29,FALSE,Hoffman Estates,cub_fighter,16,60194,2575 W Golf Rd,42.0451202,-88.1430159,1993-07-08,FALSE,imported
122,201,Lowenbrau,3410021505,7,4.29,FALSE,Hoffman Estates,cub_fighter,16,60194,2575 W Golf Rd,42.0451202,-88.1430159,1993-07-15,FALSE,imported
122,202,Lowenbrau,3410021505,7,4.29,FALSE,Hoffman Estates,cub_fighter,16,60194,2575 W Golf Rd,42.0451202,-88.1430159,1993-07-22,FALSE,imported
122,203,Lowenbrau,3410021505,4,4.29,FALSE,Hoffman Estates,cub_fighter,16,60194,2575 W Golf Rd,42.0451202,-88.1430159,1993-07-29,FALSE,imported
122,204,Lowenbrau,3410021505,15,4.29,FALSE,Hoffman Estates,cub_fighter,16,60194,2575 W Golf Rd,42.0451202,-88.1430159,1993-08-05,FALSE,imported
122,205,Lowenbrau,3410021505,6,4.29,FALSE,Hoffman Estates,cub_fighter,16,60194,2575 W Golf Rd,42.0451202,-88.1430159,1993-08-12,FALSE,imported
122,206,Lowenbrau,3410021505,3,4.29,FALSE,Hoffman Estates,cub_fighter,16,60194,2575 W Golf Rd,42.0451202,-88.1430159,1993-08-19,FALSE,imported
122,207,Lowenbrau,3410021505,7,4.29,FALSE,Hoffman Estates,cub_fighter,16,60194,2575 W Golf Rd,42.0451202,-88.1430159,1993-08-26,FALSE,imported
122,208,Lowenbrau,3410021505,7,4.29,FALSE,Hoffman Estates,cub_fighter,16,60194,2575 W Golf Rd,42.0451202,-88.1430159,1993-09-02,TRUE,imported
122,209,Lowenbrau,3410021505,5,4.29,FALSE,Hoffman Estates,cub_fighter,16,60194,2575 W Golf Rd,42.0451202,-88.1430159,1993-09-09,FALSE,imported
122,210,Lowenbrau,3410021505,8,4.29,FALSE,Hoffman Estates,cub_fighter,16,60194,2575 W Golf Rd,42.0451202,-88.1430159,1993-09-16,FALSE,imported
122,211,Lowenbrau,3410021505,8,4.29,FALSE,Hoffman Estates,cub_fighter,16,60194,2575 W Golf Rd,42.0451202,-88.1430159,1993-09-23,FALSE,imported
122,212,Lowenbrau,3410021505,10,4.29,FALSE,Hoffman Estates,cub_fighter,16,60194,2575 W Golf Rd,42.0451202,-88.1430159,1993-09-30,FALSE,imported
122,213,Lowenbrau,3410021505,18,3.49,FALSE,Hoffman Estates,cub_fighter,16,60194,2575 W Golf Rd,42.0451202,-88.1430159,1993-10-07,TRUE,imported
122,214,Lowenbrau,3410021505,22,3.49,FALSE,Hoffman Estates,cub_fighter,16,60194,2575 W Golf Rd,42.0451202,-88.1430159,1993-10-14,FALSE,imported
122,215,Lowenbrau,3410021505,7,4.29,FALSE,Hoffman Estates,cub_fighter,16,60194,2575 W Golf Rd,42.0451202,-88.1430159,1993-10-21,FALSE,imported
122,216,Lowenbrau,3410021505,6,4.29,FALSE,Hoffman Estates,cub_fighter,16,60194,2575 W Golf Rd,42.0451202,-88.1430159,1993-10-28,TRUE,imported
122,217,Lowenbrau,3410021505,12,4.29,FALSE,Hoffman Estates,cub_fighter,16,60194,2575 W Golf Rd,42.0451202,-88.1430159,1993-11-04,FALSE,imported
122,218,Lowenbrau,3410021505,9,4.29,FALSE,Hoffman Estates,cub_fighter,16,60194,2575 W Golf Rd,42.0451202,-88.1430159,1993-11-11,TRUE,imported
122,220,Lowenbrau,3410021505,7,4.29,FALSE,Hoffman Estates,cub_fighter,16,60194,2575 W Golf Rd,42.0451202,-88.1430159,1993-11-25,TRUE,imported
122,221,Lowenbrau,3410021505,5,4.29,FALSE,Hoffman Estates,cub_fighter,16,60194,2575 W Golf Rd,42.0451202,-88.1430159,1993-12-02,FALSE,imported
122,222,Lowenbrau,3410021505,16,4.29,FALSE,Hoffman Estates,cub_fighter,16,60194,2575 W Golf Rd,42.0451202,-88.1430159,1993-12-09,FALSE,imported
122,223,Lowenbrau,3410021505,3,4.29,FALSE,Hoffman Estates,cub_fighter,16,60194,2575 W Golf Rd,42.0451202,-88.1430159,1993-12-16,FALSE,imported
