data/beer.csv
store,week,brand,upc,qty,price,sales_indicator,city,price_tier,zone,zip,address,latitude,longtitude,start_of_week,is_holiday_week,imported
122,91,Miller,3410000554,35,3.69,FALSE,Hoffman Estates,cub_fighter,16,60194,2575 W Golf Rd,42.0451202,-88.1430159,1991-06-06,FALSE,domestic
122,92,Miller,3410000554,109,2.99,FALSE,Hoffman Estates,cub_fighter,16,60194,2575 W Golf Rd,42.0451202,-88.1430159,1991-06-13,FALSE,domestic
122,93,Miller,3410000554,75,2.99,FALSE,Hoffman Estates,cub_fighter,16,60194,2575 W Golf Rd,42.0451202,-88.1430159,1991-06-20,FALSE,domestic
122,94,Miller,3410000554,47,3.69,FALSE,Hoffman Estates,cub_fighter,16,60194,2575 W Golf Rd,42.0451202,-88.1430159,1991-06-27,FALSE,domestic
122,95,Miller,3410000554,30,3.69,FALSE,Hoffman Estates,cub_fighter,16,60194,2575 W Golf Rd,42.0451202,-88.1430159,1991-07-04,TRUE,domestic
122,96,Miller,3410000554,46,3.69,FALSE,Hoffman Estates,cub_fighter,16,60194,2575 W Golf Rd,42.0451202,-88.1430159,1991-07-11,FALSE,domestic
122,97,Miller,3410000554,27,3.69,FALSE,Hoffman Estates,cub_fighter,16,60194,2575 W Golf Rd,42.0451202,-88.1430159,1991-07-18,FALSE,domestic
122,98,Miller,3410000554,29,3.69,FALSE,Hoffman Estates,cub_fighter,16,60194,2575 W Golf Rd,42.0451202,-88.1430159,1991-07-25,FALSE,domestic
122,99,Miller,3410000554,52,2.99,FALSE,Hoffman Estates,cub_fighter,16,60194,2575 W Golf Rd,42.0451202,-88.1430159,1991-08-01,FALSE,domestic
122,100,Miller,3410000554,55,2.99,FALSE,Hoffman Estates,cub_fighter,16,60194,2575 W Golf Rd,42.0451202,-88.1430159,1991-08-08,FALSE,domestic
122,101,Miller,3410000554,20,3.59,FALSE,Hoffman Estates,cub_fighter,16,60194,2575 W Golf Rd,42.0451202,-88.1430159,1991-08-15,FALSE,domestic
122,102,Miller,3410000554,33,3.59,FALSE,Hoffman Estates,cub_fighter,16,60194,2575 W Golf Rd,42.0451202,-88.1430159,1991-08-22,FALSE,domestic
122,103,Miller,3410000554,18,3.59,FALSE,Hoffman Estates,cub_fighter,16,60194,2575 W Golf Rd,42.0451202,-88.1430159,1991-08-29,TRUE,domestic
122,104,Miller,3410000554,21,3.59,FALSE,Hoffman Estates,cub_fighter,16,60194,2575 W Golf Rd,42.0451202,-88.1430159,1991-09-05,FALSE,domestic
122,105,Miller,3410000554,125,2.99,FALSE,Hoffman Estates,cub_fighter,16,60194,2575 W Golf Rd,42.0451202,-88.1430159,1991-09-12,FALSE,domestic
122,106,Miller,3410000554,133,2.99,FALSE,Hoffman Estates,cub_fighter,16,60194,2575 W Golf Rd,42.0451202,-88.1430159,1991-09-19,FALSE,domestic
122,107,Miller,3410000554,28,3.56,FALSE,Hoffman Estates,cub_fighter,16,60194,2575 W Golf Rd,42.0451202,-88.1430159,1991-09-26,FALSE,domestic
122,108,Miller,3410000554,17,3.49,FALSE,Hoffman Estates,cub_fighter,16,60194,2575 W Golf Rd,42.0451202,-88.1430159,1991-10-03,FALSE,domestic
122,109,Miller,3410000554,32,3.49,FALSE,Hoffman Estates,cub_fighter,16,60194,2575 W Golf Rd,42.0451202,-88.1430159,1991-10-10,TRUE,domestic
122,110,Miller,3410000554,25,3.49,FALSE,Hoffman Estates,cub_fighter,16,60194,2575 W Golf Rd,42.0451202,-88.1430159,1991-10-17,FALSE,domestic
122,111,Miller,3410000554,29,3.49,FALSE,Hoffman Estates,cub_fighter,16,60194,2575 W Golf Rd,42.0451202,-88.1430159,1991-10-24,FALSE,domestic
122,112,Miller,3410000554,33,3.49,FALSE,Hoffman Estates,cub_fighter,16,60194,2575 W Golf Rd,42.0451202,-88.1430159,1991-10-31,TRUE,domestic
122,113,Miller,3410000554,21,3.49,FALSE,Hoffman Estates,cub_fighter,16,60194,2575 W Golf Rd,42.0451202,-88.1430159,1991-11-07,TRUE,domestic
122,114,Miller,3410000554,25,3.49,FALSE,Hoffman Estates,cub_fighter,16,60194,2575 W Golf Rd,42.0451202,-88.1430159,1991-11-14,FALSE,domestic
122,115,Miller,3410000554,24,3.49,FALSE,Hoffman Estates,cub_fighter,16,60194,2575 W Golf Rd,42.0451202,-88.1430159,1991-11-21,FALSE,domestic
122,116,Miller,3410000554,21,3.49,FALSE,Hoffman Estates,cub_fighter,16,60194,2575 W Golf Rd,42.0451202,-88.1430159,1991-11-28,TRUE,domestic
122,117,Miller,3410000554,14,3.49,FALSE,Hoffman Estates,cub_fighter,16,60194,2575 W Golf Rd,42.0451202,-88.1430159,1991-12-05,FALSE,domestic
122,118,Miller,3410000554,47,2.99,FALSE,Hoffman Estates,cub_fighter,16,60194,2575 W Golf Rd,42.0451202,-88.1430159,1991-12-12,FALSE,domestic
122,119,Miller,3410000554,30,2.99,FALSE,Hoffman Estates,cub_fighter,16,60194,2575 W Golf Rd,42.0451202,-88.1430159,1991-12-19,TRUE,domestic
122,120,Miller,3410000554,27,3.49,FALSE,Hoffman Estates,cub_fighter,16,60194,2575 W Golf Rd,42.0451202,-88.1430159,1991-12-26,TRUE,domestic
122,121,Miller,3410000554,31,3.49,FALSE,Hoffman Estates,cub_fighter,16,60194,2575 W Golf Rd,42.0451202,-88.1430159,1992-01-02,FALSE,domestic
122,122,Miller,3410000554,19,3.56,FALSE,Hoffman Estates,cub_fighter,16,60194,2575 W Golf Rd,42.0451202,-88.1430159,1992-01-09,FALSE,domestic
122,123,Miller,3410000554,30,3.79,FALSE,Hoffman Estates,cub_fighter,16,60194,2575 W Golf Rd,42.0451202,-88.1430159,1992-01-16,TRUE,domestic
122,124,Miller,3410000554,22,3.79,FALSE,Hoffman Estates,cub_fighter,16,60194,2575 W Golf Rd,42.0451202,-88.1430159,1992-01-23,FALSE,domestic
122,125,Miller,3410000554,20,3.79,FALSE,Hoffman Estates,cub_fighter,16,60194,2575 W Golf Rd,42.0451202,-88.1430159,1992-01-30,FALSE,domestic
122,126,Miller,3410000554,34,3.19,FALSE,Hoffman Estates,cub_fighter,16,60194,2575 W Golf Rd,42.0451202,-88.1430159,1992-02-06,TRUE,domestic
122,127,Miller,3410000554,46,3.19,FALSE,Hoffman Estates,cub_fighter,16,60194,2575 W Golf Rd,42.0451202,-88.1430159,1992-02-13,TRUE,domestic
122,128,Miller,3410000554,26,3.69,FALSE,Hoffman Estates,cub_fighter,16,60194,2575 W Golf Rd,42.0451202,-88.1430159,1992-02-20,TRUE,domestic
122,129,Miller,3410000554,15,3.69,FALSE,Hoffman Estates,cub_fighter,16,60194,2575 W Golf Rd,42.0451202,-88.1430159,1992-02-27,TRUE,domestic
122,130,Miller,3410000554,31,3.69,FALSE,Hoffman Estates,cub_fighter,16,60194,2575 W Golf Rd,42.0451202,-88.1430159,1992-03-05,FALSE,domestic
122,131,Miller,3410000554,11,3.69,FALSE,Hoffman Estates,cub_fighter,16,60194,2575 W Golf Rd,42.0451202,-88.1430159,1992-03-12,FALSE,domestic
122,132,Miller,3410000554,22,3.69,FALSE,Hoffman Estates,cub_fighter,16,60194,2575 W Golf Rd,42.0451202,-88.1430159,1992-03-19,FALSE,domestic
122,133,Miller,3410000554,36,3.69,FALSE,Hoffman Estates,cub_fighter,16,60194,2575 W Golf Rd,42.0451202,-88.1430159,1992-03-26,FALSE,domestic
122,134,Miller,3410000554,65,3.19,FALSE,Hoffman Estates,cub_fighter,16,60194,2575 W Golf Rd,42.0451202,-88.1430159,1992-04-02,FALSE,domestic
122,135,Miller,3410000554,64,3.19,FALSE,Hoffman Estates,cub_fighter,16,60194,2575 W Golf Rd,42.0451202,-88.1430159,1992-04-09,FALSE,domestic
122,136,Miller,3410000554,22,3.69,FALSE,Hoffman Estates,cub_fighter,16,60194,2575 W Golf Rd,42.0451202,-88.1430159,1992-04-16,TRUE,domestic
122,137,Miller,3410000554,15,3.69,FALSE,Hoffman Estates,cub_fighter,16,60194,2575 W Golf Rd,42.0451202,-88.1430159,1992-04-23,FALSE,domestic
122,138,Miller,3410000554,22,3.69,FALSE,Hoffman Estates,cub_fighter,16,60194,2575 W Golf Rd,42.0451202,-88.1430159,1992-04-30,FALSE,domestic
122,139,Miller,3410000554,26,3.69,FALSE,Hoffman Estates,cub_fighter,16,60194,2575 W Golf Rd,42.0451202,-88.1430159,1992-05-07,FALSE,domestic
122,140,Miller,3410000554,22,3.69,FALSE,Hoffman Estates,cub_fighter,16,60194,2575 W Golf Rd,42.0451202,-88.1430159,1992-05-14,FALSE,domestic
122,141,Miller,3410000554,15,3.69,FALSE,Hoffman Estates,cub_fighter,16,60194,2575 W Golf Rd,42.0451202,-88.1430159,1992-05-21,TRUE,domestic
122,142,Miller,3410000554,28,3.69,FALSE,Hoffman Estates,cub_fighter,16,60194,2575 W Golf Rd,42.0451202,-88.1430159,1992-05-28,TRUE,domestic
122,143,Miller,3410000554,32,3.69,FALSE,Hoffman Estates,cub_fighter,16,60194,2575 W Golf Rd,42.0451202,-88.1430159,1992-06-04,FALSE,domestic
122,144,Miller,3410000554,29,3.69,FALSE,Hoffman Estates,cub_fighter,16,60194,2575 W Golf Rd,42.0451202,-88.1430159,1992-06-11,FALSE,domestic
122,145,Miller,3410000554,26,3.69,FALSE,Hoffman Estates,cub_fighter,16,60194,2575 W Golf Rd,42.0451202,-88.1430159,1992-06-18,FALSE,domestic
122,146,Miller,3410000554,32,3.69,FALSE,Hoffman Estates,cub_fighter,16,60194,2575 W Golf Rd,42.0451202,-88.1430159,1992-06-25,FALSE,domestic
122,147,Miller,3410000554,14,3.69,FALSE,Hoffman Estates,cub_fighter,16,60194,2575 W Golf Rd,42.0451202,-88.1430159,1992-07-02,TRUE,domestic
122,148,Miller,3410000554,25,3.69,FALSE,Hoffman Estates,cub_fighter,16,60194,2575 W Golf Rd,42.0451202,-88.1430159,1992-07-09,FALSE,domestic
122,149,Miller,3410000554,24,3.69,FALSE,Hoffman Estates,cub_fighter,16,60194,2575 W Golf Rd,42.0451202,-88.1430159,1992-07-16,FALSE,domestic
122,150,Miller,3410000554,60,3.19,FALSE,Hoffman Estates,cub_fighter,16,60194,2575 W Golf Rd,42.0451202,-88.1430159,1992-07-23,FALSE,domestic
122,151,Miller,3410000554,132,2.79,TRUE,Hoffman Estates,cub_fighter,16,60194,2575 W Golf Rd,42.0451202,-88.1430159,1992-07-30,FALSE,domestic
122,152,Miller,3410000554,37,3.79,FALSE,Hoffman Estates,cub_fighter,16,60194,2575 W Golf Rd,42.0451202,-88.1430159,1992-08-06,FALSE,domestic
122,153,Miller,3410000554,32,3.79,FALSE,Hoffman Estates,cub_fighter,16,60194,2575 W Golf Rd,42.0451202,-88.1430159,1992-08-13,FALSE,domestic
122,154,Miller,3410000554,29,3.79,FALSE,Hoffman Estates,cub_fighter,16,60194,2575 W Golf Rd,42.0451202,-88.1430159,1992-08-20,FALSE,domestic
122,155,Miller,3410000554,24,3.79,FALSE,Hoffman Estates,cub_fighter,16,60194,2575 W Golf Rd,42.0451202,-88.1430159,1992-08-27,FALSE,domestic
122,156,Miller,3410000554,23,3.79,FALSE,Hoffman Estates,cub_fighter,16,60194,2575 W Golf Rd,42.0451202,-88.1430159,1992-09-03,TRUE,domestic
122,157,Miller,3410000554,65,2.99,FALSE,Hoffman Estates,cub_fighter,16,60194,2575 W Golf Rd,42.0451202,-88.1430159,1992-09-10,FALSE,domestic
122,158,Miller,3410000554,73,2.99,FALSE,Hoffman Estates,cub_fighter,16,60194,2575 W Golf Rd,42.0451202,-88.1430159,1992-09-17,FALSE,domestic
122,159,Miller,3410000554,19,3.89,FALSE,Hoffman Estates,cub_fighter,16,60194,2575 W Golf Rd,42.0451202,-88.1430159,1992-09-24,FALSE,domestic
122,160,Miller,3410000554,10,3.99,FALSE,Hoffman Estates,cub_fighter,16,60194,2575 W Golf Rd,42.0451202,-88.1430159,1992-10-01,FALSE,domestic
122,161,Miller,3410000554,25,3.99,FALSE,Hoffman Estates,cub_fighter,16,60194,2575 W Golf Rd,42.0451202,-88.1430159,1992-10-08,TRUE,domestic
122,162,Miller,3410000554,12,3.99,FALSE,Hoffman Estates,cub_fighter,16,60194,2575 W Golf Rd,42.0451202,-88.1430159,1992-10-15,FALSE,domestic
122,163,Miller,3410000554,14,3.99,FALSE,Hoffman Estates,cub_fighter,16,60194,2575 W Golf Rd,42.0451202,-88.1430159,1992-10-22,FALSE,domestic
122,164,Miller,3410000554,14,3.99,FALSE,Hoffman Estates,cub_fighter,16,60194,2575 W Golf Rd,42.0451202,-88.1430159,1992-10-29,TRUE,domestic
122,165,Miller,3410000554,18,3.99,FALSE,Hoffman Estates,cub_fighter,16,60194,2575 W Golf Rd,42.0451202,-88.1430159,1992-11-05,TRUE,domestic
122,166,Miller,3410000554,12,3.99,FALSE,Hoffman Estates,cub_fighter,16,60194,2575 W Golf Rd,42.0451202,-88.1430159,1992-11-12,FALSE,domestic
122,167,Miller,3410000554,14,3.99,FALSE,Hoffman Estates,cub_fighter,16,60194,2575 W Golf Rd,42.0451202,-88.1430159,1992-11-19,FALSE,domestic
122,168,Miller,3410000554,14,3.99,FALSE,Hoffman Estates,cub_fighter,16,60194,2575 W Golf Rd,42.0451202,-88.1430159,1992-11-26,TRUE,domestic
122,169,Miller,3410000554,34,3.19,FALSE,Hoffman Estates,cub_fighter,16,60194,2575 W Golf Rd,42.0451202,-88.1430159,1992-12-03,FALSE,domestic
122,170,Miller,3410000554,46,3.19,FALSE,Hoffman Estates,cub_fighter,16,60194,2575 W Golf Rd,42.0451202,-88.1430159,1992-12-10,FALSE,domestic
122,171,Miller,3410000554,19,3.99,FALSE,Hoffman Estates,cub_fighter,16,60194,2575 W Golf Rd,42.0451202,-88.1430159,1992-12-17,FALSE,domestic
122,172,Miller,3410000554,20,3.99,FALSE,Hoffman Estates,cub_fighter,16,60194,2575 W Golf Rd,42.0451202,-88.1430159,1992-12-24,TRUE,domestic
122,173,Miller,3410000554,10,3.99,FALSE,Hoffman Estates,cub_fighter,16,60194,2575 W Golf Rd,42.0451202,-88.1430159,1992-12-31,TRUE,domestic
122,174,Miller,3410000554,12,3.99,FALSE,Hoffman Estates,cub_fighter,16,60194,2575 W Golf Rd,42.0451202,-88.1430159,1993-01-07,FALSE,domestic
122,175,Miller,3410000554,20,3.99,FALSE,Hoffman Estates,cub_fighter,16,60194,2575 W Golf Rd,42.0451202,-88.1430159,1993-01-14,TRUE,domestic
122,176,Miller,3410000554,18,3.99,FALSE,Hoffman Estates,cub_fighter,16,60194,2575 W Golf Rd,42.0451202,-88.1430159,1993-01-21,FALSE,domestic
122,177,Miller,3410000554,14,3.99,FALSE,Hoffman Estates,cub_fighter,16,60194,2575 W Golf Rd,42.0451202,-88.1430159,1993-01-28,FALSE,domestic
122,178,Miller,3410000554,41,3.19,FALSE,Hoffman Estates,cub_fighter,16,60194,2575 W Golf Rd,42.0451202,-88.1430159,1993-02-04,FALSE,domestic
122,179,Miller,3410000554,14,3.99,FALSE,Hoffman Estates,cub_fighter,16,60194,2575 W Golf Rd,42.0451202,-88.1430159,1993-02-11,TRUE,domestic
122,180,Miller,3410000554,14,3.99,FALSE,Hoffman Estates,cub_fighter,16,60194,2575 W Golf Rd,42.0451202,-88.1430159,1993-02-18,TRUE,domestic
122,181,Miller,3410000554,43,3.19,TRUE,Hoffman Estates,cub_fighter,16,60194,2575 W Golf Rd,42.0451202,-88.1430159,1993-02-25,TRUE,domestic
122,182,Miller,3410000554,8,3.99,FALSE,Hoffman Estates,cub_fighter,16,60194,2575 W Golf Rd,42.0451202,-88.1430159,1993-03-04,FALSE,domestic
122,183,Miller,3410000554,14,3.99,FALSE,Hoffman Estates,cub_fighter,16,60194,2575 W Golf Rd,42.0451202,-88.1430159,1993-03-11,FALSE,domestic
122,184,Miller,3410000554,22,3.99,FALSE,Hoffman Estates,cub_fighter,16,60194,2575 W Golf Rd,42.0451202,-88.1430159,1993-03-18,FALSE,domestic
122,185,Miller,3410000554,46,3.49,FALSE,Hoffman Estates,cub_fighter,16,60194,2575 W Golf Rd,42.0451202,-88.1430159,1993-03-25,FALSE,domestic
122,186,Miller,3410000554,48,3.49,FALSE,Hoffman Estates,cub_fighter,16,60194,2575 W Golf Rd,42.0451202,-88.1430159,1993-04-01,FALSE,domestic
122,187,Miller,3410000554,31,3.99,FALSE,Hoffman Estates,cub_fighter,16,60194,2575 W Golf Rd,42.0451202,-88.1430159,1993-04-08,TRUE,domestic
122,188,Miller,3410000554,15,3.99,FALSE,Hoffman Estates,cub_fighter,16,60194,2575 W Golf Rd,42.0451202,-88.1430159,1993-04-15,FALSE,domestic
122,189,Miller,3410000554,23,3.99,FALSE,Hoffman Estates,cub_fighter,16,60194,2575 W Golf Rd,42.0451202,-88.1430159,1993-04-22,FALSE,domestic
122,190,Miller,3410000554,21,3.99,FALSE,Hoffman Estates,cub_fighter,16,60194,2575 W Golf Rd,42.0451202,-88.1430159,1993-04-29,FALSE,domestic
122,191,Miller,3410000554,12,3.99,FALSE,Hoffman Estates,cub_fighter,16,60194,2575 W Golf Rd,42.0451202,-88.1430159,1993-05-06,FALSE,domestic
122,192,Miller,3410000554,18,3.99,FALSE,Hoffman Estates,cub_fighter,16,60194,2575 W Golf Rd,42.0451202,-88.1430159,1993-05-13,FALSE,domestic
122,193,Miller,3410000554,11,3.99,FALSE,Hoffman Estates,cub_fighter,16,60194,2575 W Golf Rd,42.0451202,-88.1430159,1993-05-20,FALSE,domestic
122,194,Miller,3410000554,32,3.99,FALSE,Hoffman Estates,cub_fighter,16,60194,2575 W Golf Rd,42.0451202,-88.1430159,1993-05-27,TRUE,domestic
122,195,Miller,3410000554,242,3.19,FALSE,Hoffman Estates,cub_fighter,16,60194,2575 W Golf Rd,42.0451202,-88.1430159,1993-06-03,FALSE,domestic
122,196,Miller,3410000554,94,3.19,FALSE,Hoffman Estates,cub_fighter,16,60194,2575 W Golf Rd,42.0451202,-88.1430159,1993-06-10,FALSE,domestic
122,197,Miller,3410000554,20,3.99,FALSE,Hoffman Estates,cub_fighter,16,60194,2575 W Golf Rd,42.0451202,-88.1430159,1993-06-17,FALSE,domestic
122,198,Miller,3410000554,15,3.93,FALSE,Hoffman Estates,cub_fighter,16,60194,2575 W Golf Rd,42.0451202,-88.1430159,1993-06-24,FALSE,domestic
122,199,Miller,3410000554,22,3.59,FALSE,Hoffman Estates,cub_fighter,16,60194,2575 W Golf Rd,42.0451202,-88.1430159,1993-07-01,TRUE,domestic
122,200,Miller,3410000554,82,3.09,FALSE,Hoffman Estates,cub_fighter,16,60194,2575 W Golf Rd,42.0451202,-88.1430159,1993-07-08,FALSE,domestic
122,201,Miller,3410000554,76,3.09,FALSE,Hoffman Estates,cub_fighter,16,60194,2575 W Golf Rd,42.0451202,-88.1430159,1993-07-15,FALSE,domestic
122,202,Miller,3410000554,25,3.79,FALSE,Hoffman Estates,cub_fighter,16,60194,2575 W Golf Rd,42.0451202,-88.1430159,1993-07-22,FALSE,domestic
122,203,Miller,3410000554,28,3.79,FALSE,Hoffman Estates,cub_fighter,16,60194,2575 W Golf Rd,42.0451202,-88.1430159,1993-07-29,FALSE,domestic
122,204,Miller,3410000554,20,3.79,FALSE,Hoffman Estates,cub_fighter,16,60194,2575 W Golf Rd,42.0451202,-88.1430159,1993-08-05,FALSE,domestic
122,205,Miller,3410000554,32,3.79,FALSE,Hoffman Estates,cub_fighter,16,60194,2575 W Golf Rd,42.0451202,-88.1430159,1993-08-12,FALSE,domestic
122,206,Miller,3410000554,28,3.79,FALSE,Hoffman Estates,cub_fighter,16,60194,2575 W Golf Rd,42.0451202,-88.1430159,1993-08-19,FALSE,domestic
122,207,Miller,3410000554,26,3.79,FALSE,Hoffman Estates,cub_fighter,16,60194,2575 W Golf Rd,42.0451202,-88.1430159,1993-08-26,FALSE,domestic
122,208,Miller,3410000554,26,3.79,FALSE,Hoffman Estates,cub_fighter,16,60194,2575 W Golf Rd,42.0451202,-88.1430159,1993-09-02,TRUE,domestic
122,209,Miller,3410000554,8,3.79,FALSE,Hoffman Estates,cub_fighter,16,60194,2575 W Golf Rd,42.0451202,-88.1430159,1993-09-09,FALSE,domestic
122,211,Miller,3410000554,12,3.79,FALSE,Hoffman Estates,cub_fighter,16,60194,2575 W Golf Rd,42.0451202,-88.1430159,1993-09-23,FALSE,domestic
122,212,Miller,3410000554,23,3.79,FALSE,Hoffman Estates,cub_fighter,16,60194,2575 W Golf Rd,42.0451202,-88.1430159,1993-09-30,FALSE,domestic
122,213,Miller,3410000554,24,3.79,FALSE,Hoffman Estates,cub_fighter,16,60194,2575 W Golf Rd,42.0451202,-88.1430159,1993-10-07,TRUE,domestic
122,214,Miller,3410000554,10,3.79,FALSE,Hoffman Estates,cub_fighter,16,60194,2575 W Golf Rd,42.0451202,-88.1430159,1993-10-14,FALSE,domestic
122,215,Miller,3410000554,14,3.79,FALSE,Hoffman Estates,cub_fighter,16,60194,2575 W Golf Rd,42.0451202,-88.1430159,1993-10-21,FALSE,domestic
122,216,Miller,3410000554,10,3.79,FALSE,Hoffman Estates,cub_fighter,16,60194,2575 W Golf Rd,42.0451202,-88.1430159,1993-10-28,TRUE,domestic
122,217,Miller,3410000554,58,3.19,FALSE,Hoffman Estates,cub_fighter,16,60194,2575 W Golf Rd,42.0451202,-88.1430159,1993-11-04,FALSE,domestic
122,218,Miller,3410000554,28,3.19,FALSE,Hoffman Estates,cub_fighter,16,60194,2575 W Golf Rd,42.0451202,-88.1430159,1993-11-11,TRUE,domestic
122,220,Miller,3410000554,15,3.79,FALSE,Hoffman Estates,cub_fighter,16,60194,2575 W Golf Rd,42.0451202,-88.1430159,1993-11-25,TRUE,domestic
122,221,Miller,3410000554,7,3.79,FALSE,Hoffman Estates,cub_fighter,16,60194,2575 W Golf Rd,42.0451202,-88.1430159,1993-12-02,FALSE,domestic
122,222,Miller,3410000554,19,3.79,FALSE,Hoffman Estates,cub_fighter,16,60194,2575 W Golf Rd,42.0451202,-88.1430159,1993-12-09,FALSE,domestic
122,223,Miller,3410000554,15,3.79,FALSE,Hoffman Estates,cub_fighter,16,60194,2575 W Golf Rd,42.0451202,-88.1430159,1993-12-16,FALSE,domestic
